Archive member included to satisfy reference by file (symbol)

C:/psyq/nolibgs_hello_worlds/psyq/lib\libapi.a(a36.o)
                              main.o (EnterCriticalSection)
C:/psyq/nolibgs_hello_worlds/psyq/lib\libapi.a(a37.o)
                              main.o (ExitCriticalSection)
C:/psyq/nolibgs_hello_worlds/psyq/lib\libapi.a(a91.o)
                              input.o (ChangeClearPAD)
C:/psyq/nolibgs_hello_worlds/psyq/lib\libapi.a(c160.o)
                              input.o (_boot)
C:/psyq/nolibgs_hello_worlds/psyq/lib\libapi.a(c57.o)
                              main.o (InitHeap)
C:/psyq/nolibgs_hello_worlds/psyq/lib\libapi.a(pad.o)
                              input.o (InitPAD)
C:/psyq/nolibgs_hello_worlds/psyq/lib\libapi.a(patch.o)
                              C:/psyq/nolibgs_hello_worlds/psyq/lib\libapi.a(pad.o) (_patch_pad)
C:/psyq/nolibgs_hello_worlds/psyq/lib\libapi.a(a18.o)
                              C:/psyq/nolibgs_hello_worlds/psyq/lib\libapi.a(pad.o) (InitPAD2)
C:/psyq/nolibgs_hello_worlds/psyq/lib\libapi.a(a19.o)
                              C:/psyq/nolibgs_hello_worlds/psyq/lib\libapi.a(pad.o) (StartPAD2)
C:/psyq/nolibgs_hello_worlds/psyq/lib\libapi.a(a21.o)
                              C:/psyq/nolibgs_hello_worlds/psyq/lib\libapi.a(pad.o) (PAD_init2)
C:/psyq/nolibgs_hello_worlds/psyq/lib\libapi.a(c68.o)
                              C:/psyq/nolibgs_hello_worlds/psyq/lib\libapi.a(patch.o) (FlushCache)
C:/psyq/nolibgs_hello_worlds/psyq/lib\libapi.a(chclrpad.o)
                              C:/psyq/nolibgs_hello_worlds/psyq/lib\libapi.a(pad.o) (_remove_ChgclrPAD)
C:/psyq/nolibgs_hello_worlds/psyq/lib\libapi.a(l02.o)
                              C:/psyq/nolibgs_hello_worlds/psyq/lib\libapi.a(pad.o) (SysEnqIntRP)
C:/psyq/nolibgs_hello_worlds/psyq/lib\libapi.a(l03.o)
                              C:/psyq/nolibgs_hello_worlds/psyq/lib\libapi.a(pad.o) (SysDeqIntRP)
C:/psyq/nolibgs_hello_worlds/psyq/lib\libc.a(c42.o)
                              input.o (memcpy)
C:/psyq/nolibgs_hello_worlds/psyq/lib\libc.a(c43.o)
                              testSuite.o (memset)
C:/psyq/nolibgs_hello_worlds/psyq/lib\libc.a(c51.o)
                              cd.o (malloc)
C:/psyq/nolibgs_hello_worlds/psyq/lib\libc.a(c52.o)
                              menu.o (free)
C:/psyq/nolibgs_hello_worlds/psyq/lib\libc.a(c63.o)
                              cd.o (printf)
C:/psyq/nolibgs_hello_worlds/psyq/lib\libetc.a(vmode.o)
                              display.o (SetVideoMode)
C:/psyq/nolibgs_hello_worlds/psyq/lib\libetc.a(vsync.o)
                              main.o (VSync)
C:/psyq/nolibgs_hello_worlds/psyq/lib\libetc.a(intr_vb.o)
                              C:/psyq/nolibgs_hello_worlds/psyq/lib\libetc.a(vsync.o) (Vcount)
C:/psyq/nolibgs_hello_worlds/psyq/lib\libetc.a(intr.o)
                              C:/psyq/nolibgs_hello_worlds/psyq/lib\libetc.a(intr_vb.o) (InterruptCallback)
C:/psyq/nolibgs_hello_worlds/psyq/lib\libetc.a(intr_dma.o)
                              C:/psyq/nolibgs_hello_worlds/psyq/lib\libetc.a(intr.o) (startIntrDMA)
C:/psyq/nolibgs_hello_worlds/psyq/lib\libgpu.a(e03.o)
                              display.o (SetDefDrawEnv)
C:/psyq/nolibgs_hello_worlds/psyq/lib\libgpu.a(e04.o)
                              main.o (SetDefDispEnv)
C:/psyq/nolibgs_hello_worlds/psyq/lib\libgpu.a(font.o)
                              menu.o (FntFlush)
C:/psyq/nolibgs_hello_worlds/psyq/lib\libgpu.a(p06.o)
                              C:/psyq/nolibgs_hello_worlds/psyq/lib\libgpu.a(font.o) (AddPrim)
C:/psyq/nolibgs_hello_worlds/psyq/lib\libgpu.a(p09.o)
                              C:/psyq/nolibgs_hello_worlds/psyq/lib\libgpu.a(font.o) (TermPrim)
C:/psyq/nolibgs_hello_worlds/psyq/lib\libgpu.a(p10.o)
                              C:/psyq/nolibgs_hello_worlds/psyq/lib\libgpu.a(font.o) (SetSemiTrans)
C:/psyq/nolibgs_hello_worlds/psyq/lib\libgpu.a(p20.o)
                              C:/psyq/nolibgs_hello_worlds/psyq/lib\libgpu.a(font.o) (SetSprt8)
C:/psyq/nolibgs_hello_worlds/psyq/lib\libgpu.a(p26.o)
                              C:/psyq/nolibgs_hello_worlds/psyq/lib\libgpu.a(font.o) (SetTile)
C:/psyq/nolibgs_hello_worlds/psyq/lib\libgpu.a(p41.o)
                              C:/psyq/nolibgs_hello_worlds/psyq/lib\libgpu.a(font.o) (SetDrawMode)
C:/psyq/nolibgs_hello_worlds/psyq/lib\libgpu.a(sys.o)
                              main.o (LoadImage)
C:/psyq/nolibgs_hello_worlds/psyq/lib\libgpu.a(t00.o)
                              display.o (ReadTIM)
C:/psyq/nolibgs_hello_worlds/psyq/lib\libgpu.a(e00.o)
                              C:/psyq/nolibgs_hello_worlds/psyq/lib\libgpu.a(font.o) (LoadTPage)
C:/psyq/nolibgs_hello_worlds/psyq/lib\libgpu.a(e02.o)
                              C:/psyq/nolibgs_hello_worlds/psyq/lib\libgpu.a(font.o) (LoadClut2)
C:/psyq/nolibgs_hello_worlds/psyq/lib\libgpu.a(p00.o)
                              C:/psyq/nolibgs_hello_worlds/psyq/lib\libgpu.a(e00.o) (GetTPage)
C:/psyq/nolibgs_hello_worlds/psyq/lib\libgpu.a(p01.o)
                              C:/psyq/nolibgs_hello_worlds/psyq/lib\libgpu.a(e02.o) (GetClut)
C:/psyq/nolibgs_hello_worlds/psyq/lib\libgte.a(cmb_06.o)
                              display.o (RotAverageNclip3)
C:/psyq/nolibgs_hello_worlds/psyq/lib\libgte.a(cmb_07.o)
                              display.o (RotAverageNclip4)
C:/psyq/nolibgs_hello_worlds/psyq/lib\libgte.a(cor_02.o)
                              input.o (ccos)
C:/psyq/nolibgs_hello_worlds/psyq/lib\libgte.a(cor_03.o)
                              input.o (csin)
C:/psyq/nolibgs_hello_worlds/psyq/lib\libgte.a(fgo_01.o)
                              display.o (RotMatrix)
C:/psyq/nolibgs_hello_worlds/psyq/lib\libgte.a(msc00.o)
                              main.o (InitGeom)
C:/psyq/nolibgs_hello_worlds/psyq/lib\libgte.a(msc02.o)
                              lookat.o (VectorNormalS)
C:/psyq/nolibgs_hello_worlds/psyq/lib\libgte.a(mtx_004.o)
                              testSuite.o (ApplyMatrixLV)
C:/psyq/nolibgs_hello_worlds/psyq/lib\libgte.a(mtx_006.o)
                              display.o (PushMatrix)
C:/psyq/nolibgs_hello_worlds/psyq/lib\libgte.a(mtx_00c.o)
                              display.o (CompMatrixLV)
C:/psyq/nolibgs_hello_worlds/psyq/lib\libgte.a(mtx_07.o)
                              display.o (TransMatrix)
C:/psyq/nolibgs_hello_worlds/psyq/lib\libgte.a(mtx_09.o)
                              display.o (SetRotMatrix)
C:/psyq/nolibgs_hello_worlds/psyq/lib\libgte.a(mtx_12.o)
                              display.o (SetTransMatrix)
C:/psyq/nolibgs_hello_worlds/psyq/lib\libgte.a(patchgte.o)
                              C:/psyq/nolibgs_hello_worlds/psyq/lib\libgte.a(msc00.o) (_patch_gte)
C:/psyq/nolibgs_hello_worlds/psyq/lib\libgte.a(cor_01.o)
                              C:/psyq/nolibgs_hello_worlds/psyq/lib\libgte.a(cor_02.o) (csincos)
C:/psyq/nolibgs_hello_worlds/psyq/lib\libgte.a(cstbl.o)
                              C:/psyq/nolibgs_hello_worlds/psyq/lib\libgte.a(fgo_01.o) (rcossin_tbl)
C:/psyq/nolibgs_hello_worlds/psyq/lib\libpress.a(libpress.o)
                              main.o (DecDCToutCallback)
C:/psyq/nolibgs_hello_worlds/psyq/lib\libpress.a(vlc.o)
                              main.o (DecDCTvlc)
C:/psyq/nolibgs_hello_worlds/psyq/lib\libpress.a(table.o)
                              C:/psyq/nolibgs_hello_worlds/psyq/lib\libpress.a(vlc.o) (CF_DVLC)
C:/psyq/nolibgs_hello_worlds/psyq/lib\libspu.a(s_i.o)
                              main.o (SpuInit)
C:/psyq/nolibgs_hello_worlds/psyq/lib\libspu.a(s_ini.o)
                              C:/psyq/nolibgs_hello_worlds/psyq/lib\libspu.a(s_i.o) (_SpuInit)
C:/psyq/nolibgs_hello_worlds/psyq/lib\libspu.a(s_m.o)
                              C:/psyq/nolibgs_hello_worlds/psyq/lib\libspu.a(s_ini.o) (_spu_memList)
C:/psyq/nolibgs_hello_worlds/psyq/lib\libspu.a(s_rmp0.o)
                              C:/psyq/nolibgs_hello_worlds/psyq/lib\libspu.a(s_ini.o) (_spu_rev_startaddr)
C:/psyq/nolibgs_hello_worlds/psyq/lib\libspu.a(s_sca.o)
                              main.o (SpuSetCommonAttr)
C:/psyq/nolibgs_hello_worlds/psyq/lib\libspu.a(s_stm.o)
                              main.o (SpuSetTransferMode)
C:/psyq/nolibgs_hello_worlds/psyq/lib\libspu.a(spu.o)
                              C:/psyq/nolibgs_hello_worlds/psyq/lib\libspu.a(s_ini.o) (_spu_FiDMA)
C:/psyq/nolibgs_hello_worlds/psyq/lib\libspu.a(s_dcb.o)
                              C:/psyq/nolibgs_hello_worlds/psyq/lib\libspu.a(s_ini.o) (_SpuDataCallback)
C:/psyq/nolibgs_hello_worlds/psyq/lib\libcd.a(c_003.o)
                              main.o (StUnSetRing)
C:/psyq/nolibgs_hello_worlds/psyq/lib\libcd.a(c_005.o)
                              main.o (StSetStream)
C:/psyq/nolibgs_hello_worlds/psyq/lib\libcd.a(c_007.o)
                              main.o (StFreeRing)
C:/psyq/nolibgs_hello_worlds/psyq/lib\libcd.a(c_009.o)
                              main.o (StGetNext)
C:/psyq/nolibgs_hello_worlds/psyq/lib\libcd.a(c_010.o)
                              C:/psyq/nolibgs_hello_worlds/psyq/lib\libcd.a(c_005.o) (StSetMask)
C:/psyq/nolibgs_hello_worlds/psyq/lib\libcd.a(c_011.o)
                              main.o (StCdInterrupt)
C:/psyq/nolibgs_hello_worlds/psyq/lib\libcd.a(cdr_1.o)
                              cd.o (CdReadSync)
C:/psyq/nolibgs_hello_worlds/psyq/lib\libcd.a(cdread2.o)
                              main.o (CdRead2)
C:/psyq/nolibgs_hello_worlds/psyq/lib\libcd.a(cdrom.o)
                              C:/psyq/nolibgs_hello_worlds/psyq/lib\libcd.a(c_005.o) (Stsector_offset)
C:/psyq/nolibgs_hello_worlds/psyq/lib\libcd.a(event.o)
                              main.o (CdInit)
C:/psyq/nolibgs_hello_worlds/psyq/lib\libcd.a(iso9660.o)
                              main.o (CdSearchFile)
C:/psyq/nolibgs_hello_worlds/psyq/lib\libcd.a(s_002.o)
                              C:/psyq/nolibgs_hello_worlds/psyq/lib\libcd.a(iso9660.o) (CdIntToPos)
C:/psyq/nolibgs_hello_worlds/psyq/lib\libcd.a(s_003.o)
                              C:/psyq/nolibgs_hello_worlds/psyq/lib\libcd.a(cdr_1.o) (CdStatus)
C:/psyq/nolibgs_hello_worlds/psyq/lib\libcd.a(s_004.o)
                              C:/psyq/nolibgs_hello_worlds/psyq/lib\libcd.a(cdr_1.o) (CdMode)
C:/psyq/nolibgs_hello_worlds/psyq/lib\libcd.a(s_006.o)
                              C:/psyq/nolibgs_hello_worlds/psyq/lib\libcd.a(cdr_1.o) (CdLastPos)
C:/psyq/nolibgs_hello_worlds/psyq/lib\libcd.a(s_008.o)
                              C:/psyq/nolibgs_hello_worlds/psyq/lib\libcd.a(cdr_1.o) (CdFlush)
C:/psyq/nolibgs_hello_worlds/psyq/lib\libcd.a(s_013.o)
                              C:/psyq/nolibgs_hello_worlds/psyq/lib\libcd.a(c_011.o) (CdReady)
C:/psyq/nolibgs_hello_worlds/psyq/lib\libcd.a(s_014.o)
                              C:/psyq/nolibgs_hello_worlds/psyq/lib\libcd.a(cdr_1.o) (CdSyncCallback)
C:/psyq/nolibgs_hello_worlds/psyq/lib\libcd.a(s_015.o)
                              C:/psyq/nolibgs_hello_worlds/psyq/lib\libcd.a(c_003.o) (CdReadyCallback)
C:/psyq/nolibgs_hello_worlds/psyq/lib\libcd.a(s_016.o)
                              main.o (CdControl)
C:/psyq/nolibgs_hello_worlds/psyq/lib\libcd.a(s_021.o)
                              C:/psyq/nolibgs_hello_worlds/psyq/lib\libcd.a(cdr_1.o) (CdGetSector)
C:/psyq/nolibgs_hello_worlds/psyq/lib\libcd.a(s_022.o)
                              C:/psyq/nolibgs_hello_worlds/psyq/lib\libcd.a(cdr_1.o) (CdGetSector2)
C:/psyq/nolibgs_hello_worlds/psyq/lib\libcd.a(s_023.o)
                              C:/psyq/nolibgs_hello_worlds/psyq/lib\libcd.a(c_003.o) (CdDataCallback)
C:/psyq/nolibgs_hello_worlds/psyq/lib\libcd.a(s_024.o)
                              C:/psyq/nolibgs_hello_worlds/psyq/lib\libcd.a(cdr_1.o) (CdDataSync)
C:/psyq/nolibgs_hello_worlds/psyq/lib\libcd.a(sys.o)
                              C:/psyq/nolibgs_hello_worlds/psyq/lib\libcd.a(cdr_1.o) (CdPosToInt)
C:/psyq/nolibgs_hello_worlds/psyq/lib\libcd.a(bios_1.o)
                              C:/psyq/nolibgs_hello_worlds/psyq/lib\libcd.a(event.o) (CD_cbready)
C:/psyq/nolibgs_hello_worlds/psyq/lib\libcd.a(bios_2.o)
                              C:/psyq/nolibgs_hello_worlds/psyq/lib\libcd.a(s_021.o) (CD_getsector)
C:/psyq/nolibgs_hello_worlds/psyq/lib\libcd.a(bios_3.o)
                              C:/psyq/nolibgs_hello_worlds/psyq/lib\libcd.a(s_022.o) (CD_getsector2)
C:/psyq/nolibgs_hello_worlds/psyq/lib\libcd.a(c_002.o)
                              C:/psyq/nolibgs_hello_worlds/psyq/lib\libcd.a(cdrom.o) (StClearRing)
C:/psyq/nolibgs_hello_worlds/psyq/lib\libcd.a(c_004.o)
                              C:/psyq/nolibgs_hello_worlds/psyq/lib\libcd.a(c_011.o) (data_ready_callback)
C:/psyq/nolibgs_hello_worlds/psyq/lib\libcd.a(c_008.o)
                              C:/psyq/nolibgs_hello_worlds/psyq/lib\libcd.a(c_011.o) (init_ring_status)
C:/psyq/nolibgs_hello_worlds/psyq/lib\libapi.a(a07.o)
                              C:/psyq/nolibgs_hello_worlds/psyq/lib\libspu.a(spu.o) (DeliverEvent)
C:/psyq/nolibgs_hello_worlds/psyq/lib\libapi.a(a08.o)
                              C:/psyq/nolibgs_hello_worlds/psyq/lib\libspu.a(s_ini.o) (OpenEvent)
C:/psyq/nolibgs_hello_worlds/psyq/lib\libapi.a(a12.o)
                              C:/psyq/nolibgs_hello_worlds/psyq/lib\libspu.a(s_ini.o) (EnableEvent)
C:/psyq/nolibgs_hello_worlds/psyq/lib\libapi.a(a23.o)
                              C:/psyq/nolibgs_hello_worlds/psyq/lib\libetc.a(intr.o) (ReturnFromException)
C:/psyq/nolibgs_hello_worlds/psyq/lib\libapi.a(a24.o)
                              C:/psyq/nolibgs_hello_worlds/psyq/lib\libetc.a(intr.o) (ResetEntryInt)
C:/psyq/nolibgs_hello_worlds/psyq/lib\libapi.a(a25.o)
                              C:/psyq/nolibgs_hello_worlds/psyq/lib\libetc.a(intr.o) (HookEntryInt)
C:/psyq/nolibgs_hello_worlds/psyq/lib\libapi.a(c114.o)
                              C:/psyq/nolibgs_hello_worlds/psyq/lib\libetc.a(intr.o) (_96_remove)
C:/psyq/nolibgs_hello_worlds/psyq/lib\libapi.a(c73.o)
                              C:/psyq/nolibgs_hello_worlds/psyq/lib\libgpu.a(sys.o) (GPU_cw)
C:/psyq/nolibgs_hello_worlds/psyq/lib\libapi.a(l10.o)
                              C:/psyq/nolibgs_hello_worlds/psyq/lib\libetc.a(vsync.o) (ChangeClearRCnt)
C:/psyq/nolibgs_hello_worlds/psyq/lib\libc.a(a63.o)
                              C:/psyq/nolibgs_hello_worlds/psyq/lib\libetc.a(vsync.o) (puts)
C:/psyq/nolibgs_hello_worlds/psyq/lib\libc.a(c19.o)
                              C:/psyq/nolibgs_hello_worlds/psyq/lib\libetc.a(intr.o) (setjmp)
C:/psyq/nolibgs_hello_worlds/psyq/lib\libc.a(c23.o)
                              C:/psyq/nolibgs_hello_worlds/psyq/lib\libcd.a(iso9660.o) (strcmp)
C:/psyq/nolibgs_hello_worlds/psyq/lib\libc.a(c24.o)
                              C:/psyq/nolibgs_hello_worlds/psyq/lib\libcd.a(iso9660.o) (strncmp)
C:/psyq/nolibgs_hello_worlds/psyq/lib\libc.a(c27.o)
                              C:/psyq/nolibgs_hello_worlds/psyq/lib\libgpu.a(font.o) (strlen)
C:/psyq/nolibgs_hello_worlds/psyq/lib\libds.a(dscb_2.o)
                              C:/psyq/nolibgs_hello_worlds/psyq/lib\libcd.a(c_003.o) (DsReadyCallback)
C:/psyq/nolibgs_hello_worlds/psyq/lib\libds.a(dscb_4.o)
                              C:/psyq/nolibgs_hello_worlds/psyq/lib\libcd.a(c_003.o) (DsDataCallback)
C:/psyq/nolibgs_hello_worlds/psyq/lib\libds.a(dscb.o)
                              C:/psyq/nolibgs_hello_worlds/psyq/lib\libds.a(dscb_2.o) (GlobalCallback)

Discarded input sections

 .text          0x0000000000000000        0x0 main.o
 .data          0x0000000000000000       0x2c main.o
 .MIPS.abiflags
                0x0000000000000000       0x18 main.o
 .pdr           0x0000000000000000       0xc0 main.o
 .text.strCallback
                0x0000000000000000      0x108 main.o
 .text.strNextVlc.constprop.0
                0x0000000000000000      0x1c4 main.o
 .text.strDoPlayback
                0x0000000000000000      0x38c main.o
 .text.PlayStr  0x0000000000000000       0x64 main.o
 .sbss          0x0000000000000000       0x20 main.o
 .text          0x0000000000000000        0x0 cd.o
 .data          0x0000000000000000        0x0 cd.o
 .bss           0x0000000000000000        0x0 cd.o
 .reginfo       0x0000000000000000       0x18 cd.o
 .MIPS.abiflags
                0x0000000000000000       0x18 cd.o
 .pdr           0x0000000000000000       0x60 cd.o
 .text          0x0000000000000000        0x0 display.o
 .data          0x0000000000000000        0x0 display.o
 .reginfo       0x0000000000000000       0x18 display.o
 .MIPS.abiflags
                0x0000000000000000       0x18 display.o
 .pdr           0x0000000000000000      0x140 display.o
 .text.disp_DrawSprite8
                0x0000000000000000       0xc4 display.o
 .text.disp_DrawBack
                0x0000000000000000       0x74 display.o
 .text          0x0000000000000000        0x0 gameflow.o
 .data          0x0000000000000000        0x0 gameflow.o
 .bss           0x0000000000000000        0x0 gameflow.o
 .reginfo       0x0000000000000000       0x18 gameflow.o
 .MIPS.abiflags
                0x0000000000000000       0x18 gameflow.o
 .pdr           0x0000000000000000       0x20 gameflow.o
 .text          0x0000000000000000        0x0 input.o
 .data          0x0000000000000000        0x0 input.o
 .reginfo       0x0000000000000000       0x18 input.o
 .MIPS.abiflags
                0x0000000000000000       0x18 input.o
 .pdr           0x0000000000000000       0xa0 input.o
 .text          0x0000000000000000        0x0 menu.o
 .data          0x0000000000000000        0x0 menu.o
 .reginfo       0x0000000000000000       0x18 menu.o
 .MIPS.abiflags
                0x0000000000000000       0x18 menu.o
 .pdr           0x0000000000000000       0x60 menu.o
 .text          0x0000000000000000        0x0 ui.o
 .data          0x0000000000000000        0x0 ui.o
 .bss           0x0000000000000000        0x0 ui.o
 .reginfo       0x0000000000000000       0x18 ui.o
 .MIPS.abiflags
                0x0000000000000000       0x18 ui.o
 .pdr           0x0000000000000000       0x80 ui.o
 .text.ui_DrawSprite
                0x0000000000000000       0x14 ui.o
 .text.ui_SetTPage
                0x0000000000000000       0x14 ui.o
 .text          0x0000000000000000        0x0 testSuite.o
 .reginfo       0x0000000000000000       0x18 testSuite.o
 .MIPS.abiflags
                0x0000000000000000       0x18 testSuite.o
 .pdr           0x0000000000000000      0x1a0 testSuite.o
 .text          0x0000000000000000        0x0 clip.o
 .data          0x0000000000000000        0x0 clip.o
 .bss           0x0000000000000000        0x0 clip.o
 .reginfo       0x0000000000000000       0x18 clip.o
 .MIPS.abiflags
                0x0000000000000000       0x18 clip.o
 .pdr           0x0000000000000000       0x60 clip.o
 .text          0x0000000000000000        0x0 gte.o
 .data          0x0000000000000000        0x0 gte.o
 .bss           0x0000000000000000        0x0 gte.o
 .reginfo       0x0000000000000000       0x18 gte.o
 .MIPS.abiflags
                0x0000000000000000       0x18 gte.o
 .pdr           0x0000000000000000        0x0 gte.o
 .mdebug.abi32  0x0000000000000000        0x0 gte.o
 .debug_info    0x0000000000000000       0xbc gte.o
 .debug_abbrev  0x0000000000000000       0x65 gte.o
 .debug_aranges
                0x0000000000000000       0x18 gte.o
 .debug_line    0x0000000000000000       0x5e gte.o
 .debug_str     0x0000000000000000      0x1ac gte.o
 .comment       0x0000000000000000       0x13 gte.o
 .gnu.attributes
                0x0000000000000000       0x10 gte.o
 .text          0x0000000000000000        0x0 lookat.o
 .data          0x0000000000000000        0x0 lookat.o
 .bss           0x0000000000000000        0x0 lookat.o
 .reginfo       0x0000000000000000       0x18 lookat.o
 .MIPS.abiflags
                0x0000000000000000       0x18 lookat.o
 .pdr           0x0000000000000000       0x40 lookat.o
 .mdebug.abi32  0x0000000000000000        0x0 lookat.o
 .text.crossProduct
                0x0000000000000000       0xa0 lookat.o
 .text.LookAt   0x0000000000000000      0x128 lookat.o
 .debug_info    0x0000000000000000      0x343 lookat.o
 .debug_abbrev  0x0000000000000000      0x138 lookat.o
 .debug_loclists
                0x0000000000000000       0x9f lookat.o
 .debug_aranges
                0x0000000000000000       0x28 lookat.o
 .debug_rnglists
                0x0000000000000000       0x1b lookat.o
 .debug_line    0x0000000000000000      0x1b6 lookat.o
 .debug_str     0x0000000000000000      0x1d7 lookat.o
 .comment       0x0000000000000000       0x13 lookat.o
 .debug_frame   0x0000000000000000       0x48 lookat.o
 .gnu.attributes
                0x0000000000000000       0x10 lookat.o
 .text          0x0000000000000000        0x0 C:/psyq/nolibgs_hello_worlds/thirdparty/nugget/common/crt0/crt0.o
 .data          0x0000000000000000        0x0 C:/psyq/nolibgs_hello_worlds/thirdparty/nugget/common/crt0/crt0.o
 .bss           0x0000000000000000        0x0 C:/psyq/nolibgs_hello_worlds/thirdparty/nugget/common/crt0/crt0.o
 .reginfo       0x0000000000000000       0x18 C:/psyq/nolibgs_hello_worlds/thirdparty/nugget/common/crt0/crt0.o
 .MIPS.abiflags
                0x0000000000000000       0x18 C:/psyq/nolibgs_hello_worlds/thirdparty/nugget/common/crt0/crt0.o
 .text          0x0000000000000000        0x0 C:/psyq/nolibgs_hello_worlds/thirdparty/nugget/common/syscalls/printf.o
 .data          0x0000000000000000        0x0 C:/psyq/nolibgs_hello_worlds/thirdparty/nugget/common/syscalls/printf.o
 .bss           0x0000000000000000        0x0 C:/psyq/nolibgs_hello_worlds/thirdparty/nugget/common/syscalls/printf.o
 .reginfo       0x0000000000000000       0x18 C:/psyq/nolibgs_hello_worlds/thirdparty/nugget/common/syscalls/printf.o
 .MIPS.abiflags
                0x0000000000000000       0x18 C:/psyq/nolibgs_hello_worlds/thirdparty/nugget/common/syscalls/printf.o
 .pdr           0x0000000000000000        0x0 C:/psyq/nolibgs_hello_worlds/thirdparty/nugget/common/syscalls/printf.o
 .ramtext       0x0000000000000000        0xc C:/psyq/nolibgs_hello_worlds/thirdparty/nugget/common/syscalls/printf.o
 .debug_line    0x0000000000000000       0x4b C:/psyq/nolibgs_hello_worlds/thirdparty/nugget/common/syscalls/printf.o
 .debug_line_str
                0x0000000000000000       0x90 C:/psyq/nolibgs_hello_worlds/thirdparty/nugget/common/syscalls/printf.o
 .debug_info    0x0000000000000000       0x24 C:/psyq/nolibgs_hello_worlds/thirdparty/nugget/common/syscalls/printf.o
 .debug_abbrev  0x0000000000000000       0x14 C:/psyq/nolibgs_hello_worlds/thirdparty/nugget/common/syscalls/printf.o
 .debug_aranges
                0x0000000000000000       0x20 C:/psyq/nolibgs_hello_worlds/thirdparty/nugget/common/syscalls/printf.o
 .debug_str     0x0000000000000000       0x3e C:/psyq/nolibgs_hello_worlds/thirdparty/nugget/common/syscalls/printf.o
 .gnu.attributes
                0x0000000000000000       0x10 C:/psyq/nolibgs_hello_worlds/thirdparty/nugget/common/syscalls/printf.o
 .data          0x0000000000000000      0x1a0 C:/psyq/nolibgs_hello_worlds/psyq/lib\libgte.a(msc02.o)
 .text          0x0000000000000000      0x2b0 C:/psyq/nolibgs_hello_worlds/psyq/lib\libgte.a(msc02.o)
 .rdata         0x0000000000000000       0x50 C:/psyq/nolibgs_hello_worlds/psyq/lib\libpress.a(libpress.o)
 .data          0x0000000000000000      0x150 C:/psyq/nolibgs_hello_worlds/psyq/lib\libpress.a(libpress.o)
 .text          0x0000000000000000      0x690 C:/psyq/nolibgs_hello_worlds/psyq/lib\libpress.a(libpress.o)
 .data          0x0000000000000000       0x30 C:/psyq/nolibgs_hello_worlds/psyq/lib\libpress.a(vlc.o)
 .text          0x0000000000000000      0x380 C:/psyq/nolibgs_hello_worlds/psyq/lib\libpress.a(vlc.o)
 .data          0x0000000000000000    0x10800 C:/psyq/nolibgs_hello_worlds/psyq/lib\libpress.a(table.o)
 .data          0x0000000000000000       0x10 C:/psyq/nolibgs_hello_worlds/psyq/lib\libcd.a(c_003.o)
 .text          0x0000000000000000       0x80 C:/psyq/nolibgs_hello_worlds/psyq/lib\libcd.a(c_003.o)
 .bss           0x0000000000000000        0xc C:/psyq/nolibgs_hello_worlds/psyq/lib\libcd.a(c_005.o)
 .data          0x0000000000000000       0x10 C:/psyq/nolibgs_hello_worlds/psyq/lib\libcd.a(c_005.o)
 .text          0x0000000000000000       0x90 C:/psyq/nolibgs_hello_worlds/psyq/lib\libcd.a(c_005.o)
 .data          0x0000000000000000       0x10 C:/psyq/nolibgs_hello_worlds/psyq/lib\libcd.a(c_007.o)
 .text          0x0000000000000000       0xb0 C:/psyq/nolibgs_hello_worlds/psyq/lib\libcd.a(c_007.o)
 .data          0x0000000000000000       0x10 C:/psyq/nolibgs_hello_worlds/psyq/lib\libcd.a(c_009.o)
 .text          0x0000000000000000       0xc0 C:/psyq/nolibgs_hello_worlds/psyq/lib\libcd.a(c_009.o)
 .data          0x0000000000000000       0x10 C:/psyq/nolibgs_hello_worlds/psyq/lib\libcd.a(c_010.o)
 .text          0x0000000000000000       0x20 C:/psyq/nolibgs_hello_worlds/psyq/lib\libcd.a(c_010.o)
 .bss           0x0000000000000000       0x10 C:/psyq/nolibgs_hello_worlds/psyq/lib\libcd.a(c_011.o)
 .rdata         0x0000000000000000       0x20 C:/psyq/nolibgs_hello_worlds/psyq/lib\libcd.a(c_011.o)
 .data          0x0000000000000000       0x50 C:/psyq/nolibgs_hello_worlds/psyq/lib\libcd.a(c_011.o)
 .text          0x0000000000000000      0xaf0 C:/psyq/nolibgs_hello_worlds/psyq/lib\libcd.a(c_011.o)
 .text          0x0000000000000000       0xb0 C:/psyq/nolibgs_hello_worlds/psyq/lib\libcd.a(cdread2.o)
 .bss           0x0000000000000000       0x8c C:/psyq/nolibgs_hello_worlds/psyq/lib\libcd.a(cdrom.o)
 .data          0x0000000000000000       0x10 C:/psyq/nolibgs_hello_worlds/psyq/lib\libcd.a(cdrom.o)
 .text          0x0000000000000000       0x30 C:/psyq/nolibgs_hello_worlds/psyq/lib\libcd.a(cdrom.o)
 .data          0x0000000000000000       0x10 C:/psyq/nolibgs_hello_worlds/psyq/lib\libcd.a(c_002.o)
 .text          0x0000000000000000       0x60 C:/psyq/nolibgs_hello_worlds/psyq/lib\libcd.a(c_002.o)
 .bss           0x0000000000000000       0x10 C:/psyq/nolibgs_hello_worlds/psyq/lib\libcd.a(c_004.o)
 .data          0x0000000000000000       0x10 C:/psyq/nolibgs_hello_worlds/psyq/lib\libcd.a(c_004.o)
 .text          0x0000000000000000       0xf0 C:/psyq/nolibgs_hello_worlds/psyq/lib\libcd.a(c_004.o)
 .data          0x0000000000000000       0x10 C:/psyq/nolibgs_hello_worlds/psyq/lib\libcd.a(c_008.o)
 .text          0x0000000000000000       0x40 C:/psyq/nolibgs_hello_worlds/psyq/lib\libcd.a(c_008.o)
 .text          0x0000000000000000       0x20 C:/psyq/nolibgs_hello_worlds/psyq/lib\libds.a(dscb_2.o)
 .text          0x0000000000000000       0x30 C:/psyq/nolibgs_hello_worlds/psyq/lib\libds.a(dscb_4.o)
 .bss           0x0000000000000000        0xc C:/psyq/nolibgs_hello_worlds/psyq/lib\libds.a(dscb.o)

Memory Configuration

Name             Origin             Length             Attributes
loader           0x000000008000f800 0x0000000000000800
ram              0x0000000080010000 0x00000000001f0000 xrw
dcache           0x000000001f800000 0x0000000000000400
*default*        0x0000000000000000 0xffffffffffffffff

Linker script and memory map

LOAD main.o
LOAD cd.o
LOAD display.o
LOAD gameflow.o
LOAD input.o
LOAD menu.o
LOAD ui.o
LOAD testSuite.o
LOAD clip.o
LOAD gte.o
LOAD lookat.o
LOAD C:/psyq/nolibgs_hello_worlds/thirdparty/nugget/common/crt0/crt0.o
LOAD C:/psyq/nolibgs_hello_worlds/thirdparty/nugget/common/syscalls/printf.o
START GROUP
LOAD C:/psyq/nolibgs_hello_worlds/psyq/lib\libapi.a
LOAD C:/psyq/nolibgs_hello_worlds/psyq/lib\libc.a
LOAD C:/psyq/nolibgs_hello_worlds/psyq/lib\libc2.a
LOAD C:/psyq/nolibgs_hello_worlds/psyq/lib\libcard.a
LOAD C:/psyq/nolibgs_hello_worlds/psyq/lib\libcomb.a
LOAD C:/psyq/nolibgs_hello_worlds/psyq/lib\libds.a
LOAD C:/psyq/nolibgs_hello_worlds/psyq/lib\libetc.a
LOAD C:/psyq/nolibgs_hello_worlds/psyq/lib\libgpu.a
LOAD C:/psyq/nolibgs_hello_worlds/psyq/lib\libgs.a
LOAD C:/psyq/nolibgs_hello_worlds/psyq/lib\libgte.a
LOAD C:/psyq/nolibgs_hello_worlds/psyq/lib\libgun.a
LOAD C:/psyq/nolibgs_hello_worlds/psyq/lib\libhmd.a
LOAD C:/psyq/nolibgs_hello_worlds/psyq/lib\libmath.a
LOAD C:/psyq/nolibgs_hello_worlds/psyq/lib\libmcrd.a
LOAD C:/psyq/nolibgs_hello_worlds/psyq/lib\libmcx.a
LOAD C:/psyq/nolibgs_hello_worlds/psyq/lib\libpad.a
LOAD C:/psyq/nolibgs_hello_worlds/psyq/lib\libpress.a
LOAD C:/psyq/nolibgs_hello_worlds/psyq/lib\libsio.a
LOAD C:/psyq/nolibgs_hello_worlds/psyq/lib\libsnd.a
LOAD C:/psyq/nolibgs_hello_worlds/psyq/lib\libspu.a
LOAD C:/psyq/nolibgs_hello_worlds/psyq/lib\libtap.a
LOAD C:/psyq/nolibgs_hello_worlds/psyq/lib\libcd.a
END GROUP
                0x0000000080196244                __heap_base = __bss_end
                0x0000000080010000                TLOAD_ADDR = DEFINED (TLOAD_ADDR)?TLOAD_ADDR:0x80010000
                0x0000000080200000                __ram_top = (ORIGIN (ram) + LENGTH (ram))
                0x00000000801fff00                __sp = (__ram_top - 0x100)
                0x000000001f800000                __dcache = ORIGIN (dcache)
                0x000000001f800400                __dcache_top = (ORIGIN (dcache) + LENGTH (dcache))
                0x0000000000170244                __bss_len = (__bss_end - __bss_start)
                0x000000000000e890                __ftext_len = (__ftext_end - __ftext_start)
                0x0000000000007770                __fdata_len = (__fdata_end - __fdata_start)
                0x0000000080200000                __stack_start = (ORIGIN (ram) + LENGTH (ram))

.PSX_EXE_Header
                0x000000008000f800      0x800
                0x000000008000f800        0x1 BYTE 0x50
                0x000000008000f801        0x1 BYTE 0x53
                0x000000008000f802        0x1 BYTE 0x2d
                0x000000008000f803        0x1 BYTE 0x58
                0x000000008000f804        0x1 BYTE 0x20
                0x000000008000f805        0x1 BYTE 0x45
                0x000000008000f806        0x1 BYTE 0x58
                0x000000008000f807        0x1 BYTE 0x45
                0x000000008000f808        0x4 LONG 0x0
                0x000000008000f80c        0x4 LONG 0x0
                0x000000008000f810        0x4 LONG 0x80010000 ABSOLUTE (_start)
                0x000000008000f814        0x4 LONG 0x0
                0x000000008000f818        0x4 LONG 0x80010000 TLOAD_ADDR
                0x000000008000f81c        0x4 LONG 0x16000 (__ftext_len + __fdata_len)
                0x000000008000f820        0x4 LONG 0x0
                0x000000008000f824        0x4 LONG 0x0
                0x000000008000f828        0x4 LONG 0x0
                0x000000008000f82c        0x4 LONG 0x0
                0x000000008000f830        0x4 LONG 0x801fff00 DEFINED (_sp)?ABSOLUTE (_sp):0x801fff00
                0x000000008000f834        0x4 LONG 0x0
                0x0000000080010000                . = (. + 0x7c8)
 *fill*         0x000000008000f838      0x7c8 
                0x0000000080010000                __ftext_start = ABSOLUTE (.)

.text           0x0000000080010000     0xe890
 *(.start)
 .start         0x0000000080010000       0x64 C:/psyq/nolibgs_hello_worlds/thirdparty/nugget/common/crt0/crt0.o
                0x0000000080010000                _start
 *(.init)
 *(SORT_NONE(.fini))
 *(.text.unlikely .text.*_unlikely .text.unlikely.*)
 *(.text.exit .text.exit.*)
 *(.text.startup .text.startup.*)
 .text.startup.main
                0x0000000080010064       0x28 main.o
                0x0000000080010064                main
 *(.text.hot .text.hot.*)
 *(.text .stub .text.* .gnu.linkonce.t.*)
 .text.init     0x000000008001008c       0xe0 main.o
                0x000000008001008c                init
 .text.cdLoad_File
                0x000000008001016c       0xac cd.o
                0x000000008001016c                cdLoad_File
 .text.cdMusic_Ready
                0x0000000080010218       0x40 cd.o
                0x0000000080010218                cdMusic_Ready
 .text.cdMusic_PlayTrack
                0x0000000080010258       0x60 cd.o
                0x0000000080010258                cdMusic_PlayTrack
 .text.disp_initDisplay
                0x00000000800102b8      0x138 display.o
                0x00000000800102b8                disp_initDisplay
 .text.disp_Display
                0x00000000800103f0       0xd8 display.o
                0x00000000800103f0                disp_Display
 .text.disp_SetDrawTPage
                0x00000000800104c8       0xc8 display.o
                0x00000000800104c8                disp_SetDrawTPage
 .text.disp_DrawSprite
                0x0000000080010590       0xec display.o
                0x0000000080010590                disp_DrawSprite
 .text.disp_DrawTile
                0x000000008001067c       0xb0 display.o
                0x000000008001067c                disp_DrawTile
 .text.gte_DrawRoom
                0x000000008001072c      0x494 display.o
                0x000000008001072c                gte_DrawRoom
 .text.gte_DrawMesh
                0x0000000080010bc0      0x498 display.o
                0x0000000080010bc0                gte_DrawMesh
 .text.ui_DrawButton
                0x0000000080011058      0x190 display.o
                0x0000000080011058                ui_DrawButton
 .text.gf_doGame
                0x00000000800111e8       0x6c gameflow.o
                0x00000000800111e8                gf_doGame
 .text.input_Init
                0x0000000080011254       0x3c input.o
                0x0000000080011254                input_Init
 .text.input_Disable
                0x0000000080011290        0x8 input.o
                0x0000000080011290                input_Disable
 .text.input_Enable
                0x0000000080011298        0x8 input.o
                0x0000000080011298                input_Enable
 .text.input_Menu
                0x00000000800112a0       0x7c input.o
                0x00000000800112a0                input_Menu
 .text.input_TestSuiteCam
                0x000000008001131c      0x5b4 input.o
                0x000000008001131c                input_TestSuiteCam
 .text.menu_ShowLegal
                0x00000000800118d0      0x1a8 menu.o
                0x00000000800118d0                menu_ShowLegal
 .text.menu_MainMenu
                0x0000000080011a78      0x144 menu.o
                0x0000000080011a78                menu_MainMenu
 .text.menu_CleanUp
                0x0000000080011bbc       0x10 menu.o
                0x0000000080011bbc                menu_CleanUp
 .text.ui_LoadTexture
                0x0000000080011bcc       0x7c ui.o
                0x0000000080011bcc                ui_LoadTexture
 .text.ui_LoadSpriteData
                0x0000000080011c48       0x60 ui.o
                0x0000000080011c48                ui_LoadSpriteData
 .text.testS_LoadRoom
                0x0000000080011ca8      0x8f0 testSuite.o
                0x0000000080011ca8                testS_LoadRoom
 .text.testS_LoadGeo
                0x0000000080012598      0x158 testSuite.o
                0x0000000080012598                testS_LoadGeo
 .text.testS_LoadMesh
                0x00000000800126f0      0x3a0 testSuite.o
                0x00000000800126f0                testS_LoadMesh
 .text.testS_LoadMeshes
                0x0000000080012a90       0xf8 testSuite.o
                0x0000000080012a90                testS_LoadMeshes
 .text.testS_LoadAnimation
                0x0000000080012b88      0x1d8 testSuite.o
                0x0000000080012b88                testS_LoadAnimation
 .text.testS_LoadMeshtree
                0x0000000080012d60       0xc8 testSuite.o
                0x0000000080012d60                testS_LoadMeshtree
 .text.testS_LoadModel
                0x0000000080012e28       0xe4 testSuite.o
                0x0000000080012e28                testS_LoadModel
 .text.testS_LoadStatic
                0x0000000080012f0c      0x150 testSuite.o
                0x0000000080012f0c                testS_LoadStatic
 .text.testS_LoadBox
                0x000000008001305c       0x60 testSuite.o
                0x000000008001305c                testS_LoadBox
 .text.testS_LoadObjTex
                0x00000000800130bc      0x16c testSuite.o
                0x00000000800130bc                testS_LoadObjTex
 .text.testS_LoadEntity
                0x0000000080013228      0x12c testSuite.o
                0x0000000080013228                testS_LoadEntity
 .text.testS_LoadMisc
                0x0000000080013354      0xb10 testSuite.o
                0x0000000080013354                testS_LoadMisc
 .text.testS_Run
                0x0000000080013e64      0x554 testSuite.o
                0x0000000080013e64                testS_Run
 .text.test_clip
                0x00000000800143b8       0x64 clip.o
                0x00000000800143b8                test_clip
 .text.tri_clip
                0x000000008001441c       0x80 clip.o
                0x000000008001441c                tri_clip
 .text.quad_clip
                0x000000008001449c       0xb8 clip.o
                0x000000008001449c                quad_clip
 *fill*         0x0000000080014554        0x4 
 .text          0x0000000080014558       0x10 C:/psyq/nolibgs_hello_worlds/psyq/lib\libapi.a(a36.o)
                0x0000000080014558                EnterCriticalSection
 .text          0x0000000080014568       0x10 C:/psyq/nolibgs_hello_worlds/psyq/lib\libapi.a(a37.o)
                0x0000000080014568                ExitCriticalSection
 .text          0x0000000080014578       0x10 C:/psyq/nolibgs_hello_worlds/psyq/lib\libapi.a(a91.o)
                0x0000000080014578                ChangeClearPAD
 .text          0x0000000080014588       0x10 C:/psyq/nolibgs_hello_worlds/psyq/lib\libapi.a(c160.o)
                0x0000000080014588                _boot
 .text          0x0000000080014598       0x10 C:/psyq/nolibgs_hello_worlds/psyq/lib\libapi.a(c57.o)
                0x0000000080014598                InitHeap
 .text          0x00000000800145a8      0x290 C:/psyq/nolibgs_hello_worlds/psyq/lib\libapi.a(pad.o)
                0x00000000800145a8                SetInitPadFlag
                0x00000000800145b4                ReadInitPadFlag
                0x00000000800145c4                PAD_init
                0x0000000080014654                InitPAD
                0x00000000800146e4                StartPAD
 .text          0x0000000080014838       0xa0 C:/psyq/nolibgs_hello_worlds/psyq/lib\libapi.a(patch.o)
                0x0000000080014838                EnablePAD
                0x000000008001484c                DisablePAD
                0x0000000080014860                _patch_pad
 .text          0x00000000800148d8       0x10 C:/psyq/nolibgs_hello_worlds/psyq/lib\libapi.a(a18.o)
                0x00000000800148d8                InitPAD2
 .text          0x00000000800148e8       0x10 C:/psyq/nolibgs_hello_worlds/psyq/lib\libapi.a(a19.o)
                0x00000000800148e8                StartPAD2
 .text          0x00000000800148f8       0x10 C:/psyq/nolibgs_hello_worlds/psyq/lib\libapi.a(a21.o)
                0x00000000800148f8                PAD_init2
 .text          0x0000000080014908       0x10 C:/psyq/nolibgs_hello_worlds/psyq/lib\libapi.a(c68.o)
                0x0000000080014908                FlushCache
 .text          0x0000000080014918       0x70 C:/psyq/nolibgs_hello_worlds/psyq/lib\libapi.a(chclrpad.o)
                0x0000000080014918                _remove_ChgclrPAD
 .text          0x0000000080014988       0x10 C:/psyq/nolibgs_hello_worlds/psyq/lib\libapi.a(l02.o)
                0x0000000080014988                SysEnqIntRP
 .text          0x0000000080014998       0x10 C:/psyq/nolibgs_hello_worlds/psyq/lib\libapi.a(l03.o)
                0x0000000080014998                SysDeqIntRP
 .text          0x00000000800149a8       0x10 C:/psyq/nolibgs_hello_worlds/psyq/lib\libc.a(c42.o)
                0x00000000800149a8                memcpy
 .text          0x00000000800149b8       0x10 C:/psyq/nolibgs_hello_worlds/psyq/lib\libc.a(c43.o)
                0x00000000800149b8                memset
 .text          0x00000000800149c8       0x10 C:/psyq/nolibgs_hello_worlds/psyq/lib\libc.a(c51.o)
                0x00000000800149c8                malloc
 .text          0x00000000800149d8       0x10 C:/psyq/nolibgs_hello_worlds/psyq/lib\libc.a(c52.o)
                0x00000000800149d8                free
 .text          0x00000000800149e8       0x10 C:/psyq/nolibgs_hello_worlds/psyq/lib\libc.a(c63.o)
                0x00000000800149e8                printf
 .text          0x00000000800149f8       0x30 C:/psyq/nolibgs_hello_worlds/psyq/lib\libetc.a(vmode.o)
                0x00000000800149f8                SetVideoMode
                0x0000000080014a0c                GetVideoMode
 .text          0x0000000080014a28      0x210 C:/psyq/nolibgs_hello_worlds/psyq/lib\libetc.a(vsync.o)
                0x0000000080014a28                VSync
 .text          0x0000000080014c38      0x120 C:/psyq/nolibgs_hello_worlds/psyq/lib\libetc.a(intr_vb.o)
                0x0000000080014c38                startIntrVSync
 .text          0x0000000080014d58      0x6c0 C:/psyq/nolibgs_hello_worlds/psyq/lib\libetc.a(intr.o)
                0x0000000080014d58                ResetCallback
                0x0000000080014d88                InterruptCallback
                0x0000000080014db8                DMACallback
                0x0000000080014de8                VSyncCallback
                0x0000000080014e1c                VSyncCallbacks
                0x0000000080014e4c                StopCallback
                0x0000000080014e7c                RestartCallback
                0x0000000080014eac                CheckCallback
                0x0000000080014ebc                GetIntrMask
                0x0000000080014ed4                SetIntrMask
 .text          0x0000000080015418      0x2a0 C:/psyq/nolibgs_hello_worlds/psyq/lib\libetc.a(intr_dma.o)
                0x0000000080015418                startIntrDMA
 .text          0x00000000800156b8       0xc0 C:/psyq/nolibgs_hello_worlds/psyq/lib\libgpu.a(e03.o)
                0x00000000800156b8                SetDefDrawEnv
 .text          0x0000000080015778       0x40 C:/psyq/nolibgs_hello_worlds/psyq/lib\libgpu.a(e04.o)
                0x0000000080015778                SetDefDispEnv
 .text          0x00000000800157b8      0xa80 C:/psyq/nolibgs_hello_worlds/psyq/lib\libgpu.a(font.o)
                0x00000000800157b8                SetDumpFnt
                0x00000000800157f8                FntLoad
                0x0000000080015898                FntOpen
                0x0000000080015b54                FntFlush
                0x0000000080015e70                FntPrint
 .text          0x0000000080016238       0x40 C:/psyq/nolibgs_hello_worlds/psyq/lib\libgpu.a(p06.o)
                0x0000000080016238                AddPrim
 .text          0x0000000080016278       0x20 C:/psyq/nolibgs_hello_worlds/psyq/lib\libgpu.a(p09.o)
                0x0000000080016278                TermPrim
 .text          0x0000000080016298       0x30 C:/psyq/nolibgs_hello_worlds/psyq/lib\libgpu.a(p10.o)
                0x0000000080016298                SetSemiTrans
 .text          0x00000000800162c8       0x20 C:/psyq/nolibgs_hello_worlds/psyq/lib\libgpu.a(p20.o)
                0x00000000800162c8                SetSprt8
 .text          0x00000000800162e8       0x20 C:/psyq/nolibgs_hello_worlds/psyq/lib\libgpu.a(p26.o)
                0x00000000800162e8                SetTile
 .text          0x0000000080016308       0xa0 C:/psyq/nolibgs_hello_worlds/psyq/lib\libgpu.a(p41.o)
                0x0000000080016308                SetDrawMode
 .text          0x00000000800163a8     0x2f00 C:/psyq/nolibgs_hello_worlds/psyq/lib\libgpu.a(sys.o)
                0x00000000800163a8                ResetGraph
                0x000000008001651c                SetGraphDebug
                0x0000000080016578                SetGraphQueue
                0x000000008001661c                GetGraphDebug
                0x000000008001662c                DrawSyncCallback
                0x000000008001668c                SetDispMask
                0x0000000080016724                DrawSync
                0x00000000800168a8                ClearImage
                0x0000000080016938                ClearImage2
                0x00000000800169d0                LoadImage
                0x0000000080016a30                StoreImage
                0x0000000080016a90                MoveImage
                0x0000000080016b48                ClearOTag
                0x0000000080016c10                ClearOTagR
                0x0000000080016cbc                DrawPrim
                0x0000000080016d18                DrawOTag
                0x0000000080016d88                PutDrawEnv
                0x0000000080016e48                DrawOTagEnv
                0x0000000080016f20                GetDrawEnv
                0x0000000080016f54                PutDispEnv
                0x000000008001744c                GetDispEnv
                0x0000000080017480                GetODE
                0x00000000800174b0                SetDrawArea
                0x0000000080017530                SetDrawOffset
                0x0000000080017570                SetDrawEnv
                0x0000000080018e40                LoadImage2
                0x0000000080018f2c                StoreImage2
                0x0000000080019018                MoveImage2
                0x000000008001915c                DrawOTag2
                0x0000000080019258                _GPU_ResetCallback
 .text          0x00000000800192a8      0x190 C:/psyq/nolibgs_hello_worlds/psyq/lib\libgpu.a(t00.o)
                0x00000000800192a8                OpenTIM
                0x00000000800192b8                ReadTIM
 .text          0x0000000080019438       0xf0 C:/psyq/nolibgs_hello_worlds/psyq/lib\libgpu.a(e00.o)
                0x0000000080019438                LoadTPage
 .text          0x0000000080019528       0x70 C:/psyq/nolibgs_hello_worlds/psyq/lib\libgpu.a(e02.o)
                0x0000000080019528                LoadClut2
 .text          0x0000000080019598       0x40 C:/psyq/nolibgs_hello_worlds/psyq/lib\libgpu.a(p00.o)
                0x0000000080019598                GetTPage
 .text          0x00000000800195d8       0x20 C:/psyq/nolibgs_hello_worlds/psyq/lib\libgpu.a(p01.o)
                0x00000000800195d8                GetClut
 .text          0x00000000800195f8       0x90 C:/psyq/nolibgs_hello_worlds/psyq/lib\libgte.a(cmb_06.o)
                0x00000000800195f8                RotAverageNclip3
 .text          0x0000000080019688       0xb0 C:/psyq/nolibgs_hello_worlds/psyq/lib\libgte.a(cmb_07.o)
                0x0000000080019688                RotAverageNclip4
 .text          0x0000000080019738       0xd0 C:/psyq/nolibgs_hello_worlds/psyq/lib\libgte.a(cor_02.o)
                0x0000000080019738                ccos
 .text          0x0000000080019808      0x1e0 C:/psyq/nolibgs_hello_worlds/psyq/lib\libgte.a(cor_03.o)
                0x0000000080019808                csin_1
                0x00000000800198a8                csin
 .text          0x00000000800199e8      0x290 C:/psyq/nolibgs_hello_worlds/psyq/lib\libgte.a(fgo_01.o)
                0x00000000800199e8                RotMatrix
 .text          0x0000000080019c78       0x90 C:/psyq/nolibgs_hello_worlds/psyq/lib\libgte.a(msc00.o)
                0x0000000080019c80                InitGeom
 .text          0x0000000080019d08      0x160 C:/psyq/nolibgs_hello_worlds/psyq/lib\libgte.a(mtx_004.o)
                0x0000000080019d08                ApplyMatrixLV
 .text          0x0000000080019e68      0x150 C:/psyq/nolibgs_hello_worlds/psyq/lib\libgte.a(mtx_006.o)
                0x0000000080019e68                PushMatrix
                0x0000000080019f0c                PopMatrix
 .text          0x0000000080019fb8      0x250 C:/psyq/nolibgs_hello_worlds/psyq/lib\libgte.a(mtx_00c.o)
                0x0000000080019fb8                CompMatrixLV
 .text          0x000000008001a208       0x30 C:/psyq/nolibgs_hello_worlds/psyq/lib\libgte.a(mtx_07.o)
                0x000000008001a208                TransMatrix
 .text          0x000000008001a238       0x30 C:/psyq/nolibgs_hello_worlds/psyq/lib\libgte.a(mtx_09.o)
                0x000000008001a238                SetRotMatrix
 .text          0x000000008001a268       0x20 C:/psyq/nolibgs_hello_worlds/psyq/lib\libgte.a(mtx_12.o)
                0x000000008001a268                SetTransMatrix
 .text          0x000000008001a288       0xe0 C:/psyq/nolibgs_hello_worlds/psyq/lib\libgte.a(patchgte.o)
                0x000000008001a288                _patch_gte
 .text          0x000000008001a368      0x120 C:/psyq/nolibgs_hello_worlds/psyq/lib\libgte.a(cor_01.o)
                0x000000008001a368                csincos
 .text          0x000000008001a488       0x20 C:/psyq/nolibgs_hello_worlds/psyq/lib\libspu.a(s_i.o)
                0x000000008001a488                SpuInit
 .text          0x000000008001a4a8      0x160 C:/psyq/nolibgs_hello_worlds/psyq/lib\libspu.a(s_ini.o)
                0x000000008001a4a8                _SpuInit
                0x000000008001a590                SpuStart
 .text          0x000000008001a608      0x380 C:/psyq/nolibgs_hello_worlds/psyq/lib\libspu.a(s_sca.o)
                0x000000008001a608                SpuSetCommonAttr
 .text          0x000000008001a988       0x30 C:/psyq/nolibgs_hello_worlds/psyq/lib\libspu.a(s_stm.o)
                0x000000008001a988                SpuSetTransferMode
 .text          0x000000008001a9b8      0xb40 C:/psyq/nolibgs_hello_worlds/psyq/lib\libspu.a(spu.o)
                0x000000008001a9b8                _spu_init
                0x000000008001adf8                _spu_FiDMA
                0x000000008001aeb4                _spu_Fr_
                0x000000008001af5c                _spu_t
                0x000000008001b1dc                _spu_Fw
                0x000000008001b260                _spu_Fr
                0x000000008001b2c4                _spu_FsetRXX
                0x000000008001b308                _spu_FsetRXXa
                0x000000008001b3ac                _spu_FgetRXXa
                0x000000008001b3e8                _spu_FsetPCR
                0x000000008001b490                _spu_Fw1ts
 .text          0x000000008001b4f8       0x30 C:/psyq/nolibgs_hello_worlds/psyq/lib\libspu.a(s_dcb.o)
                0x000000008001b4f8                _SpuDataCallback
 .text          0x000000008001b528      0x9a0 C:/psyq/nolibgs_hello_worlds/psyq/lib\libcd.a(cdr_1.o)
                0x000000008001ba88                CdReadBreak
                0x000000008001bc28                CdRead
                0x000000008001bdc4                CdReadSync
 .text          0x000000008001bec8      0x150 C:/psyq/nolibgs_hello_worlds/psyq/lib\libcd.a(event.o)
                0x000000008001bec8                CdInit
 .text          0x000000008001c018      0x970 C:/psyq/nolibgs_hello_worlds/psyq/lib\libcd.a(iso9660.o)
                0x000000008001c018                CdSearchFile
 .text          0x000000008001c988      0x110 C:/psyq/nolibgs_hello_worlds/psyq/lib\libcd.a(s_002.o)
                0x000000008001c988                CdIntToPos
 .text          0x000000008001ca98       0x10 C:/psyq/nolibgs_hello_worlds/psyq/lib\libcd.a(s_003.o)
                0x000000008001ca98                CdStatus
 .text          0x000000008001caa8       0x10 C:/psyq/nolibgs_hello_worlds/psyq/lib\libcd.a(s_004.o)
                0x000000008001caa8                CdMode
 .text          0x000000008001cab8       0x10 C:/psyq/nolibgs_hello_worlds/psyq/lib\libcd.a(s_006.o)
                0x000000008001cab8                CdLastPos
 .text          0x000000008001cac8       0x20 C:/psyq/nolibgs_hello_worlds/psyq/lib\libcd.a(s_008.o)
                0x000000008001cac8                CdFlush
 .text          0x000000008001cae8       0x20 C:/psyq/nolibgs_hello_worlds/psyq/lib\libcd.a(s_013.o)
                0x000000008001cae8                CdReady
 .text          0x000000008001cb08       0x20 C:/psyq/nolibgs_hello_worlds/psyq/lib\libcd.a(s_014.o)
                0x000000008001cb08                CdSyncCallback
 .text          0x000000008001cb28       0x20 C:/psyq/nolibgs_hello_worlds/psyq/lib\libcd.a(s_015.o)
                0x000000008001cb28                CdReadyCallback
 .text          0x000000008001cb48      0x3c0 C:/psyq/nolibgs_hello_worlds/psyq/lib\libcd.a(s_016.o)
                0x000000008001cb48                CdControl
                0x000000008001cc84                CdControlF
                0x000000008001cdb8                CdControlB
 .text          0x000000008001cf08       0x20 C:/psyq/nolibgs_hello_worlds/psyq/lib\libcd.a(s_021.o)
                0x000000008001cf08                CdGetSector
 .text          0x000000008001cf28       0x20 C:/psyq/nolibgs_hello_worlds/psyq/lib\libcd.a(s_022.o)
                0x000000008001cf28                CdGetSector2
 .text          0x000000008001cf48       0x30 C:/psyq/nolibgs_hello_worlds/psyq/lib\libcd.a(s_023.o)
                0x000000008001cf48                CdDataCallback
 .text          0x000000008001cf78       0x20 C:/psyq/nolibgs_hello_worlds/psyq/lib\libcd.a(s_024.o)
                0x000000008001cf78                CdDataSync
 .text          0x000000008001cf98       0x80 C:/psyq/nolibgs_hello_worlds/psyq/lib\libcd.a(sys.o)
                0x000000008001cf98                CdPosToInt
 .text          0x000000008001d018     0x1580 C:/psyq/nolibgs_hello_worlds/psyq/lib\libcd.a(bios_1.o)
                0x000000008001d57c                CD_sync
                0x000000008001d7fc                CD_ready
                0x000000008001dac4                CD_cw
                0x000000008001ded0                CD_vol
                0x000000008001df58                CD_flush
                0x000000008001e02c                CD_initvol
                0x000000008001e11c                CD_initintr
                0x000000008001e168                CD_init
                0x000000008001e348                CD_datasync
                0x000000008001e4b0                CD_set_test_parmnum
 .text          0x000000008001e598      0x100 C:/psyq/nolibgs_hello_worlds/psyq/lib\libcd.a(bios_2.o)
                0x000000008001e598                CD_getsector
 .text          0x000000008001e698       0xf0 C:/psyq/nolibgs_hello_worlds/psyq/lib\libcd.a(bios_3.o)
                0x000000008001e698                CD_getsector2
 .text          0x000000008001e788       0x10 C:/psyq/nolibgs_hello_worlds/psyq/lib\libapi.a(a07.o)
                0x000000008001e788                DeliverEvent
 .text          0x000000008001e798       0x10 C:/psyq/nolibgs_hello_worlds/psyq/lib\libapi.a(a08.o)
                0x000000008001e798                OpenEvent
 .text          0x000000008001e7a8       0x10 C:/psyq/nolibgs_hello_worlds/psyq/lib\libapi.a(a12.o)
                0x000000008001e7a8                EnableEvent
 .text          0x000000008001e7b8       0x10 C:/psyq/nolibgs_hello_worlds/psyq/lib\libapi.a(a23.o)
                0x000000008001e7b8                ReturnFromException
 .text          0x000000008001e7c8       0x10 C:/psyq/nolibgs_hello_worlds/psyq/lib\libapi.a(a24.o)
                0x000000008001e7c8                ResetEntryInt
 .text          0x000000008001e7d8       0x10 C:/psyq/nolibgs_hello_worlds/psyq/lib\libapi.a(a25.o)
                0x000000008001e7d8                HookEntryInt
 .text          0x000000008001e7e8       0x20 C:/psyq/nolibgs_hello_worlds/psyq/lib\libapi.a(c114.o)
                0x000000008001e7f0                _96_remove
 .text          0x000000008001e808       0x10 C:/psyq/nolibgs_hello_worlds/psyq/lib\libapi.a(c73.o)
                0x000000008001e808                GPU_cw
 .text          0x000000008001e818       0x10 C:/psyq/nolibgs_hello_worlds/psyq/lib\libapi.a(l10.o)
                0x000000008001e818                ChangeClearRCnt
 .text          0x000000008001e828       0x20 C:/psyq/nolibgs_hello_worlds/psyq/lib\libc.a(a63.o)
                0x000000008001e830                puts
 .text          0x000000008001e848       0x10 C:/psyq/nolibgs_hello_worlds/psyq/lib\libc.a(c19.o)
                0x000000008001e848                setjmp
 .text          0x000000008001e858       0x10 C:/psyq/nolibgs_hello_worlds/psyq/lib\libc.a(c23.o)
                0x000000008001e858                strcmp
 .text          0x000000008001e868       0x10 C:/psyq/nolibgs_hello_worlds/psyq/lib\libc.a(c24.o)
                0x000000008001e868                strncmp
 .text          0x000000008001e878       0x10 C:/psyq/nolibgs_hello_worlds/psyq/lib\libc.a(c27.o)
                0x000000008001e878                strlen
                0x000000008001e890                . = ALIGN (0x10)
 *fill*         0x000000008001e888        0x8 
 *(.init)
                0x000000008001e890                . = ALIGN (0x10)
 *(.fini)
                0x000000008001e890                . = ALIGN (0x10)
                0x000000008001e890                __text_end = .
                0x000000008001e890                __ftext_end = ABSOLUTE (.)
                0x000000008001e890                __fdata_start = ABSOLUTE (.)

.rodata         0x000000008001e890      0xcc0
 *(.rodata .rodata.* .rdata .rdata.* .gnu.linkonce.r.*)
 .rodata.str1.4
                0x000000008001e890       0x4b cd.o
 *fill*         0x000000008001e8db        0x1 
 .rodata.str1.4
                0x000000008001e8dc        0xe input.o
 *fill*         0x000000008001e8ea        0x2 
 .rodata.str1.4
                0x000000008001e8ec       0x4a menu.o
 *fill*         0x000000008001e936        0x2 
 .rodata.str1.4
                0x000000008001e938      0x30e testSuite.o
                                        0x312 (size before relaxing)
 *fill*         0x000000008001ec46        0x2 
 .rodata        0x000000008001ec48       0x10 C:/psyq/nolibgs_hello_worlds/thirdparty/nugget/common/crt0/crt0.o
 .rdata         0x000000008001ec58       0x10 C:/psyq/nolibgs_hello_worlds/psyq/lib\libetc.a(vsync.o)
 .rdata         0x000000008001ec68       0x70 C:/psyq/nolibgs_hello_worlds/psyq/lib\libetc.a(intr.o)
 .rdata         0x000000008001ecd8       0x30 C:/psyq/nolibgs_hello_worlds/psyq/lib\libetc.a(intr_dma.o)
 .rdata         0x000000008001ed08       0xa0 C:/psyq/nolibgs_hello_worlds/psyq/lib\libgpu.a(font.o)
 .rdata         0x000000008001eda8      0x220 C:/psyq/nolibgs_hello_worlds/psyq/lib\libgpu.a(sys.o)
 .rdata         0x000000008001efc8       0x30 C:/psyq/nolibgs_hello_worlds/psyq/lib\libgpu.a(t00.o)
 .rdata         0x000000008001eff8       0x40 C:/psyq/nolibgs_hello_worlds/psyq/lib\libspu.a(s_sca.o)
 .rdata         0x000000008001f038       0x50 C:/psyq/nolibgs_hello_worlds/psyq/lib\libspu.a(spu.o)
 .rdata         0x000000008001f088       0x50 C:/psyq/nolibgs_hello_worlds/psyq/lib\libcd.a(cdr_1.o)
 .rdata         0x000000008001f0d8       0x20 C:/psyq/nolibgs_hello_worlds/psyq/lib\libcd.a(event.o)
 .rdata         0x000000008001f0f8      0x1f0 C:/psyq/nolibgs_hello_worlds/psyq/lib\libcd.a(iso9660.o)
 .rdata         0x000000008001f2e8      0x260 C:/psyq/nolibgs_hello_worlds/psyq/lib\libcd.a(bios_1.o)
                0x000000008001f550                . = ALIGN (0x10)
 *fill*         0x000000008001f548        0x8 
                0x000000008001f550                __preinit_array_start = .
 *(.preinit_array)
                0x000000008001f550                __preinit_array_end = .
                0x000000008001f550                . = ALIGN (0x10)
                0x000000008001f550                __init_array_start = .
 *(SORT_BY_NAME(.init_array.*))
 *(.init_array)
                0x000000008001f550                . = ALIGN (0x10)
 *crtbegin.o(.ctors)
 *(EXCLUDE_FILE(*crtend.o) .ctors)
 *(SORT_BY_NAME(.ctors.*))
 *crtend.o(.ctors)
                0x000000008001f550                __init_array_end = .
                0x000000008001f550                . = ALIGN (0x10)
                0x000000008001f550                __fini_array_start = .
 *(.fini_array)
 *(SORT_BY_NAME(.fini_array.*))
 *crtbegin.o(.dtors)
 *(EXCLUDE_FILE(*crtend.o) .dtors)
 *(SORT_BY_NAME(.dtors.*))
 *crtend.o(.dtors)
                0x000000008001f550                __fini_array_end = .
                0x000000008001f550                __build_id = .
 *(.note.gnu.build-id)
                0x000000008001f550                __build_id_end = .

.rel.dyn        0x000000008001f550        0x0
 .rel.dyn       0x000000008001f550        0x0 C:/psyq/nolibgs_hello_worlds/psyq/lib\libgpu.a(sys.o)

.rodata1
 *(.rodata1)
                0x000000008001f550                __data_start = .

.data           0x000000008001f550     0x6ab0
 *(.a0table)
 *(.data .data.* .gnu.linkonce.d.*)
 .data          0x000000008001f550        0x1 testSuite.o
 *fill*         0x000000008001f551        0x7 
 .data          0x000000008001f558       0x10 C:/psyq/nolibgs_hello_worlds/psyq/lib\libapi.a(pad.o)
 .data          0x000000008001f568       0x10 C:/psyq/nolibgs_hello_worlds/psyq/lib\libetc.a(vmode.o)
 .data          0x000000008001f578       0x20 C:/psyq/nolibgs_hello_worlds/psyq/lib\libetc.a(vsync.o)
                0x000000008001f588                Hcount
 .data          0x000000008001f598       0x30 C:/psyq/nolibgs_hello_worlds/psyq/lib\libetc.a(intr_vb.o)
                0x000000008001f5b8                Vcount
 .data          0x000000008001f5c8     0x1100 C:/psyq/nolibgs_hello_worlds/psyq/lib\libetc.a(intr.o)
 .data          0x00000000800206c8       0x30 C:/psyq/nolibgs_hello_worlds/psyq/lib\libetc.a(intr_dma.o)
 .data          0x00000000800206f8      0xb90 C:/psyq/nolibgs_hello_worlds/psyq/lib\libgpu.a(font.o)
                0x00000000800206f8                Font
 .data          0x0000000080021288      0x1a0 C:/psyq/nolibgs_hello_worlds/psyq/lib\libgpu.a(sys.o)
                0x00000000800212d4                GPU_printf
                0x00000000800212d8                GEnv
                0x0000000080021400                _qin
                0x0000000080021404                _qout
 .data          0x0000000080021428       0x10 C:/psyq/nolibgs_hello_worlds/psyq/lib\libgte.a(msc00.o)
 .data          0x0000000080021438      0x310 C:/psyq/nolibgs_hello_worlds/psyq/lib\libgte.a(mtx_006.o)
 .data          0x0000000080021748       0x20 C:/psyq/nolibgs_hello_worlds/psyq/lib\libgte.a(cor_01.o)
                0x0000000080021748                H_cor_tbl
 .data          0x0000000080021768     0x4000 C:/psyq/nolibgs_hello_worlds/psyq/lib\libgte.a(cstbl.o)
                0x0000000080021768                rcossin_tbl
 .data          0x0000000080025768       0x80 C:/psyq/nolibgs_hello_worlds/psyq/lib\libspu.a(s_ini.o)
                0x0000000080025770                _spu_EVdma
                0x0000000080025774                _spu_keystat
                0x0000000080025778                _spu_trans_mode
                0x000000008002577c                _spu_rev_flag
                0x0000000080025780                _spu_rev_reserve_wa
                0x0000000080025784                _spu_rev_offsetaddr
                0x0000000080025788                _spu_rev_attr
                0x000000008002579c                _spu_RQvoice
                0x00000000800257a0                _spu_RQmask
                0x00000000800257a4                _spu_voice_centerNote
                0x00000000800257d4                _spu_env
                0x00000000800257d8                _spu_isCalled
 .data          0x00000000800257e8       0x10 C:/psyq/nolibgs_hello_worlds/psyq/lib\libspu.a(s_m.o)
                0x00000000800257e8                _spu_AllocBlockNum
                0x00000000800257ec                _spu_AllocLastNum
                0x00000000800257f0                _spu_memList
 .data          0x00000000800257f8       0x30 C:/psyq/nolibgs_hello_worlds/psyq/lib\libspu.a(s_rmp0.o)
                0x00000000800257f8                _spu_rev_startaddr
 .data          0x0000000080025828       0x60 C:/psyq/nolibgs_hello_worlds/psyq/lib\libspu.a(spu.o)
                0x0000000080025828                _spu_RXX
                0x0000000080025840                _spu_tsa
                0x0000000080025844                _spu_transMode
                0x0000000080025848                _spu_addrMode
                0x000000008002584c                _spu_mem_mode
                0x0000000080025850                _spu_mem_mode_plus
                0x0000000080025854                _spu_mem_mode_unit
                0x0000000080025858                _spu_mem_mode_unitM
                0x000000008002585c                _spu_inTransfer
                0x0000000080025860                _spu_transferCallback
                0x0000000080025864                _spu_IRQCallback
 .data          0x0000000080025888       0x40 C:/psyq/nolibgs_hello_worlds/psyq/lib\libcd.a(cdr_1.o)
 .data          0x00000000800258c8       0x10 C:/psyq/nolibgs_hello_worlds/psyq/lib\libcd.a(event.o)
                0x00000000800258c8                CD_cbread
                0x00000000800258cc                CD_read_dma_mode
 .data          0x00000000800258d8       0x10 C:/psyq/nolibgs_hello_worlds/psyq/lib\libcd.a(iso9660.o)
 .data          0x00000000800258e8       0x80 C:/psyq/nolibgs_hello_worlds/psyq/lib\libcd.a(s_016.o)
 .data          0x0000000080025968      0x310 C:/psyq/nolibgs_hello_worlds/psyq/lib\libcd.a(bios_1.o)
                0x0000000080025970                CD_cbsync
                0x0000000080025974                CD_cbready
                0x0000000080025978                CD_debug
                0x000000008002597c                CD_status
                0x0000000080025980                CD_status1
                0x0000000080025984                CD_nopen
                0x0000000080025988                CD_pos
                0x000000008002598c                CD_mode
                0x000000008002598d                CD_com
                0x0000000080025990                DS_active
                0x0000000080025994                CD_comstr
                0x0000000080025a14                CD_intstr
 .data          0x0000000080025c78       0x20 C:/psyq/nolibgs_hello_worlds/psyq/lib\libcd.a(bios_2.o)
 .data          0x0000000080025c98       0x20 C:/psyq/nolibgs_hello_worlds/psyq/lib\libcd.a(bios_3.o)
 *(.data1)
 *(.sdata .sdata.* .gnu.linkonce.s.*)
 .sdata         0x0000000080025cb8        0x3 menu.o
                0x0000000080025cb8                norm
 *(.sdata2 .sdata2.* .gnu.linkonce.s2.*)
 *(.got.plt)
 *(.got)
                0x0000000080026000                . = ALIGN (0x800)
 *fill*         0x0000000080025cbb      0x345 
                0x0000000080026000                __data_end = .
                0x0000000080026000                __fdata_end = .
                0x0000000080026000                __bss_start = .

.sbss           0x0000000080026000   0x170244
 *(.dynsbss)
 *(.sbss .sbss.* .gnu.linkonce.sb.*)
 .sbss          0x0000000080026000       0x10 display.o
 .sbss          0x0000000080026010        0x1 gameflow.o
 *fill*         0x0000000080026011        0x3 
 .sbss          0x0000000080026014        0x4 input.o
                0x0000000080026014                pad
 .sbss          0x0000000080026018        0xc menu.o
                0x0000000080026018                menuPos
                0x000000008002601c                back
                0x0000000080026020                stateCounter
 .sbss          0x0000000080026024       0x1c testSuite.o
 *(.scommon)
 *(.dynbss)
 *(.bss .bss.* .gnu.linkonce.b.*)
 .bss           0x0000000080026040   0x155d20 main.o
                0x0000000080026040                spuSettings
 .bss           0x000000008017bd60    0x12310 display.o
 .bss           0x000000008018e070       0x44 input.o
                0x000000008018e070                pad_buff
 .bss           0x000000008018e0b4       0x2c menu.o
 .bss           0x000000008018e0e0       0x64 testSuite.o
 *fill*         0x000000008018e144        0x4 
 .bss           0x000000008018e148       0x10 C:/psyq/nolibgs_hello_worlds/psyq/lib\libapi.a(pad.o)
                0x000000008018e148                _apiPadPatch
 .bss           0x000000008018e158       0x10 C:/psyq/nolibgs_hello_worlds/psyq/lib\libapi.a(patch.o)
 .bss           0x000000008018e168       0x10 C:/psyq/nolibgs_hello_worlds/psyq/lib\libapi.a(chclrpad.o)
 .bss           0x000000008018e178     0x4410 C:/psyq/nolibgs_hello_worlds/psyq/lib\libgpu.a(font.o)
 .bss           0x0000000080192588     0x1850 C:/psyq/nolibgs_hello_worlds/psyq/lib\libgpu.a(sys.o)
                0x00000000801925d8                _que
 .bss           0x0000000080193dd8       0x10 C:/psyq/nolibgs_hello_worlds/psyq/lib\libgpu.a(t00.o)
 .bss           0x0000000080193de8       0x10 C:/psyq/nolibgs_hello_worlds/psyq/lib\libgte.a(patchgte.o)
 .bss           0x0000000080193df8       0x14 C:/psyq/nolibgs_hello_worlds/psyq/lib\libspu.a(spu.o)
                0x0000000080193df8                _spu_RQ
 *fill*         0x0000000080193e0c        0x4 
 .bss           0x0000000080193e10     0x2400 C:/psyq/nolibgs_hello_worlds/psyq/lib\libcd.a(iso9660.o)
 .bss           0x0000000080196210       0x34 C:/psyq/nolibgs_hello_worlds/psyq/lib\libcd.a(bios_1.o)
                0x0000000080196240                StMode
 *(COMMON)
                0x0000000080196244                . = ALIGN (0x4)
                0x0000000080196244                __bss_end = .
                0x0000000080196244                __heap_start = __heap_base
                0x000000008000f800                . = (ADDR (.text) - 0x800)
                0x000000008000f800                __end = .

/DISCARD/
 *(.MIPS.abiflags)

/DISCARD/
 *(.rel.iplt)
 *(.rela.iplt)
 *(.rel.plt)
 *(.rela.plt)
 *(.plt)
 *(.iplt)

/DISCARD/
 *(.note.GNU-stack)
 *(.gnu_debuglink)
 *(.gnu.lto_*)
OUTPUT(Castle.elf elf32-littlemips)

.reginfo        0x0000000000000000       0x18
 .reginfo       0x0000000000000000       0x18 main.o

.mdebug.abi32   0x0000000000000000        0x0
 .mdebug.abi32  0x0000000000000000        0x0 main.o
 .mdebug.abi32  0x0000000000000000        0x0 cd.o
 .mdebug.abi32  0x0000000000000000        0x0 display.o
 .mdebug.abi32  0x0000000000000000        0x0 gameflow.o
 .mdebug.abi32  0x0000000000000000        0x0 input.o
 .mdebug.abi32  0x0000000000000000        0x0 menu.o
 .mdebug.abi32  0x0000000000000000        0x0 ui.o
 .mdebug.abi32  0x0000000000000000        0x0 testSuite.o
 .mdebug.abi32  0x0000000000000000        0x0 clip.o

.comment        0x0000000000000000       0x12
 .comment       0x0000000000000000       0x12 main.o
                                         0x13 (size before relaxing)
 .comment       0x0000000000000012       0x13 cd.o
 .comment       0x0000000000000012       0x13 display.o
 .comment       0x0000000000000012       0x13 gameflow.o
 .comment       0x0000000000000012       0x13 input.o
 .comment       0x0000000000000012       0x13 menu.o
 .comment       0x0000000000000012       0x13 ui.o
 .comment       0x0000000000000012       0x13 testSuite.o
 .comment       0x0000000000000012       0x13 clip.o

.gnu.attributes
                0x0000000000000000       0x10
 .gnu.attributes
                0x0000000000000000       0x10 main.o
 .gnu.attributes
                0x0000000000000010       0x10 cd.o
 .gnu.attributes
                0x0000000000000020       0x10 display.o
 .gnu.attributes
                0x0000000000000030       0x10 gameflow.o
 .gnu.attributes
                0x0000000000000040       0x10 input.o
 .gnu.attributes
                0x0000000000000050       0x10 menu.o
 .gnu.attributes
                0x0000000000000060       0x10 ui.o
 .gnu.attributes
                0x0000000000000070       0x10 testSuite.o
 .gnu.attributes
                0x0000000000000080       0x10 clip.o
 .gnu.attributes
                0x0000000000000090       0x10 C:/psyq/nolibgs_hello_worlds/thirdparty/nugget/common/crt0/crt0.o

.pdr            0x0000000000000000        0x0
 .pdr           0x0000000000000000        0x0 C:/psyq/nolibgs_hello_worlds/thirdparty/nugget/common/crt0/crt0.o

.note           0x0000000000000000     0x33a8
 .note          0x0000000000000000       0x74 C:/psyq/nolibgs_hello_worlds/psyq/lib\libapi.a(a36.o)
 .note          0x0000000000000074       0x74 C:/psyq/nolibgs_hello_worlds/psyq/lib\libapi.a(a37.o)
 .note          0x00000000000000e8       0x74 C:/psyq/nolibgs_hello_worlds/psyq/lib\libapi.a(a91.o)
 .note          0x000000000000015c       0x74 C:/psyq/nolibgs_hello_worlds/psyq/lib\libapi.a(c160.o)
 .note          0x00000000000001d0       0x74 C:/psyq/nolibgs_hello_worlds/psyq/lib\libapi.a(c57.o)
 .note          0x0000000000000244       0x74 C:/psyq/nolibgs_hello_worlds/psyq/lib\libapi.a(pad.o)
 .note          0x00000000000002b8       0x74 C:/psyq/nolibgs_hello_worlds/psyq/lib\libapi.a(patch.o)
 .note          0x000000000000032c       0x74 C:/psyq/nolibgs_hello_worlds/psyq/lib\libapi.a(a18.o)
 .note          0x00000000000003a0       0x74 C:/psyq/nolibgs_hello_worlds/psyq/lib\libapi.a(a19.o)
 .note          0x0000000000000414       0x74 C:/psyq/nolibgs_hello_worlds/psyq/lib\libapi.a(a21.o)
 .note          0x0000000000000488       0x74 C:/psyq/nolibgs_hello_worlds/psyq/lib\libapi.a(c68.o)
 .note          0x00000000000004fc       0x74 C:/psyq/nolibgs_hello_worlds/psyq/lib\libapi.a(chclrpad.o)
 .note          0x0000000000000570       0x74 C:/psyq/nolibgs_hello_worlds/psyq/lib\libapi.a(l02.o)
 .note          0x00000000000005e4       0x74 C:/psyq/nolibgs_hello_worlds/psyq/lib\libapi.a(l03.o)
 .note          0x0000000000000658       0x74 C:/psyq/nolibgs_hello_worlds/psyq/lib\libc.a(c42.o)
 .note          0x00000000000006cc       0x74 C:/psyq/nolibgs_hello_worlds/psyq/lib\libc.a(c43.o)
 .note          0x0000000000000740       0x74 C:/psyq/nolibgs_hello_worlds/psyq/lib\libc.a(c51.o)
 .note          0x00000000000007b4       0x74 C:/psyq/nolibgs_hello_worlds/psyq/lib\libc.a(c52.o)
 .note          0x0000000000000828       0x74 C:/psyq/nolibgs_hello_worlds/psyq/lib\libc.a(c63.o)
 .note          0x000000000000089c       0x74 C:/psyq/nolibgs_hello_worlds/psyq/lib\libetc.a(vmode.o)
 .note          0x0000000000000910       0x74 C:/psyq/nolibgs_hello_worlds/psyq/lib\libetc.a(vsync.o)
 .note          0x0000000000000984       0x74 C:/psyq/nolibgs_hello_worlds/psyq/lib\libetc.a(intr_vb.o)
 .note          0x00000000000009f8       0x74 C:/psyq/nolibgs_hello_worlds/psyq/lib\libetc.a(intr.o)
 .note          0x0000000000000a6c       0x74 C:/psyq/nolibgs_hello_worlds/psyq/lib\libetc.a(intr_dma.o)
 .note          0x0000000000000ae0       0x74 C:/psyq/nolibgs_hello_worlds/psyq/lib\libgpu.a(e03.o)
 .note          0x0000000000000b54       0x74 C:/psyq/nolibgs_hello_worlds/psyq/lib\libgpu.a(e04.o)
 .note          0x0000000000000bc8       0x74 C:/psyq/nolibgs_hello_worlds/psyq/lib\libgpu.a(font.o)
 .note          0x0000000000000c3c       0x74 C:/psyq/nolibgs_hello_worlds/psyq/lib\libgpu.a(p06.o)
 .note          0x0000000000000cb0       0x74 C:/psyq/nolibgs_hello_worlds/psyq/lib\libgpu.a(p09.o)
 .note          0x0000000000000d24       0x74 C:/psyq/nolibgs_hello_worlds/psyq/lib\libgpu.a(p10.o)
 .note          0x0000000000000d98       0x74 C:/psyq/nolibgs_hello_worlds/psyq/lib\libgpu.a(p20.o)
 .note          0x0000000000000e0c       0x74 C:/psyq/nolibgs_hello_worlds/psyq/lib\libgpu.a(p26.o)
 .note          0x0000000000000e80       0x74 C:/psyq/nolibgs_hello_worlds/psyq/lib\libgpu.a(p41.o)
 .note          0x0000000000000ef4       0x74 C:/psyq/nolibgs_hello_worlds/psyq/lib\libgpu.a(sys.o)
 .note          0x0000000000000f68       0x74 C:/psyq/nolibgs_hello_worlds/psyq/lib\libgpu.a(t00.o)
 .note          0x0000000000000fdc       0x74 C:/psyq/nolibgs_hello_worlds/psyq/lib\libgpu.a(e00.o)
 .note          0x0000000000001050       0x74 C:/psyq/nolibgs_hello_worlds/psyq/lib\libgpu.a(e02.o)
 .note          0x00000000000010c4       0x74 C:/psyq/nolibgs_hello_worlds/psyq/lib\libgpu.a(p00.o)
 .note          0x0000000000001138       0x74 C:/psyq/nolibgs_hello_worlds/psyq/lib\libgpu.a(p01.o)
 .note          0x00000000000011ac       0x74 C:/psyq/nolibgs_hello_worlds/psyq/lib\libgte.a(cmb_06.o)
 .note          0x0000000000001220       0x74 C:/psyq/nolibgs_hello_worlds/psyq/lib\libgte.a(cmb_07.o)
 .note          0x0000000000001294       0x74 C:/psyq/nolibgs_hello_worlds/psyq/lib\libgte.a(cor_02.o)
 .note          0x0000000000001308       0x74 C:/psyq/nolibgs_hello_worlds/psyq/lib\libgte.a(cor_03.o)
 .note          0x000000000000137c       0x74 C:/psyq/nolibgs_hello_worlds/psyq/lib\libgte.a(fgo_01.o)
 .note          0x00000000000013f0       0x74 C:/psyq/nolibgs_hello_worlds/psyq/lib\libgte.a(msc00.o)
 .note          0x0000000000001464       0x74 C:/psyq/nolibgs_hello_worlds/psyq/lib\libgte.a(msc02.o)
 .note          0x00000000000014d8       0x74 C:/psyq/nolibgs_hello_worlds/psyq/lib\libgte.a(mtx_004.o)
 .note          0x000000000000154c       0x74 C:/psyq/nolibgs_hello_worlds/psyq/lib\libgte.a(mtx_006.o)
 .note          0x00000000000015c0       0x74 C:/psyq/nolibgs_hello_worlds/psyq/lib\libgte.a(mtx_00c.o)
 .note          0x0000000000001634       0x74 C:/psyq/nolibgs_hello_worlds/psyq/lib\libgte.a(mtx_07.o)
 .note          0x00000000000016a8       0x74 C:/psyq/nolibgs_hello_worlds/psyq/lib\libgte.a(mtx_09.o)
 .note          0x000000000000171c       0x74 C:/psyq/nolibgs_hello_worlds/psyq/lib\libgte.a(mtx_12.o)
 .note          0x0000000000001790       0x74 C:/psyq/nolibgs_hello_worlds/psyq/lib\libgte.a(patchgte.o)
 .note          0x0000000000001804       0x74 C:/psyq/nolibgs_hello_worlds/psyq/lib\libgte.a(cor_01.o)
 .note          0x0000000000001878       0x74 C:/psyq/nolibgs_hello_worlds/psyq/lib\libgte.a(cstbl.o)
 .note          0x00000000000018ec       0x74 C:/psyq/nolibgs_hello_worlds/psyq/lib\libpress.a(libpress.o)
 .note          0x0000000000001960       0x74 C:/psyq/nolibgs_hello_worlds/psyq/lib\libpress.a(vlc.o)
 .note          0x00000000000019d4       0x74 C:/psyq/nolibgs_hello_worlds/psyq/lib\libpress.a(table.o)
 .note          0x0000000000001a48       0x74 C:/psyq/nolibgs_hello_worlds/psyq/lib\libspu.a(s_i.o)
 .note          0x0000000000001abc       0x74 C:/psyq/nolibgs_hello_worlds/psyq/lib\libspu.a(s_ini.o)
 .note          0x0000000000001b30       0x74 C:/psyq/nolibgs_hello_worlds/psyq/lib\libspu.a(s_m.o)
 .note          0x0000000000001ba4       0x74 C:/psyq/nolibgs_hello_worlds/psyq/lib\libspu.a(s_rmp0.o)
 .note          0x0000000000001c18       0x74 C:/psyq/nolibgs_hello_worlds/psyq/lib\libspu.a(s_sca.o)
 .note          0x0000000000001c8c       0x74 C:/psyq/nolibgs_hello_worlds/psyq/lib\libspu.a(s_stm.o)
 .note          0x0000000000001d00       0x74 C:/psyq/nolibgs_hello_worlds/psyq/lib\libspu.a(spu.o)
 .note          0x0000000000001d74       0x74 C:/psyq/nolibgs_hello_worlds/psyq/lib\libspu.a(s_dcb.o)
 .note          0x0000000000001de8       0x74 C:/psyq/nolibgs_hello_worlds/psyq/lib\libcd.a(c_003.o)
 .note          0x0000000000001e5c       0x74 C:/psyq/nolibgs_hello_worlds/psyq/lib\libcd.a(c_005.o)
 .note          0x0000000000001ed0       0x74 C:/psyq/nolibgs_hello_worlds/psyq/lib\libcd.a(c_007.o)
 .note          0x0000000000001f44       0x74 C:/psyq/nolibgs_hello_worlds/psyq/lib\libcd.a(c_009.o)
 .note          0x0000000000001fb8       0x74 C:/psyq/nolibgs_hello_worlds/psyq/lib\libcd.a(c_010.o)
 .note          0x000000000000202c       0x74 C:/psyq/nolibgs_hello_worlds/psyq/lib\libcd.a(c_011.o)
 .note          0x00000000000020a0       0x74 C:/psyq/nolibgs_hello_worlds/psyq/lib\libcd.a(cdr_1.o)
 .note          0x0000000000002114       0x74 C:/psyq/nolibgs_hello_worlds/psyq/lib\libcd.a(cdread2.o)
 .note          0x0000000000002188       0x74 C:/psyq/nolibgs_hello_worlds/psyq/lib\libcd.a(cdrom.o)
 .note          0x00000000000021fc       0x74 C:/psyq/nolibgs_hello_worlds/psyq/lib\libcd.a(event.o)
 .note          0x0000000000002270       0x74 C:/psyq/nolibgs_hello_worlds/psyq/lib\libcd.a(iso9660.o)
 .note          0x00000000000022e4       0x74 C:/psyq/nolibgs_hello_worlds/psyq/lib\libcd.a(s_002.o)
 .note          0x0000000000002358       0x74 C:/psyq/nolibgs_hello_worlds/psyq/lib\libcd.a(s_003.o)
 .note          0x00000000000023cc       0x74 C:/psyq/nolibgs_hello_worlds/psyq/lib\libcd.a(s_004.o)
 .note          0x0000000000002440       0x74 C:/psyq/nolibgs_hello_worlds/psyq/lib\libcd.a(s_006.o)
 .note          0x00000000000024b4       0x74 C:/psyq/nolibgs_hello_worlds/psyq/lib\libcd.a(s_008.o)
 .note          0x0000000000002528       0x74 C:/psyq/nolibgs_hello_worlds/psyq/lib\libcd.a(s_013.o)
 .note          0x000000000000259c       0x74 C:/psyq/nolibgs_hello_worlds/psyq/lib\libcd.a(s_014.o)
 .note          0x0000000000002610       0x74 C:/psyq/nolibgs_hello_worlds/psyq/lib\libcd.a(s_015.o)
 .note          0x0000000000002684       0x74 C:/psyq/nolibgs_hello_worlds/psyq/lib\libcd.a(s_016.o)
 .note          0x00000000000026f8       0x74 C:/psyq/nolibgs_hello_worlds/psyq/lib\libcd.a(s_021.o)
 .note          0x000000000000276c       0x74 C:/psyq/nolibgs_hello_worlds/psyq/lib\libcd.a(s_022.o)
 .note          0x00000000000027e0       0x74 C:/psyq/nolibgs_hello_worlds/psyq/lib\libcd.a(s_023.o)
 .note          0x0000000000002854       0x74 C:/psyq/nolibgs_hello_worlds/psyq/lib\libcd.a(s_024.o)
 .note          0x00000000000028c8       0x74 C:/psyq/nolibgs_hello_worlds/psyq/lib\libcd.a(sys.o)
 .note          0x000000000000293c       0x74 C:/psyq/nolibgs_hello_worlds/psyq/lib\libcd.a(bios_1.o)
 .note          0x00000000000029b0       0x74 C:/psyq/nolibgs_hello_worlds/psyq/lib\libcd.a(bios_2.o)
 .note          0x0000000000002a24       0x74 C:/psyq/nolibgs_hello_worlds/psyq/lib\libcd.a(bios_3.o)
 .note          0x0000000000002a98       0x74 C:/psyq/nolibgs_hello_worlds/psyq/lib\libcd.a(c_002.o)
 .note          0x0000000000002b0c       0x74 C:/psyq/nolibgs_hello_worlds/psyq/lib\libcd.a(c_004.o)
 .note          0x0000000000002b80       0x74 C:/psyq/nolibgs_hello_worlds/psyq/lib\libcd.a(c_008.o)
 .note          0x0000000000002bf4       0x74 C:/psyq/nolibgs_hello_worlds/psyq/lib\libapi.a(a07.o)
 .note          0x0000000000002c68       0x74 C:/psyq/nolibgs_hello_worlds/psyq/lib\libapi.a(a08.o)
 .note          0x0000000000002cdc       0x74 C:/psyq/nolibgs_hello_worlds/psyq/lib\libapi.a(a12.o)
 .note          0x0000000000002d50       0x74 C:/psyq/nolibgs_hello_worlds/psyq/lib\libapi.a(a23.o)
 .note          0x0000000000002dc4       0x74 C:/psyq/nolibgs_hello_worlds/psyq/lib\libapi.a(a24.o)
 .note          0x0000000000002e38       0x74 C:/psyq/nolibgs_hello_worlds/psyq/lib\libapi.a(a25.o)
 .note          0x0000000000002eac       0x74 C:/psyq/nolibgs_hello_worlds/psyq/lib\libapi.a(c114.o)
 .note          0x0000000000002f20       0x74 C:/psyq/nolibgs_hello_worlds/psyq/lib\libapi.a(c73.o)
 .note          0x0000000000002f94       0x74 C:/psyq/nolibgs_hello_worlds/psyq/lib\libapi.a(l10.o)
 .note          0x0000000000003008       0x74 C:/psyq/nolibgs_hello_worlds/psyq/lib\libc.a(a63.o)
 .note          0x000000000000307c       0x74 C:/psyq/nolibgs_hello_worlds/psyq/lib\libc.a(c19.o)
 .note          0x00000000000030f0       0x74 C:/psyq/nolibgs_hello_worlds/psyq/lib\libc.a(c23.o)
 .note          0x0000000000003164       0x74 C:/psyq/nolibgs_hello_worlds/psyq/lib\libc.a(c24.o)
 .note          0x00000000000031d8       0x74 C:/psyq/nolibgs_hello_worlds/psyq/lib\libc.a(c27.o)
 .note          0x000000000000324c       0x74 C:/psyq/nolibgs_hello_worlds/psyq/lib\libds.a(dscb_2.o)
 .note          0x00000000000032c0       0x74 C:/psyq/nolibgs_hello_worlds/psyq/lib\libds.a(dscb_4.o)
 .note          0x0000000000003334       0x74 C:/psyq/nolibgs_hello_worlds/psyq/lib\libds.a(dscb.o)

.debug_info     0x0000000000000000     0x76d5
 .debug_info    0x0000000000000000     0x1000 main.o
 .debug_info    0x0000000000001000      0x445 cd.o
 .debug_info    0x0000000000001445     0x19f2 display.o
 .debug_info    0x0000000000002e37       0xe7 gameflow.o
 .debug_info    0x0000000000002f1e      0x5d9 input.o
 .debug_info    0x00000000000034f7      0x67e menu.o
 .debug_info    0x0000000000003b75      0x3c8 ui.o
 .debug_info    0x0000000000003f3d     0x34ac testSuite.o
 .debug_info    0x00000000000073e9      0x2c8 clip.o
 .debug_info    0x00000000000076b1       0x24 C:/psyq/nolibgs_hello_worlds/thirdparty/nugget/common/crt0/crt0.o

.debug_abbrev   0x0000000000000000     0x15db
 .debug_abbrev  0x0000000000000000      0x469 main.o
 .debug_abbrev  0x0000000000000469      0x1d4 cd.o
 .debug_abbrev  0x000000000000063d      0x362 display.o
 .debug_abbrev  0x000000000000099f       0xa5 gameflow.o
 .debug_abbrev  0x0000000000000a44      0x25c input.o
 .debug_abbrev  0x0000000000000ca0      0x27d menu.o
 .debug_abbrev  0x0000000000000f1d      0x1d9 ui.o
 .debug_abbrev  0x00000000000010f6      0x36f testSuite.o
 .debug_abbrev  0x0000000000001465      0x162 clip.o
 .debug_abbrev  0x00000000000015c7       0x14 C:/psyq/nolibgs_hello_worlds/thirdparty/nugget/common/crt0/crt0.o

.debug_loclists
                0x0000000000000000     0x3949
 .debug_loclists
                0x0000000000000000      0x1cd main.o
 .debug_loclists
                0x00000000000001cd       0x65 cd.o
 .debug_loclists
                0x0000000000000232      0x5d3 display.o
 .debug_loclists
                0x0000000000000805      0x3b3 input.o
 .debug_loclists
                0x0000000000000bb8       0x49 menu.o
 .debug_loclists
                0x0000000000000c01       0x8e ui.o
 .debug_loclists
                0x0000000000000c8f     0x2b40 testSuite.o
 .debug_loclists
                0x00000000000037cf      0x17a clip.o

.debug_aranges  0x0000000000000000      0x278
 .debug_aranges
                0x0000000000000000       0x48 main.o
 .debug_aranges
                0x0000000000000048       0x30 cd.o
 .debug_aranges
                0x0000000000000078       0x68 display.o
 .debug_aranges
                0x00000000000000e0       0x20 gameflow.o
 .debug_aranges
                0x0000000000000100       0x40 input.o
 .debug_aranges
                0x0000000000000140       0x30 menu.o
 .debug_aranges
                0x0000000000000170       0x38 ui.o
 .debug_aranges
                0x00000000000001a8       0x80 testSuite.o
 .debug_aranges
                0x0000000000000228       0x30 clip.o
 .debug_aranges
                0x0000000000000258       0x20 C:/psyq/nolibgs_hello_worlds/thirdparty/nugget/common/crt0/crt0.o

.debug_rnglists
                0x0000000000000000      0x89b
 .debug_rnglists
                0x0000000000000000       0x86 main.o
 .debug_rnglists
                0x0000000000000086       0x20 cd.o
 .debug_rnglists
                0x00000000000000a6       0xd5 display.o
 .debug_rnglists
                0x000000000000017b       0x13 gameflow.o
 .debug_rnglists
                0x000000000000018e       0x2c input.o
 .debug_rnglists
                0x00000000000001ba       0x21 menu.o
 .debug_rnglists
                0x00000000000001db       0x25 ui.o
 .debug_rnglists
                0x0000000000000200      0x67a testSuite.o
 .debug_rnglists
                0x000000000000087a       0x21 clip.o

.debug_line     0x0000000000000000     0x484c
 .debug_line    0x0000000000000000      0x5cc main.o
 .debug_line    0x00000000000005cc      0x19a cd.o
 .debug_line    0x0000000000000766      0x858 display.o
 .debug_line    0x0000000000000fbe       0xd2 gameflow.o
 .debug_line    0x0000000000001090      0x47f input.o
 .debug_line    0x000000000000150f      0x292 menu.o
 .debug_line    0x00000000000017a1      0x188 ui.o
 .debug_line    0x0000000000001929     0x2d25 testSuite.o
 .debug_line    0x000000000000464e      0x1a3 clip.o
 .debug_line    0x00000000000047f1       0x5b C:/psyq/nolibgs_hello_worlds/thirdparty/nugget/common/crt0/crt0.o

.debug_str      0x0000000000000000     0x129b
 .debug_str     0x0000000000000000      0x5bb main.o
                                        0x61f (size before relaxing)
 .debug_str     0x00000000000005bb       0x82 cd.o
                                        0x28d (size before relaxing)
 .debug_str     0x000000000000063d      0x444 display.o
                                        0x730 (size before relaxing)
 .debug_str     0x0000000000000a81       0x3b gameflow.o
                                        0x1dd (size before relaxing)
 .debug_str     0x0000000000000abc       0xea input.o
                                        0x3c5 (size before relaxing)
 .debug_str     0x0000000000000ba6       0x78 menu.o
                                        0x445 (size before relaxing)
 .debug_str     0x0000000000000c1e       0x1f ui.o
                                        0x29b (size before relaxing)
 .debug_str     0x0000000000000c3d      0x611 testSuite.o
                                        0xbba (size before relaxing)
 .debug_str     0x000000000000124e       0x11 clip.o
                                        0x1a1 (size before relaxing)
 .debug_str     0x000000000000125f       0x3c C:/psyq/nolibgs_hello_worlds/thirdparty/nugget/common/crt0/crt0.o

.debug_frame    0x0000000000000000      0x718
 .debug_frame   0x0000000000000000      0x110 main.o
 .debug_frame   0x0000000000000110       0x6c cd.o
 .debug_frame   0x000000000000017c      0x148 display.o
 .debug_frame   0x00000000000002c4       0x38 gameflow.o
 .debug_frame   0x00000000000002fc       0x98 input.o
 .debug_frame   0x0000000000000394       0x80 menu.o
 .debug_frame   0x0000000000000414       0x7c ui.o
 .debug_frame   0x0000000000000490      0x230 testSuite.o
 .debug_frame   0x00000000000006c0       0x58 clip.o

.debug_line_str
                0x0000000000000000       0x42
 .debug_line_str
                0x0000000000000000       0x42 C:/psyq/nolibgs_hello_worlds/thirdparty/nugget/common/crt0/crt0.o
                                         0x84 (size before relaxing)
