Archive member included to satisfy reference by file (symbol)

C:/psyq/nolibgs_hello_worlds/psyq/lib\libapi.a(a91.o)
                              input.o (ChangeClearPAD)
C:/psyq/nolibgs_hello_worlds/psyq/lib\libapi.a(c160.o)
                              input.o (_boot)
C:/psyq/nolibgs_hello_worlds/psyq/lib\libapi.a(c57.o)
                              main.o (InitHeap)
C:/psyq/nolibgs_hello_worlds/psyq/lib\libapi.a(pad.o)
                              input.o (InitPAD)
C:/psyq/nolibgs_hello_worlds/psyq/lib\libapi.a(patch.o)
                              C:/psyq/nolibgs_hello_worlds/psyq/lib\libapi.a(pad.o) (_patch_pad)
C:/psyq/nolibgs_hello_worlds/psyq/lib\libapi.a(a18.o)
                              C:/psyq/nolibgs_hello_worlds/psyq/lib\libapi.a(pad.o) (InitPAD2)
C:/psyq/nolibgs_hello_worlds/psyq/lib\libapi.a(a19.o)
                              C:/psyq/nolibgs_hello_worlds/psyq/lib\libapi.a(pad.o) (StartPAD2)
C:/psyq/nolibgs_hello_worlds/psyq/lib\libapi.a(a21.o)
                              C:/psyq/nolibgs_hello_worlds/psyq/lib\libapi.a(pad.o) (PAD_init2)
C:/psyq/nolibgs_hello_worlds/psyq/lib\libapi.a(a36.o)
                              C:/psyq/nolibgs_hello_worlds/psyq/lib\libapi.a(pad.o) (EnterCriticalSection)
C:/psyq/nolibgs_hello_worlds/psyq/lib\libapi.a(a37.o)
                              C:/psyq/nolibgs_hello_worlds/psyq/lib\libapi.a(pad.o) (ExitCriticalSection)
C:/psyq/nolibgs_hello_worlds/psyq/lib\libapi.a(c68.o)
                              C:/psyq/nolibgs_hello_worlds/psyq/lib\libapi.a(patch.o) (FlushCache)
C:/psyq/nolibgs_hello_worlds/psyq/lib\libapi.a(chclrpad.o)
                              C:/psyq/nolibgs_hello_worlds/psyq/lib\libapi.a(pad.o) (_remove_ChgclrPAD)
C:/psyq/nolibgs_hello_worlds/psyq/lib\libapi.a(l02.o)
                              C:/psyq/nolibgs_hello_worlds/psyq/lib\libapi.a(pad.o) (SysEnqIntRP)
C:/psyq/nolibgs_hello_worlds/psyq/lib\libapi.a(l03.o)
                              C:/psyq/nolibgs_hello_worlds/psyq/lib\libapi.a(pad.o) (SysDeqIntRP)
C:/psyq/nolibgs_hello_worlds/psyq/lib\libc.a(c42.o)
                              input.o (memcpy)
C:/psyq/nolibgs_hello_worlds/psyq/lib\libc.a(c43.o)
                              testSuite.o (memset)
C:/psyq/nolibgs_hello_worlds/psyq/lib\libc.a(c51.o)
                              cd.o (malloc)
C:/psyq/nolibgs_hello_worlds/psyq/lib\libc.a(c52.o)
                              menu.o (free)
C:/psyq/nolibgs_hello_worlds/psyq/lib\libc.a(c63.o)
                              cd.o (printf)
C:/psyq/nolibgs_hello_worlds/psyq/lib\libetc.a(vmode.o)
                              display.o (SetVideoMode)
C:/psyq/nolibgs_hello_worlds/psyq/lib\libetc.a(vsync.o)
                              main.o (VSync)
C:/psyq/nolibgs_hello_worlds/psyq/lib\libetc.a(intr_vb.o)
                              C:/psyq/nolibgs_hello_worlds/psyq/lib\libetc.a(vsync.o) (Vcount)
C:/psyq/nolibgs_hello_worlds/psyq/lib\libetc.a(intr.o)
                              C:/psyq/nolibgs_hello_worlds/psyq/lib\libetc.a(intr_vb.o) (InterruptCallback)
C:/psyq/nolibgs_hello_worlds/psyq/lib\libetc.a(intr_dma.o)
                              C:/psyq/nolibgs_hello_worlds/psyq/lib\libetc.a(intr.o) (startIntrDMA)
C:/psyq/nolibgs_hello_worlds/psyq/lib\libgpu.a(e03.o)
                              display.o (SetDefDrawEnv)
C:/psyq/nolibgs_hello_worlds/psyq/lib\libgpu.a(e04.o)
                              main.o (SetDefDispEnv)
C:/psyq/nolibgs_hello_worlds/psyq/lib\libgpu.a(font.o)
                              menu.o (FntFlush)
C:/psyq/nolibgs_hello_worlds/psyq/lib\libgpu.a(p06.o)
                              C:/psyq/nolibgs_hello_worlds/psyq/lib\libgpu.a(font.o) (AddPrim)
C:/psyq/nolibgs_hello_worlds/psyq/lib\libgpu.a(p09.o)
                              C:/psyq/nolibgs_hello_worlds/psyq/lib\libgpu.a(font.o) (TermPrim)
C:/psyq/nolibgs_hello_worlds/psyq/lib\libgpu.a(p10.o)
                              C:/psyq/nolibgs_hello_worlds/psyq/lib\libgpu.a(font.o) (SetSemiTrans)
C:/psyq/nolibgs_hello_worlds/psyq/lib\libgpu.a(p20.o)
                              C:/psyq/nolibgs_hello_worlds/psyq/lib\libgpu.a(font.o) (SetSprt8)
C:/psyq/nolibgs_hello_worlds/psyq/lib\libgpu.a(p26.o)
                              C:/psyq/nolibgs_hello_worlds/psyq/lib\libgpu.a(font.o) (SetTile)
C:/psyq/nolibgs_hello_worlds/psyq/lib\libgpu.a(p41.o)
                              C:/psyq/nolibgs_hello_worlds/psyq/lib\libgpu.a(font.o) (SetDrawMode)
C:/psyq/nolibgs_hello_worlds/psyq/lib\libgpu.a(sys.o)
                              main.o (LoadImage)
C:/psyq/nolibgs_hello_worlds/psyq/lib\libgpu.a(t00.o)
                              display.o (ReadTIM)
C:/psyq/nolibgs_hello_worlds/psyq/lib\libgpu.a(e00.o)
                              C:/psyq/nolibgs_hello_worlds/psyq/lib\libgpu.a(font.o) (LoadTPage)
C:/psyq/nolibgs_hello_worlds/psyq/lib\libgpu.a(e02.o)
                              C:/psyq/nolibgs_hello_worlds/psyq/lib\libgpu.a(font.o) (LoadClut2)
C:/psyq/nolibgs_hello_worlds/psyq/lib\libgpu.a(p00.o)
                              C:/psyq/nolibgs_hello_worlds/psyq/lib\libgpu.a(e00.o) (GetTPage)
C:/psyq/nolibgs_hello_worlds/psyq/lib\libgpu.a(p01.o)
                              C:/psyq/nolibgs_hello_worlds/psyq/lib\libgpu.a(e02.o) (GetClut)
C:/psyq/nolibgs_hello_worlds/psyq/lib\libgte.a(cmb_06.o)
                              display.o (RotAverageNclip3)
C:/psyq/nolibgs_hello_worlds/psyq/lib\libgte.a(cmb_07.o)
                              display.o (RotAverageNclip4)
C:/psyq/nolibgs_hello_worlds/psyq/lib\libgte.a(cor_02.o)
                              input.o (ccos)
C:/psyq/nolibgs_hello_worlds/psyq/lib\libgte.a(cor_03.o)
                              input.o (csin)
C:/psyq/nolibgs_hello_worlds/psyq/lib\libgte.a(fgo_01.o)
                              display.o (RotMatrix)
C:/psyq/nolibgs_hello_worlds/psyq/lib\libgte.a(msc00.o)
                              main.o (InitGeom)
C:/psyq/nolibgs_hello_worlds/psyq/lib\libgte.a(msc02.o)
                              lookat.o (VectorNormalS)
C:/psyq/nolibgs_hello_worlds/psyq/lib\libgte.a(mtx_004.o)
                              testSuite.o (ApplyMatrixLV)
C:/psyq/nolibgs_hello_worlds/psyq/lib\libgte.a(mtx_006.o)
                              display.o (PushMatrix)
C:/psyq/nolibgs_hello_worlds/psyq/lib\libgte.a(mtx_00c.o)
                              display.o (CompMatrixLV)
C:/psyq/nolibgs_hello_worlds/psyq/lib\libgte.a(mtx_07.o)
                              display.o (TransMatrix)
C:/psyq/nolibgs_hello_worlds/psyq/lib\libgte.a(mtx_09.o)
                              display.o (SetRotMatrix)
C:/psyq/nolibgs_hello_worlds/psyq/lib\libgte.a(mtx_12.o)
                              display.o (SetTransMatrix)
C:/psyq/nolibgs_hello_worlds/psyq/lib\libgte.a(patchgte.o)
                              C:/psyq/nolibgs_hello_worlds/psyq/lib\libgte.a(msc00.o) (_patch_gte)
C:/psyq/nolibgs_hello_worlds/psyq/lib\libgte.a(cor_01.o)
                              C:/psyq/nolibgs_hello_worlds/psyq/lib\libgte.a(cor_02.o) (csincos)
C:/psyq/nolibgs_hello_worlds/psyq/lib\libgte.a(cstbl.o)
                              C:/psyq/nolibgs_hello_worlds/psyq/lib\libgte.a(fgo_01.o) (rcossin_tbl)
C:/psyq/nolibgs_hello_worlds/psyq/lib\libpress.a(libpress.o)
                              main.o (DecDCToutCallback)
C:/psyq/nolibgs_hello_worlds/psyq/lib\libpress.a(vlc.o)
                              main.o (DecDCTvlc)
C:/psyq/nolibgs_hello_worlds/psyq/lib\libpress.a(table.o)
                              C:/psyq/nolibgs_hello_worlds/psyq/lib\libpress.a(vlc.o) (CF_DVLC)
C:/psyq/nolibgs_hello_worlds/psyq/lib\libspu.a(s_i.o)
                              main.o (SpuInit)
C:/psyq/nolibgs_hello_worlds/psyq/lib\libspu.a(s_ini.o)
                              C:/psyq/nolibgs_hello_worlds/psyq/lib\libspu.a(s_i.o) (_SpuInit)
C:/psyq/nolibgs_hello_worlds/psyq/lib\libspu.a(s_m.o)
                              C:/psyq/nolibgs_hello_worlds/psyq/lib\libspu.a(s_ini.o) (_spu_memList)
C:/psyq/nolibgs_hello_worlds/psyq/lib\libspu.a(s_rmp0.o)
                              C:/psyq/nolibgs_hello_worlds/psyq/lib\libspu.a(s_ini.o) (_spu_rev_startaddr)
C:/psyq/nolibgs_hello_worlds/psyq/lib\libspu.a(s_sca.o)
                              main.o (SpuSetCommonAttr)
C:/psyq/nolibgs_hello_worlds/psyq/lib\libspu.a(s_stm.o)
                              main.o (SpuSetTransferMode)
C:/psyq/nolibgs_hello_worlds/psyq/lib\libspu.a(spu.o)
                              C:/psyq/nolibgs_hello_worlds/psyq/lib\libspu.a(s_ini.o) (_spu_FiDMA)
C:/psyq/nolibgs_hello_worlds/psyq/lib\libspu.a(s_dcb.o)
                              C:/psyq/nolibgs_hello_worlds/psyq/lib\libspu.a(s_ini.o) (_SpuDataCallback)
C:/psyq/nolibgs_hello_worlds/psyq/lib\libcd.a(c_003.o)
                              main.o (StUnSetRing)
C:/psyq/nolibgs_hello_worlds/psyq/lib\libcd.a(c_005.o)
                              main.o (StSetStream)
C:/psyq/nolibgs_hello_worlds/psyq/lib\libcd.a(c_007.o)
                              main.o (StFreeRing)
C:/psyq/nolibgs_hello_worlds/psyq/lib\libcd.a(c_009.o)
                              main.o (StGetNext)
C:/psyq/nolibgs_hello_worlds/psyq/lib\libcd.a(c_010.o)
                              C:/psyq/nolibgs_hello_worlds/psyq/lib\libcd.a(c_005.o) (StSetMask)
C:/psyq/nolibgs_hello_worlds/psyq/lib\libcd.a(c_011.o)
                              main.o (StCdInterrupt)
C:/psyq/nolibgs_hello_worlds/psyq/lib\libcd.a(cdr_1.o)
                              cd.o (CdReadSync)
C:/psyq/nolibgs_hello_worlds/psyq/lib\libcd.a(cdread2.o)
                              main.o (CdRead2)
C:/psyq/nolibgs_hello_worlds/psyq/lib\libcd.a(cdrom.o)
                              C:/psyq/nolibgs_hello_worlds/psyq/lib\libcd.a(c_005.o) (Stsector_offset)
C:/psyq/nolibgs_hello_worlds/psyq/lib\libcd.a(event.o)
                              main.o (CdInit)
C:/psyq/nolibgs_hello_worlds/psyq/lib\libcd.a(iso9660.o)
                              main.o (CdSearchFile)
C:/psyq/nolibgs_hello_worlds/psyq/lib\libcd.a(s_002.o)
                              C:/psyq/nolibgs_hello_worlds/psyq/lib\libcd.a(iso9660.o) (CdIntToPos)
C:/psyq/nolibgs_hello_worlds/psyq/lib\libcd.a(s_003.o)
                              C:/psyq/nolibgs_hello_worlds/psyq/lib\libcd.a(cdr_1.o) (CdStatus)
C:/psyq/nolibgs_hello_worlds/psyq/lib\libcd.a(s_004.o)
                              C:/psyq/nolibgs_hello_worlds/psyq/lib\libcd.a(cdr_1.o) (CdMode)
C:/psyq/nolibgs_hello_worlds/psyq/lib\libcd.a(s_006.o)
                              C:/psyq/nolibgs_hello_worlds/psyq/lib\libcd.a(cdr_1.o) (CdLastPos)
C:/psyq/nolibgs_hello_worlds/psyq/lib\libcd.a(s_008.o)
                              C:/psyq/nolibgs_hello_worlds/psyq/lib\libcd.a(cdr_1.o) (CdFlush)
C:/psyq/nolibgs_hello_worlds/psyq/lib\libcd.a(s_013.o)
                              C:/psyq/nolibgs_hello_worlds/psyq/lib\libcd.a(c_011.o) (CdReady)
C:/psyq/nolibgs_hello_worlds/psyq/lib\libcd.a(s_014.o)
                              C:/psyq/nolibgs_hello_worlds/psyq/lib\libcd.a(cdr_1.o) (CdSyncCallback)
C:/psyq/nolibgs_hello_worlds/psyq/lib\libcd.a(s_015.o)
                              C:/psyq/nolibgs_hello_worlds/psyq/lib\libcd.a(c_003.o) (CdReadyCallback)
C:/psyq/nolibgs_hello_worlds/psyq/lib\libcd.a(s_016.o)
                              main.o (CdControl)
C:/psyq/nolibgs_hello_worlds/psyq/lib\libcd.a(s_021.o)
                              C:/psyq/nolibgs_hello_worlds/psyq/lib\libcd.a(cdr_1.o) (CdGetSector)
C:/psyq/nolibgs_hello_worlds/psyq/lib\libcd.a(s_022.o)
                              C:/psyq/nolibgs_hello_worlds/psyq/lib\libcd.a(cdr_1.o) (CdGetSector2)
C:/psyq/nolibgs_hello_worlds/psyq/lib\libcd.a(s_023.o)
                              C:/psyq/nolibgs_hello_worlds/psyq/lib\libcd.a(c_003.o) (CdDataCallback)
C:/psyq/nolibgs_hello_worlds/psyq/lib\libcd.a(s_024.o)
                              C:/psyq/nolibgs_hello_worlds/psyq/lib\libcd.a(cdr_1.o) (CdDataSync)
C:/psyq/nolibgs_hello_worlds/psyq/lib\libcd.a(sys.o)
                              C:/psyq/nolibgs_hello_worlds/psyq/lib\libcd.a(cdr_1.o) (CdPosToInt)
C:/psyq/nolibgs_hello_worlds/psyq/lib\libcd.a(bios_1.o)
                              C:/psyq/nolibgs_hello_worlds/psyq/lib\libcd.a(event.o) (CD_cbready)
C:/psyq/nolibgs_hello_worlds/psyq/lib\libcd.a(bios_2.o)
                              C:/psyq/nolibgs_hello_worlds/psyq/lib\libcd.a(s_021.o) (CD_getsector)
C:/psyq/nolibgs_hello_worlds/psyq/lib\libcd.a(bios_3.o)
                              C:/psyq/nolibgs_hello_worlds/psyq/lib\libcd.a(s_022.o) (CD_getsector2)
C:/psyq/nolibgs_hello_worlds/psyq/lib\libcd.a(c_002.o)
                              C:/psyq/nolibgs_hello_worlds/psyq/lib\libcd.a(cdrom.o) (StClearRing)
C:/psyq/nolibgs_hello_worlds/psyq/lib\libcd.a(c_004.o)
                              C:/psyq/nolibgs_hello_worlds/psyq/lib\libcd.a(c_011.o) (data_ready_callback)
C:/psyq/nolibgs_hello_worlds/psyq/lib\libcd.a(c_008.o)
                              C:/psyq/nolibgs_hello_worlds/psyq/lib\libcd.a(c_011.o) (init_ring_status)
C:/psyq/nolibgs_hello_worlds/psyq/lib\libapi.a(a07.o)
                              C:/psyq/nolibgs_hello_worlds/psyq/lib\libspu.a(spu.o) (DeliverEvent)
C:/psyq/nolibgs_hello_worlds/psyq/lib\libapi.a(a08.o)
                              C:/psyq/nolibgs_hello_worlds/psyq/lib\libspu.a(s_ini.o) (OpenEvent)
C:/psyq/nolibgs_hello_worlds/psyq/lib\libapi.a(a12.o)
                              C:/psyq/nolibgs_hello_worlds/psyq/lib\libspu.a(s_ini.o) (EnableEvent)
C:/psyq/nolibgs_hello_worlds/psyq/lib\libapi.a(a23.o)
                              C:/psyq/nolibgs_hello_worlds/psyq/lib\libetc.a(intr.o) (ReturnFromException)
C:/psyq/nolibgs_hello_worlds/psyq/lib\libapi.a(a24.o)
                              C:/psyq/nolibgs_hello_worlds/psyq/lib\libetc.a(intr.o) (ResetEntryInt)
C:/psyq/nolibgs_hello_worlds/psyq/lib\libapi.a(a25.o)
                              C:/psyq/nolibgs_hello_worlds/psyq/lib\libetc.a(intr.o) (HookEntryInt)
C:/psyq/nolibgs_hello_worlds/psyq/lib\libapi.a(c114.o)
                              C:/psyq/nolibgs_hello_worlds/psyq/lib\libetc.a(intr.o) (_96_remove)
C:/psyq/nolibgs_hello_worlds/psyq/lib\libapi.a(c73.o)
                              C:/psyq/nolibgs_hello_worlds/psyq/lib\libgpu.a(sys.o) (GPU_cw)
C:/psyq/nolibgs_hello_worlds/psyq/lib\libapi.a(l10.o)
                              C:/psyq/nolibgs_hello_worlds/psyq/lib\libetc.a(vsync.o) (ChangeClearRCnt)
C:/psyq/nolibgs_hello_worlds/psyq/lib\libc.a(a63.o)
                              C:/psyq/nolibgs_hello_worlds/psyq/lib\libetc.a(vsync.o) (puts)
C:/psyq/nolibgs_hello_worlds/psyq/lib\libc.a(c19.o)
                              C:/psyq/nolibgs_hello_worlds/psyq/lib\libetc.a(intr.o) (setjmp)
C:/psyq/nolibgs_hello_worlds/psyq/lib\libc.a(c23.o)
                              C:/psyq/nolibgs_hello_worlds/psyq/lib\libcd.a(iso9660.o) (strcmp)
C:/psyq/nolibgs_hello_worlds/psyq/lib\libc.a(c24.o)
                              C:/psyq/nolibgs_hello_worlds/psyq/lib\libcd.a(iso9660.o) (strncmp)
C:/psyq/nolibgs_hello_worlds/psyq/lib\libc.a(c27.o)
                              C:/psyq/nolibgs_hello_worlds/psyq/lib\libgpu.a(font.o) (strlen)
C:/psyq/nolibgs_hello_worlds/psyq/lib\libds.a(dscb_2.o)
                              C:/psyq/nolibgs_hello_worlds/psyq/lib\libcd.a(c_003.o) (DsReadyCallback)
C:/psyq/nolibgs_hello_worlds/psyq/lib\libds.a(dscb_4.o)
                              C:/psyq/nolibgs_hello_worlds/psyq/lib\libcd.a(c_003.o) (DsDataCallback)
C:/psyq/nolibgs_hello_worlds/psyq/lib\libds.a(dscb.o)
                              C:/psyq/nolibgs_hello_worlds/psyq/lib\libds.a(dscb_2.o) (GlobalCallback)

Discarded input sections

 .text          0x0000000000000000        0x0 main.o
 .data          0x0000000000000000       0x2c main.o
 .MIPS.abiflags
                0x0000000000000000       0x18 main.o
 .pdr           0x0000000000000000       0xc0 main.o
 .text.strCallback
                0x0000000000000000      0x108 main.o
 .text.strNextVlc.constprop.0
                0x0000000000000000      0x1c4 main.o
 .text.strDoPlayback
                0x0000000000000000      0x38c main.o
 .text.PlayStr  0x0000000000000000       0x64 main.o
 .sbss          0x0000000000000000       0x20 main.o
 .text          0x0000000000000000        0x0 cd.o
 .data          0x0000000000000000        0x0 cd.o
 .bss           0x0000000000000000        0x0 cd.o
 .reginfo       0x0000000000000000       0x18 cd.o
 .MIPS.abiflags
                0x0000000000000000       0x18 cd.o
 .pdr           0x0000000000000000       0x60 cd.o
 .text          0x0000000000000000        0x0 display.o
 .data          0x0000000000000000        0x0 display.o
 .reginfo       0x0000000000000000       0x18 display.o
 .MIPS.abiflags
                0x0000000000000000       0x18 display.o
 .pdr           0x0000000000000000       0xe0 display.o
 .text.disp_DrawBack
                0x0000000000000000       0x78 display.o
 .text          0x0000000000000000        0x0 gameflow.o
 .data          0x0000000000000000        0x0 gameflow.o
 .bss           0x0000000000000000        0x0 gameflow.o
 .reginfo       0x0000000000000000       0x18 gameflow.o
 .MIPS.abiflags
                0x0000000000000000       0x18 gameflow.o
 .pdr           0x0000000000000000       0x20 gameflow.o
 .text          0x0000000000000000        0x0 input.o
 .data          0x0000000000000000        0x0 input.o
 .reginfo       0x0000000000000000       0x18 input.o
 .MIPS.abiflags
                0x0000000000000000       0x18 input.o
 .pdr           0x0000000000000000       0x60 input.o
 .text          0x0000000000000000        0x0 menu.o
 .data          0x0000000000000000        0x0 menu.o
 .reginfo       0x0000000000000000       0x18 menu.o
 .MIPS.abiflags
                0x0000000000000000       0x18 menu.o
 .pdr           0x0000000000000000       0x60 menu.o
 .text          0x0000000000000000        0x0 ui.o
 .data          0x0000000000000000        0x0 ui.o
 .bss           0x0000000000000000        0x0 ui.o
 .reginfo       0x0000000000000000       0x18 ui.o
 .MIPS.abiflags
                0x0000000000000000       0x18 ui.o
 .pdr           0x0000000000000000       0x80 ui.o
 .text.ui_DrawSprite
                0x0000000000000000       0x14 ui.o
 .text.ui_SetTPage
                0x0000000000000000       0x14 ui.o
 .text          0x0000000000000000        0x0 testSuite.o
 .reginfo       0x0000000000000000       0x18 testSuite.o
 .MIPS.abiflags
                0x0000000000000000       0x18 testSuite.o
 .pdr           0x0000000000000000       0x60 testSuite.o
 .text          0x0000000000000000        0x0 clip.o
 .data          0x0000000000000000        0x0 clip.o
 .bss           0x0000000000000000        0x0 clip.o
 .reginfo       0x0000000000000000       0x18 clip.o
 .MIPS.abiflags
                0x0000000000000000       0x18 clip.o
 .pdr           0x0000000000000000       0x60 clip.o
 .text          0x0000000000000000        0x0 gte.o
 .data          0x0000000000000000        0x0 gte.o
 .bss           0x0000000000000000        0x0 gte.o
 .reginfo       0x0000000000000000       0x18 gte.o
 .MIPS.abiflags
                0x0000000000000000       0x18 gte.o
 .pdr           0x0000000000000000        0x0 gte.o
 .mdebug.abi32  0x0000000000000000        0x0 gte.o
 .debug_info    0x0000000000000000       0xbc gte.o
 .debug_abbrev  0x0000000000000000       0x65 gte.o
 .debug_aranges
                0x0000000000000000       0x18 gte.o
 .debug_line    0x0000000000000000       0x5e gte.o
 .debug_str     0x0000000000000000      0x1ac gte.o
 .comment       0x0000000000000000       0x13 gte.o
 .gnu.attributes
                0x0000000000000000       0x10 gte.o
 .text          0x0000000000000000        0x0 lookat.o
 .data          0x0000000000000000        0x0 lookat.o
 .bss           0x0000000000000000        0x0 lookat.o
 .reginfo       0x0000000000000000       0x18 lookat.o
 .MIPS.abiflags
                0x0000000000000000       0x18 lookat.o
 .pdr           0x0000000000000000       0x40 lookat.o
 .mdebug.abi32  0x0000000000000000        0x0 lookat.o
 .text.crossProduct
                0x0000000000000000       0xa0 lookat.o
 .text.LookAt   0x0000000000000000      0x128 lookat.o
 .debug_info    0x0000000000000000      0x343 lookat.o
 .debug_abbrev  0x0000000000000000      0x138 lookat.o
 .debug_loclists
                0x0000000000000000       0x9f lookat.o
 .debug_aranges
                0x0000000000000000       0x28 lookat.o
 .debug_rnglists
                0x0000000000000000       0x1b lookat.o
 .debug_line    0x0000000000000000      0x1b6 lookat.o
 .debug_str     0x0000000000000000      0x1d7 lookat.o
 .comment       0x0000000000000000       0x13 lookat.o
 .debug_frame   0x0000000000000000       0x48 lookat.o
 .gnu.attributes
                0x0000000000000000       0x10 lookat.o
 .text          0x0000000000000000        0x0 C:/psyq/nolibgs_hello_worlds/thirdparty/nugget/common/crt0/crt0.o
 .data          0x0000000000000000        0x0 C:/psyq/nolibgs_hello_worlds/thirdparty/nugget/common/crt0/crt0.o
 .bss           0x0000000000000000        0x0 C:/psyq/nolibgs_hello_worlds/thirdparty/nugget/common/crt0/crt0.o
 .reginfo       0x0000000000000000       0x18 C:/psyq/nolibgs_hello_worlds/thirdparty/nugget/common/crt0/crt0.o
 .MIPS.abiflags
                0x0000000000000000       0x18 C:/psyq/nolibgs_hello_worlds/thirdparty/nugget/common/crt0/crt0.o
 .text          0x0000000000000000        0x0 C:/psyq/nolibgs_hello_worlds/thirdparty/nugget/common/syscalls/printf.o
 .data          0x0000000000000000        0x0 C:/psyq/nolibgs_hello_worlds/thirdparty/nugget/common/syscalls/printf.o
 .bss           0x0000000000000000        0x0 C:/psyq/nolibgs_hello_worlds/thirdparty/nugget/common/syscalls/printf.o
 .reginfo       0x0000000000000000       0x18 C:/psyq/nolibgs_hello_worlds/thirdparty/nugget/common/syscalls/printf.o
 .MIPS.abiflags
                0x0000000000000000       0x18 C:/psyq/nolibgs_hello_worlds/thirdparty/nugget/common/syscalls/printf.o
 .pdr           0x0000000000000000        0x0 C:/psyq/nolibgs_hello_worlds/thirdparty/nugget/common/syscalls/printf.o
 .ramtext       0x0000000000000000        0xc C:/psyq/nolibgs_hello_worlds/thirdparty/nugget/common/syscalls/printf.o
 .debug_line    0x0000000000000000       0x4b C:/psyq/nolibgs_hello_worlds/thirdparty/nugget/common/syscalls/printf.o
 .debug_line_str
                0x0000000000000000       0x90 C:/psyq/nolibgs_hello_worlds/thirdparty/nugget/common/syscalls/printf.o
 .debug_info    0x0000000000000000       0x24 C:/psyq/nolibgs_hello_worlds/thirdparty/nugget/common/syscalls/printf.o
 .debug_abbrev  0x0000000000000000       0x14 C:/psyq/nolibgs_hello_worlds/thirdparty/nugget/common/syscalls/printf.o
 .debug_aranges
                0x0000000000000000       0x20 C:/psyq/nolibgs_hello_worlds/thirdparty/nugget/common/syscalls/printf.o
 .debug_str     0x0000000000000000       0x3e C:/psyq/nolibgs_hello_worlds/thirdparty/nugget/common/syscalls/printf.o
 .gnu.attributes
                0x0000000000000000       0x10 C:/psyq/nolibgs_hello_worlds/thirdparty/nugget/common/syscalls/printf.o
 .data          0x0000000000000000      0x1a0 C:/psyq/nolibgs_hello_worlds/psyq/lib\libgte.a(msc02.o)
 .text          0x0000000000000000      0x2b0 C:/psyq/nolibgs_hello_worlds/psyq/lib\libgte.a(msc02.o)
 .rdata         0x0000000000000000       0x50 C:/psyq/nolibgs_hello_worlds/psyq/lib\libpress.a(libpress.o)
 .data          0x0000000000000000      0x150 C:/psyq/nolibgs_hello_worlds/psyq/lib\libpress.a(libpress.o)
 .text          0x0000000000000000      0x690 C:/psyq/nolibgs_hello_worlds/psyq/lib\libpress.a(libpress.o)
 .data          0x0000000000000000       0x30 C:/psyq/nolibgs_hello_worlds/psyq/lib\libpress.a(vlc.o)
 .text          0x0000000000000000      0x380 C:/psyq/nolibgs_hello_worlds/psyq/lib\libpress.a(vlc.o)
 .data          0x0000000000000000    0x10800 C:/psyq/nolibgs_hello_worlds/psyq/lib\libpress.a(table.o)
 .data          0x0000000000000000       0x10 C:/psyq/nolibgs_hello_worlds/psyq/lib\libcd.a(c_003.o)
 .text          0x0000000000000000       0x80 C:/psyq/nolibgs_hello_worlds/psyq/lib\libcd.a(c_003.o)
 .bss           0x0000000000000000        0xc C:/psyq/nolibgs_hello_worlds/psyq/lib\libcd.a(c_005.o)
 .data          0x0000000000000000       0x10 C:/psyq/nolibgs_hello_worlds/psyq/lib\libcd.a(c_005.o)
 .text          0x0000000000000000       0x90 C:/psyq/nolibgs_hello_worlds/psyq/lib\libcd.a(c_005.o)
 .data          0x0000000000000000       0x10 C:/psyq/nolibgs_hello_worlds/psyq/lib\libcd.a(c_007.o)
 .text          0x0000000000000000       0xb0 C:/psyq/nolibgs_hello_worlds/psyq/lib\libcd.a(c_007.o)
 .data          0x0000000000000000       0x10 C:/psyq/nolibgs_hello_worlds/psyq/lib\libcd.a(c_009.o)
 .text          0x0000000000000000       0xc0 C:/psyq/nolibgs_hello_worlds/psyq/lib\libcd.a(c_009.o)
 .data          0x0000000000000000       0x10 C:/psyq/nolibgs_hello_worlds/psyq/lib\libcd.a(c_010.o)
 .text          0x0000000000000000       0x20 C:/psyq/nolibgs_hello_worlds/psyq/lib\libcd.a(c_010.o)
 .bss           0x0000000000000000       0x10 C:/psyq/nolibgs_hello_worlds/psyq/lib\libcd.a(c_011.o)
 .rdata         0x0000000000000000       0x20 C:/psyq/nolibgs_hello_worlds/psyq/lib\libcd.a(c_011.o)
 .data          0x0000000000000000       0x50 C:/psyq/nolibgs_hello_worlds/psyq/lib\libcd.a(c_011.o)
 .text          0x0000000000000000      0xaf0 C:/psyq/nolibgs_hello_worlds/psyq/lib\libcd.a(c_011.o)
 .text          0x0000000000000000       0xb0 C:/psyq/nolibgs_hello_worlds/psyq/lib\libcd.a(cdread2.o)
 .bss           0x0000000000000000       0x8c C:/psyq/nolibgs_hello_worlds/psyq/lib\libcd.a(cdrom.o)
 .data          0x0000000000000000       0x10 C:/psyq/nolibgs_hello_worlds/psyq/lib\libcd.a(cdrom.o)
 .text          0x0000000000000000       0x30 C:/psyq/nolibgs_hello_worlds/psyq/lib\libcd.a(cdrom.o)
 .data          0x0000000000000000       0x10 C:/psyq/nolibgs_hello_worlds/psyq/lib\libcd.a(c_002.o)
 .text          0x0000000000000000       0x60 C:/psyq/nolibgs_hello_worlds/psyq/lib\libcd.a(c_002.o)
 .bss           0x0000000000000000       0x10 C:/psyq/nolibgs_hello_worlds/psyq/lib\libcd.a(c_004.o)
 .data          0x0000000000000000       0x10 C:/psyq/nolibgs_hello_worlds/psyq/lib\libcd.a(c_004.o)
 .text          0x0000000000000000       0xf0 C:/psyq/nolibgs_hello_worlds/psyq/lib\libcd.a(c_004.o)
 .data          0x0000000000000000       0x10 C:/psyq/nolibgs_hello_worlds/psyq/lib\libcd.a(c_008.o)
 .text          0x0000000000000000       0x40 C:/psyq/nolibgs_hello_worlds/psyq/lib\libcd.a(c_008.o)
 .text          0x0000000000000000       0x20 C:/psyq/nolibgs_hello_worlds/psyq/lib\libds.a(dscb_2.o)
 .text          0x0000000000000000       0x30 C:/psyq/nolibgs_hello_worlds/psyq/lib\libds.a(dscb_4.o)
 .bss           0x0000000000000000        0xc C:/psyq/nolibgs_hello_worlds/psyq/lib\libds.a(dscb.o)

Memory Configuration

Name             Origin             Length             Attributes
loader           0x000000008000f800 0x0000000000000800
ram              0x0000000080010000 0x00000000001f0000 xrw
dcache           0x000000001f800000 0x0000000000000400
*default*        0x0000000000000000 0xffffffffffffffff

Linker script and memory map

LOAD main.o
LOAD cd.o
LOAD display.o
LOAD gameflow.o
LOAD input.o
LOAD menu.o
LOAD ui.o
LOAD testSuite.o
LOAD clip.o
LOAD gte.o
LOAD lookat.o
LOAD C:/psyq/nolibgs_hello_worlds/thirdparty/nugget/common/crt0/crt0.o
LOAD C:/psyq/nolibgs_hello_worlds/thirdparty/nugget/common/syscalls/printf.o
START GROUP
LOAD C:/psyq/nolibgs_hello_worlds/psyq/lib\libapi.a
LOAD C:/psyq/nolibgs_hello_worlds/psyq/lib\libc.a
LOAD C:/psyq/nolibgs_hello_worlds/psyq/lib\libc2.a
LOAD C:/psyq/nolibgs_hello_worlds/psyq/lib\libcard.a
LOAD C:/psyq/nolibgs_hello_worlds/psyq/lib\libcomb.a
LOAD C:/psyq/nolibgs_hello_worlds/psyq/lib\libds.a
LOAD C:/psyq/nolibgs_hello_worlds/psyq/lib\libetc.a
LOAD C:/psyq/nolibgs_hello_worlds/psyq/lib\libgpu.a
LOAD C:/psyq/nolibgs_hello_worlds/psyq/lib\libgs.a
LOAD C:/psyq/nolibgs_hello_worlds/psyq/lib\libgte.a
LOAD C:/psyq/nolibgs_hello_worlds/psyq/lib\libgun.a
LOAD C:/psyq/nolibgs_hello_worlds/psyq/lib\libhmd.a
LOAD C:/psyq/nolibgs_hello_worlds/psyq/lib\libmath.a
LOAD C:/psyq/nolibgs_hello_worlds/psyq/lib\libmcrd.a
LOAD C:/psyq/nolibgs_hello_worlds/psyq/lib\libmcx.a
LOAD C:/psyq/nolibgs_hello_worlds/psyq/lib\libpad.a
LOAD C:/psyq/nolibgs_hello_worlds/psyq/lib\libpress.a
LOAD C:/psyq/nolibgs_hello_worlds/psyq/lib\libsio.a
LOAD C:/psyq/nolibgs_hello_worlds/psyq/lib\libsnd.a
LOAD C:/psyq/nolibgs_hello_worlds/psyq/lib\libspu.a
LOAD C:/psyq/nolibgs_hello_worlds/psyq/lib\libtap.a
LOAD C:/psyq/nolibgs_hello_worlds/psyq/lib\libcd.a
END GROUP
                0x0000000080115304                __heap_base = __bss_end
                0x0000000080010000                TLOAD_ADDR = DEFINED (TLOAD_ADDR)?TLOAD_ADDR:0x80010000
                0x0000000080200000                __ram_top = (ORIGIN (ram) + LENGTH (ram))
                0x00000000801fff00                __sp = (__ram_top - 0x100)
                0x000000001f800000                __dcache = ORIGIN (dcache)
                0x000000001f800400                __dcache_top = (ORIGIN (dcache) + LENGTH (dcache))
                0x00000000000f1304                __bss_len = (__bss_end - __bss_start)
                0x000000000000c7d0                __ftext_len = (__ftext_end - __ftext_start)
                0x0000000000007830                __fdata_len = (__fdata_end - __fdata_start)
                0x0000000080200000                __stack_start = (ORIGIN (ram) + LENGTH (ram))

.PSX_EXE_Header
                0x000000008000f800      0x800
                0x000000008000f800        0x1 BYTE 0x50
                0x000000008000f801        0x1 BYTE 0x53
                0x000000008000f802        0x1 BYTE 0x2d
                0x000000008000f803        0x1 BYTE 0x58
                0x000000008000f804        0x1 BYTE 0x20
                0x000000008000f805        0x1 BYTE 0x45
                0x000000008000f806        0x1 BYTE 0x58
                0x000000008000f807        0x1 BYTE 0x45
                0x000000008000f808        0x4 LONG 0x0
                0x000000008000f80c        0x4 LONG 0x0
                0x000000008000f810        0x4 LONG 0x80010000 ABSOLUTE (_start)
                0x000000008000f814        0x4 LONG 0x0
                0x000000008000f818        0x4 LONG 0x80010000 TLOAD_ADDR
                0x000000008000f81c        0x4 LONG 0x14000 (__ftext_len + __fdata_len)
                0x000000008000f820        0x4 LONG 0x0
                0x000000008000f824        0x4 LONG 0x0
                0x000000008000f828        0x4 LONG 0x0
                0x000000008000f82c        0x4 LONG 0x0
                0x000000008000f830        0x4 LONG 0x801fff00 DEFINED (_sp)?ABSOLUTE (_sp):0x801fff00
                0x000000008000f834        0x4 LONG 0x0
                0x0000000080010000                . = (. + 0x7c8)
 *fill*         0x000000008000f838      0x7c8 
                0x0000000080010000                __ftext_start = ABSOLUTE (.)

.text           0x0000000080010000     0xc7d0
 *(.start)
 .start         0x0000000080010000       0x64 C:/psyq/nolibgs_hello_worlds/thirdparty/nugget/common/crt0/crt0.o
                0x0000000080010000                _start
 *(.init)
 *(SORT_NONE(.fini))
 *(.text.unlikely .text.*_unlikely .text.unlikely.*)
 *(.text.exit .text.exit.*)
 *(.text.startup .text.startup.*)
 .text.startup.main
                0x0000000080010064       0x28 main.o
                0x0000000080010064                main
 *(.text.hot .text.hot.*)
 *(.text .stub .text.* .gnu.linkonce.t.*)
 .text.init     0x000000008001008c       0xd0 main.o
                0x000000008001008c                init
 .text.cdLoad_File
                0x000000008001015c       0xac cd.o
                0x000000008001015c                cdLoad_File
 .text.cdMusic_Ready
                0x0000000080010208       0x40 cd.o
                0x0000000080010208                cdMusic_Ready
 .text.cdMusic_PlayTrack
                0x0000000080010248       0x60 cd.o
                0x0000000080010248                cdMusic_PlayTrack
 .text.disp_initDisplay
                0x00000000800102a8      0x138 display.o
                0x00000000800102a8                disp_initDisplay
 .text.disp_Display
                0x00000000800103e0       0xdc display.o
                0x00000000800103e0                disp_Display
 .text.disp_SetDrawTPage
                0x00000000800104bc       0xcc display.o
                0x00000000800104bc                disp_SetDrawTPage
 .text.disp_DrawSprite
                0x0000000080010588       0xf0 display.o
                0x0000000080010588                disp_DrawSprite
 .text.disp_DrawTile
                0x0000000080010678       0xb4 display.o
                0x0000000080010678                disp_DrawTile
 .text.gte_DrawRoom
                0x000000008001072c      0x49c display.o
                0x000000008001072c                gte_DrawRoom
 .text.gf_doGame
                0x0000000080010bc8       0x6c gameflow.o
                0x0000000080010bc8                gf_doGame
 .text.input_Init
                0x0000000080010c34       0x3c input.o
                0x0000000080010c34                input_Init
 .text.input_Menu
                0x0000000080010c70       0x7c input.o
                0x0000000080010c70                input_Menu
 .text.input_TestSuiteCam
                0x0000000080010cec      0x578 input.o
                0x0000000080010cec                input_TestSuiteCam
 .text.menu_ShowLegal
                0x0000000080011264      0x198 menu.o
                0x0000000080011264                menu_ShowLegal
 .text.menu_MainMenu
                0x00000000800113fc      0x144 menu.o
                0x00000000800113fc                menu_MainMenu
 .text.menu_CleanUp
                0x0000000080011540       0x10 menu.o
                0x0000000080011540                menu_CleanUp
 .text.ui_LoadTexture
                0x0000000080011550       0x7c ui.o
                0x0000000080011550                ui_LoadTexture
 .text.ui_LoadSpriteData
                0x00000000800115cc       0x60 ui.o
                0x00000000800115cc                ui_LoadSpriteData
 .text.testS_LoadRoom
                0x000000008001162c      0x8f0 testSuite.o
                0x000000008001162c                testS_LoadRoom
 .text.testS_LoadGeo
                0x0000000080011f1c      0x160 testSuite.o
                0x0000000080011f1c                testS_LoadGeo
 .text.testS_Run
                0x000000008001207c      0x288 testSuite.o
                0x000000008001207c                testS_Run
 .text.test_clip
                0x0000000080012304       0x64 clip.o
                0x0000000080012304                test_clip
 .text.tri_clip
                0x0000000080012368       0x80 clip.o
                0x0000000080012368                tri_clip
 .text.quad_clip
                0x00000000800123e8       0xb8 clip.o
                0x00000000800123e8                quad_clip
 .text          0x00000000800124a0       0x10 C:/psyq/nolibgs_hello_worlds/psyq/lib\libapi.a(a91.o)
                0x00000000800124a0                ChangeClearPAD
 .text          0x00000000800124b0       0x10 C:/psyq/nolibgs_hello_worlds/psyq/lib\libapi.a(c160.o)
                0x00000000800124b0                _boot
 .text          0x00000000800124c0       0x10 C:/psyq/nolibgs_hello_worlds/psyq/lib\libapi.a(c57.o)
                0x00000000800124c0                InitHeap
 .text          0x00000000800124d0      0x290 C:/psyq/nolibgs_hello_worlds/psyq/lib\libapi.a(pad.o)
                0x00000000800124d0                SetInitPadFlag
                0x00000000800124dc                ReadInitPadFlag
                0x00000000800124ec                PAD_init
                0x000000008001257c                InitPAD
                0x000000008001260c                StartPAD
 .text          0x0000000080012760       0xa0 C:/psyq/nolibgs_hello_worlds/psyq/lib\libapi.a(patch.o)
                0x0000000080012760                EnablePAD
                0x0000000080012774                DisablePAD
                0x0000000080012788                _patch_pad
 .text          0x0000000080012800       0x10 C:/psyq/nolibgs_hello_worlds/psyq/lib\libapi.a(a18.o)
                0x0000000080012800                InitPAD2
 .text          0x0000000080012810       0x10 C:/psyq/nolibgs_hello_worlds/psyq/lib\libapi.a(a19.o)
                0x0000000080012810                StartPAD2
 .text          0x0000000080012820       0x10 C:/psyq/nolibgs_hello_worlds/psyq/lib\libapi.a(a21.o)
                0x0000000080012820                PAD_init2
 .text          0x0000000080012830       0x10 C:/psyq/nolibgs_hello_worlds/psyq/lib\libapi.a(a36.o)
                0x0000000080012830                EnterCriticalSection
 .text          0x0000000080012840       0x10 C:/psyq/nolibgs_hello_worlds/psyq/lib\libapi.a(a37.o)
                0x0000000080012840                ExitCriticalSection
 .text          0x0000000080012850       0x10 C:/psyq/nolibgs_hello_worlds/psyq/lib\libapi.a(c68.o)
                0x0000000080012850                FlushCache
 .text          0x0000000080012860       0x70 C:/psyq/nolibgs_hello_worlds/psyq/lib\libapi.a(chclrpad.o)
                0x0000000080012860                _remove_ChgclrPAD
 .text          0x00000000800128d0       0x10 C:/psyq/nolibgs_hello_worlds/psyq/lib\libapi.a(l02.o)
                0x00000000800128d0                SysEnqIntRP
 .text          0x00000000800128e0       0x10 C:/psyq/nolibgs_hello_worlds/psyq/lib\libapi.a(l03.o)
                0x00000000800128e0                SysDeqIntRP
 .text          0x00000000800128f0       0x10 C:/psyq/nolibgs_hello_worlds/psyq/lib\libc.a(c42.o)
                0x00000000800128f0                memcpy
 .text          0x0000000080012900       0x10 C:/psyq/nolibgs_hello_worlds/psyq/lib\libc.a(c43.o)
                0x0000000080012900                memset
 .text          0x0000000080012910       0x10 C:/psyq/nolibgs_hello_worlds/psyq/lib\libc.a(c51.o)
                0x0000000080012910                malloc
 .text          0x0000000080012920       0x10 C:/psyq/nolibgs_hello_worlds/psyq/lib\libc.a(c52.o)
                0x0000000080012920                free
 .text          0x0000000080012930       0x10 C:/psyq/nolibgs_hello_worlds/psyq/lib\libc.a(c63.o)
                0x0000000080012930                printf
 .text          0x0000000080012940       0x30 C:/psyq/nolibgs_hello_worlds/psyq/lib\libetc.a(vmode.o)
                0x0000000080012940                SetVideoMode
                0x0000000080012954                GetVideoMode
 .text          0x0000000080012970      0x210 C:/psyq/nolibgs_hello_worlds/psyq/lib\libetc.a(vsync.o)
                0x0000000080012970                VSync
 .text          0x0000000080012b80      0x120 C:/psyq/nolibgs_hello_worlds/psyq/lib\libetc.a(intr_vb.o)
                0x0000000080012b80                startIntrVSync
 .text          0x0000000080012ca0      0x6c0 C:/psyq/nolibgs_hello_worlds/psyq/lib\libetc.a(intr.o)
                0x0000000080012ca0                ResetCallback
                0x0000000080012cd0                InterruptCallback
                0x0000000080012d00                DMACallback
                0x0000000080012d30                VSyncCallback
                0x0000000080012d64                VSyncCallbacks
                0x0000000080012d94                StopCallback
                0x0000000080012dc4                RestartCallback
                0x0000000080012df4                CheckCallback
                0x0000000080012e04                GetIntrMask
                0x0000000080012e1c                SetIntrMask
 .text          0x0000000080013360      0x2a0 C:/psyq/nolibgs_hello_worlds/psyq/lib\libetc.a(intr_dma.o)
                0x0000000080013360                startIntrDMA
 .text          0x0000000080013600       0xc0 C:/psyq/nolibgs_hello_worlds/psyq/lib\libgpu.a(e03.o)
                0x0000000080013600                SetDefDrawEnv
 .text          0x00000000800136c0       0x40 C:/psyq/nolibgs_hello_worlds/psyq/lib\libgpu.a(e04.o)
                0x00000000800136c0                SetDefDispEnv
 .text          0x0000000080013700      0xa80 C:/psyq/nolibgs_hello_worlds/psyq/lib\libgpu.a(font.o)
                0x0000000080013700                SetDumpFnt
                0x0000000080013740                FntLoad
                0x00000000800137e0                FntOpen
                0x0000000080013a9c                FntFlush
                0x0000000080013db8                FntPrint
 .text          0x0000000080014180       0x40 C:/psyq/nolibgs_hello_worlds/psyq/lib\libgpu.a(p06.o)
                0x0000000080014180                AddPrim
 .text          0x00000000800141c0       0x20 C:/psyq/nolibgs_hello_worlds/psyq/lib\libgpu.a(p09.o)
                0x00000000800141c0                TermPrim
 .text          0x00000000800141e0       0x30 C:/psyq/nolibgs_hello_worlds/psyq/lib\libgpu.a(p10.o)
                0x00000000800141e0                SetSemiTrans
 .text          0x0000000080014210       0x20 C:/psyq/nolibgs_hello_worlds/psyq/lib\libgpu.a(p20.o)
                0x0000000080014210                SetSprt8
 .text          0x0000000080014230       0x20 C:/psyq/nolibgs_hello_worlds/psyq/lib\libgpu.a(p26.o)
                0x0000000080014230                SetTile
 .text          0x0000000080014250       0xa0 C:/psyq/nolibgs_hello_worlds/psyq/lib\libgpu.a(p41.o)
                0x0000000080014250                SetDrawMode
 .text          0x00000000800142f0     0x2f00 C:/psyq/nolibgs_hello_worlds/psyq/lib\libgpu.a(sys.o)
                0x00000000800142f0                ResetGraph
                0x0000000080014464                SetGraphDebug
                0x00000000800144c0                SetGraphQueue
                0x0000000080014564                GetGraphDebug
                0x0000000080014574                DrawSyncCallback
                0x00000000800145d4                SetDispMask
                0x000000008001466c                DrawSync
                0x00000000800147f0                ClearImage
                0x0000000080014880                ClearImage2
                0x0000000080014918                LoadImage
                0x0000000080014978                StoreImage
                0x00000000800149d8                MoveImage
                0x0000000080014a90                ClearOTag
                0x0000000080014b58                ClearOTagR
                0x0000000080014c04                DrawPrim
                0x0000000080014c60                DrawOTag
                0x0000000080014cd0                PutDrawEnv
                0x0000000080014d90                DrawOTagEnv
                0x0000000080014e68                GetDrawEnv
                0x0000000080014e9c                PutDispEnv
                0x0000000080015394                GetDispEnv
                0x00000000800153c8                GetODE
                0x00000000800153f8                SetDrawArea
                0x0000000080015478                SetDrawOffset
                0x00000000800154b8                SetDrawEnv
                0x0000000080016d88                LoadImage2
                0x0000000080016e74                StoreImage2
                0x0000000080016f60                MoveImage2
                0x00000000800170a4                DrawOTag2
                0x00000000800171a0                _GPU_ResetCallback
 .text          0x00000000800171f0      0x190 C:/psyq/nolibgs_hello_worlds/psyq/lib\libgpu.a(t00.o)
                0x00000000800171f0                OpenTIM
                0x0000000080017200                ReadTIM
 .text          0x0000000080017380       0xf0 C:/psyq/nolibgs_hello_worlds/psyq/lib\libgpu.a(e00.o)
                0x0000000080017380                LoadTPage
 .text          0x0000000080017470       0x70 C:/psyq/nolibgs_hello_worlds/psyq/lib\libgpu.a(e02.o)
                0x0000000080017470                LoadClut2
 .text          0x00000000800174e0       0x40 C:/psyq/nolibgs_hello_worlds/psyq/lib\libgpu.a(p00.o)
                0x00000000800174e0                GetTPage
 .text          0x0000000080017520       0x20 C:/psyq/nolibgs_hello_worlds/psyq/lib\libgpu.a(p01.o)
                0x0000000080017520                GetClut
 .text          0x0000000080017540       0x90 C:/psyq/nolibgs_hello_worlds/psyq/lib\libgte.a(cmb_06.o)
                0x0000000080017540                RotAverageNclip3
 .text          0x00000000800175d0       0xb0 C:/psyq/nolibgs_hello_worlds/psyq/lib\libgte.a(cmb_07.o)
                0x00000000800175d0                RotAverageNclip4
 .text          0x0000000080017680       0xd0 C:/psyq/nolibgs_hello_worlds/psyq/lib\libgte.a(cor_02.o)
                0x0000000080017680                ccos
 .text          0x0000000080017750      0x1e0 C:/psyq/nolibgs_hello_worlds/psyq/lib\libgte.a(cor_03.o)
                0x0000000080017750                csin_1
                0x00000000800177f0                csin
 .text          0x0000000080017930      0x290 C:/psyq/nolibgs_hello_worlds/psyq/lib\libgte.a(fgo_01.o)
                0x0000000080017930                RotMatrix
 .text          0x0000000080017bc0       0x90 C:/psyq/nolibgs_hello_worlds/psyq/lib\libgte.a(msc00.o)
                0x0000000080017bc8                InitGeom
 .text          0x0000000080017c50      0x160 C:/psyq/nolibgs_hello_worlds/psyq/lib\libgte.a(mtx_004.o)
                0x0000000080017c50                ApplyMatrixLV
 .text          0x0000000080017db0      0x150 C:/psyq/nolibgs_hello_worlds/psyq/lib\libgte.a(mtx_006.o)
                0x0000000080017db0                PushMatrix
                0x0000000080017e54                PopMatrix
 .text          0x0000000080017f00      0x250 C:/psyq/nolibgs_hello_worlds/psyq/lib\libgte.a(mtx_00c.o)
                0x0000000080017f00                CompMatrixLV
 .text          0x0000000080018150       0x30 C:/psyq/nolibgs_hello_worlds/psyq/lib\libgte.a(mtx_07.o)
                0x0000000080018150                TransMatrix
 .text          0x0000000080018180       0x30 C:/psyq/nolibgs_hello_worlds/psyq/lib\libgte.a(mtx_09.o)
                0x0000000080018180                SetRotMatrix
 .text          0x00000000800181b0       0x20 C:/psyq/nolibgs_hello_worlds/psyq/lib\libgte.a(mtx_12.o)
                0x00000000800181b0                SetTransMatrix
 .text          0x00000000800181d0       0xe0 C:/psyq/nolibgs_hello_worlds/psyq/lib\libgte.a(patchgte.o)
                0x00000000800181d0                _patch_gte
 .text          0x00000000800182b0      0x120 C:/psyq/nolibgs_hello_worlds/psyq/lib\libgte.a(cor_01.o)
                0x00000000800182b0                csincos
 .text          0x00000000800183d0       0x20 C:/psyq/nolibgs_hello_worlds/psyq/lib\libspu.a(s_i.o)
                0x00000000800183d0                SpuInit
 .text          0x00000000800183f0      0x160 C:/psyq/nolibgs_hello_worlds/psyq/lib\libspu.a(s_ini.o)
                0x00000000800183f0                _SpuInit
                0x00000000800184d8                SpuStart
 .text          0x0000000080018550      0x380 C:/psyq/nolibgs_hello_worlds/psyq/lib\libspu.a(s_sca.o)
                0x0000000080018550                SpuSetCommonAttr
 .text          0x00000000800188d0       0x30 C:/psyq/nolibgs_hello_worlds/psyq/lib\libspu.a(s_stm.o)
                0x00000000800188d0                SpuSetTransferMode
 .text          0x0000000080018900      0xb40 C:/psyq/nolibgs_hello_worlds/psyq/lib\libspu.a(spu.o)
                0x0000000080018900                _spu_init
                0x0000000080018d40                _spu_FiDMA
                0x0000000080018dfc                _spu_Fr_
                0x0000000080018ea4                _spu_t
                0x0000000080019124                _spu_Fw
                0x00000000800191a8                _spu_Fr
                0x000000008001920c                _spu_FsetRXX
                0x0000000080019250                _spu_FsetRXXa
                0x00000000800192f4                _spu_FgetRXXa
                0x0000000080019330                _spu_FsetPCR
                0x00000000800193d8                _spu_Fw1ts
 .text          0x0000000080019440       0x30 C:/psyq/nolibgs_hello_worlds/psyq/lib\libspu.a(s_dcb.o)
                0x0000000080019440                _SpuDataCallback
 .text          0x0000000080019470      0x9a0 C:/psyq/nolibgs_hello_worlds/psyq/lib\libcd.a(cdr_1.o)
                0x00000000800199d0                CdReadBreak
                0x0000000080019b70                CdRead
                0x0000000080019d0c                CdReadSync
 .text          0x0000000080019e10      0x150 C:/psyq/nolibgs_hello_worlds/psyq/lib\libcd.a(event.o)
                0x0000000080019e10                CdInit
 .text          0x0000000080019f60      0x970 C:/psyq/nolibgs_hello_worlds/psyq/lib\libcd.a(iso9660.o)
                0x0000000080019f60                CdSearchFile
 .text          0x000000008001a8d0      0x110 C:/psyq/nolibgs_hello_worlds/psyq/lib\libcd.a(s_002.o)
                0x000000008001a8d0                CdIntToPos
 .text          0x000000008001a9e0       0x10 C:/psyq/nolibgs_hello_worlds/psyq/lib\libcd.a(s_003.o)
                0x000000008001a9e0                CdStatus
 .text          0x000000008001a9f0       0x10 C:/psyq/nolibgs_hello_worlds/psyq/lib\libcd.a(s_004.o)
                0x000000008001a9f0                CdMode
 .text          0x000000008001aa00       0x10 C:/psyq/nolibgs_hello_worlds/psyq/lib\libcd.a(s_006.o)
                0x000000008001aa00                CdLastPos
 .text          0x000000008001aa10       0x20 C:/psyq/nolibgs_hello_worlds/psyq/lib\libcd.a(s_008.o)
                0x000000008001aa10                CdFlush
 .text          0x000000008001aa30       0x20 C:/psyq/nolibgs_hello_worlds/psyq/lib\libcd.a(s_013.o)
                0x000000008001aa30                CdReady
 .text          0x000000008001aa50       0x20 C:/psyq/nolibgs_hello_worlds/psyq/lib\libcd.a(s_014.o)
                0x000000008001aa50                CdSyncCallback
 .text          0x000000008001aa70       0x20 C:/psyq/nolibgs_hello_worlds/psyq/lib\libcd.a(s_015.o)
                0x000000008001aa70                CdReadyCallback
 .text          0x000000008001aa90      0x3c0 C:/psyq/nolibgs_hello_worlds/psyq/lib\libcd.a(s_016.o)
                0x000000008001aa90                CdControl
                0x000000008001abcc                CdControlF
                0x000000008001ad00                CdControlB
 .text          0x000000008001ae50       0x20 C:/psyq/nolibgs_hello_worlds/psyq/lib\libcd.a(s_021.o)
                0x000000008001ae50                CdGetSector
 .text          0x000000008001ae70       0x20 C:/psyq/nolibgs_hello_worlds/psyq/lib\libcd.a(s_022.o)
                0x000000008001ae70                CdGetSector2
 .text          0x000000008001ae90       0x30 C:/psyq/nolibgs_hello_worlds/psyq/lib\libcd.a(s_023.o)
                0x000000008001ae90                CdDataCallback
 .text          0x000000008001aec0       0x20 C:/psyq/nolibgs_hello_worlds/psyq/lib\libcd.a(s_024.o)
                0x000000008001aec0                CdDataSync
 .text          0x000000008001aee0       0x80 C:/psyq/nolibgs_hello_worlds/psyq/lib\libcd.a(sys.o)
                0x000000008001aee0                CdPosToInt
 .text          0x000000008001af60     0x1580 C:/psyq/nolibgs_hello_worlds/psyq/lib\libcd.a(bios_1.o)
                0x000000008001b4c4                CD_sync
                0x000000008001b744                CD_ready
                0x000000008001ba0c                CD_cw
                0x000000008001be18                CD_vol
                0x000000008001bea0                CD_flush
                0x000000008001bf74                CD_initvol
                0x000000008001c064                CD_initintr
                0x000000008001c0b0                CD_init
                0x000000008001c290                CD_datasync
                0x000000008001c3f8                CD_set_test_parmnum
 .text          0x000000008001c4e0      0x100 C:/psyq/nolibgs_hello_worlds/psyq/lib\libcd.a(bios_2.o)
                0x000000008001c4e0                CD_getsector
 .text          0x000000008001c5e0       0xf0 C:/psyq/nolibgs_hello_worlds/psyq/lib\libcd.a(bios_3.o)
                0x000000008001c5e0                CD_getsector2
 .text          0x000000008001c6d0       0x10 C:/psyq/nolibgs_hello_worlds/psyq/lib\libapi.a(a07.o)
                0x000000008001c6d0                DeliverEvent
 .text          0x000000008001c6e0       0x10 C:/psyq/nolibgs_hello_worlds/psyq/lib\libapi.a(a08.o)
                0x000000008001c6e0                OpenEvent
 .text          0x000000008001c6f0       0x10 C:/psyq/nolibgs_hello_worlds/psyq/lib\libapi.a(a12.o)
                0x000000008001c6f0                EnableEvent
 .text          0x000000008001c700       0x10 C:/psyq/nolibgs_hello_worlds/psyq/lib\libapi.a(a23.o)
                0x000000008001c700                ReturnFromException
 .text          0x000000008001c710       0x10 C:/psyq/nolibgs_hello_worlds/psyq/lib\libapi.a(a24.o)
                0x000000008001c710                ResetEntryInt
 .text          0x000000008001c720       0x10 C:/psyq/nolibgs_hello_worlds/psyq/lib\libapi.a(a25.o)
                0x000000008001c720                HookEntryInt
 .text          0x000000008001c730       0x20 C:/psyq/nolibgs_hello_worlds/psyq/lib\libapi.a(c114.o)
                0x000000008001c738                _96_remove
 .text          0x000000008001c750       0x10 C:/psyq/nolibgs_hello_worlds/psyq/lib\libapi.a(c73.o)
                0x000000008001c750                GPU_cw
 .text          0x000000008001c760       0x10 C:/psyq/nolibgs_hello_worlds/psyq/lib\libapi.a(l10.o)
                0x000000008001c760                ChangeClearRCnt
 .text          0x000000008001c770       0x20 C:/psyq/nolibgs_hello_worlds/psyq/lib\libc.a(a63.o)
                0x000000008001c778                puts
 .text          0x000000008001c790       0x10 C:/psyq/nolibgs_hello_worlds/psyq/lib\libc.a(c19.o)
                0x000000008001c790                setjmp
 .text          0x000000008001c7a0       0x10 C:/psyq/nolibgs_hello_worlds/psyq/lib\libc.a(c23.o)
                0x000000008001c7a0                strcmp
 .text          0x000000008001c7b0       0x10 C:/psyq/nolibgs_hello_worlds/psyq/lib\libc.a(c24.o)
                0x000000008001c7b0                strncmp
 .text          0x000000008001c7c0       0x10 C:/psyq/nolibgs_hello_worlds/psyq/lib\libc.a(c27.o)
                0x000000008001c7c0                strlen
                0x000000008001c7d0                . = ALIGN (0x10)
 *(.init)
                0x000000008001c7d0                . = ALIGN (0x10)
 *(.fini)
                0x000000008001c7d0                . = ALIGN (0x10)
                0x000000008001c7d0                __text_end = .
                0x000000008001c7d0                __ftext_end = ABSOLUTE (.)
                0x000000008001c7d0                __fdata_start = ABSOLUTE (.)

.rodata         0x000000008001c7d0      0xb00
 *(.rodata .rodata.* .rdata .rdata.* .gnu.linkonce.r.*)
 .rodata.str1.4
                0x000000008001c7d0       0x4b cd.o
 *fill*         0x000000008001c81b        0x1 
 .rodata.str1.4
                0x000000008001c81c       0x4a menu.o
 *fill*         0x000000008001c866        0x2 
 .rodata.str1.4
                0x000000008001c868      0x15a testSuite.o
                                        0x15e (size before relaxing)
 *fill*         0x000000008001c9c2        0x2 
 .rodata        0x000000008001c9c4       0x10 C:/psyq/nolibgs_hello_worlds/thirdparty/nugget/common/crt0/crt0.o
 *fill*         0x000000008001c9d4        0x4 
 .rdata         0x000000008001c9d8       0x10 C:/psyq/nolibgs_hello_worlds/psyq/lib\libetc.a(vsync.o)
 .rdata         0x000000008001c9e8       0x70 C:/psyq/nolibgs_hello_worlds/psyq/lib\libetc.a(intr.o)
 .rdata         0x000000008001ca58       0x30 C:/psyq/nolibgs_hello_worlds/psyq/lib\libetc.a(intr_dma.o)
 .rdata         0x000000008001ca88       0xa0 C:/psyq/nolibgs_hello_worlds/psyq/lib\libgpu.a(font.o)
 .rdata         0x000000008001cb28      0x220 C:/psyq/nolibgs_hello_worlds/psyq/lib\libgpu.a(sys.o)
 .rdata         0x000000008001cd48       0x30 C:/psyq/nolibgs_hello_worlds/psyq/lib\libgpu.a(t00.o)
 .rdata         0x000000008001cd78       0x40 C:/psyq/nolibgs_hello_worlds/psyq/lib\libspu.a(s_sca.o)
 .rdata         0x000000008001cdb8       0x50 C:/psyq/nolibgs_hello_worlds/psyq/lib\libspu.a(spu.o)
 .rdata         0x000000008001ce08       0x50 C:/psyq/nolibgs_hello_worlds/psyq/lib\libcd.a(cdr_1.o)
 .rdata         0x000000008001ce58       0x20 C:/psyq/nolibgs_hello_worlds/psyq/lib\libcd.a(event.o)
 .rdata         0x000000008001ce78      0x1f0 C:/psyq/nolibgs_hello_worlds/psyq/lib\libcd.a(iso9660.o)
 .rdata         0x000000008001d068      0x260 C:/psyq/nolibgs_hello_worlds/psyq/lib\libcd.a(bios_1.o)
                0x000000008001d2d0                . = ALIGN (0x10)
 *fill*         0x000000008001d2c8        0x8 
                0x000000008001d2d0                __preinit_array_start = .
 *(.preinit_array)
                0x000000008001d2d0                __preinit_array_end = .
                0x000000008001d2d0                . = ALIGN (0x10)
                0x000000008001d2d0                __init_array_start = .
 *(SORT_BY_NAME(.init_array.*))
 *(.init_array)
                0x000000008001d2d0                . = ALIGN (0x10)
 *crtbegin.o(.ctors)
 *(EXCLUDE_FILE(*crtend.o) .ctors)
 *(SORT_BY_NAME(.ctors.*))
 *crtend.o(.ctors)
                0x000000008001d2d0                __init_array_end = .
                0x000000008001d2d0                . = ALIGN (0x10)
                0x000000008001d2d0                __fini_array_start = .
 *(.fini_array)
 *(SORT_BY_NAME(.fini_array.*))
 *crtbegin.o(.dtors)
 *(EXCLUDE_FILE(*crtend.o) .dtors)
 *(SORT_BY_NAME(.dtors.*))
 *crtend.o(.dtors)
                0x000000008001d2d0                __fini_array_end = .
                0x000000008001d2d0                __build_id = .
 *(.note.gnu.build-id)
                0x000000008001d2d0                __build_id_end = .

.rel.dyn        0x000000008001d2d0        0x0
 .rel.dyn       0x000000008001d2d0        0x0 C:/psyq/nolibgs_hello_worlds/psyq/lib\libgpu.a(sys.o)

.rodata1
 *(.rodata1)
                0x000000008001d2d0                __data_start = .

.data           0x000000008001d2d0     0x6d30
 *(.a0table)
 *(.data .data.* .gnu.linkonce.d.*)
 .data          0x000000008001d2d0        0x1 testSuite.o
 *fill*         0x000000008001d2d1        0x7 
 .data          0x000000008001d2d8       0x10 C:/psyq/nolibgs_hello_worlds/psyq/lib\libapi.a(pad.o)
 .data          0x000000008001d2e8       0x10 C:/psyq/nolibgs_hello_worlds/psyq/lib\libetc.a(vmode.o)
 .data          0x000000008001d2f8       0x20 C:/psyq/nolibgs_hello_worlds/psyq/lib\libetc.a(vsync.o)
                0x000000008001d308                Hcount
 .data          0x000000008001d318       0x30 C:/psyq/nolibgs_hello_worlds/psyq/lib\libetc.a(intr_vb.o)
                0x000000008001d338                Vcount
 .data          0x000000008001d348     0x1100 C:/psyq/nolibgs_hello_worlds/psyq/lib\libetc.a(intr.o)
 .data          0x000000008001e448       0x30 C:/psyq/nolibgs_hello_worlds/psyq/lib\libetc.a(intr_dma.o)
 .data          0x000000008001e478      0xb90 C:/psyq/nolibgs_hello_worlds/psyq/lib\libgpu.a(font.o)
                0x000000008001e478                Font
 .data          0x000000008001f008      0x1a0 C:/psyq/nolibgs_hello_worlds/psyq/lib\libgpu.a(sys.o)
                0x000000008001f054                GPU_printf
                0x000000008001f058                GEnv
                0x000000008001f180                _qin
                0x000000008001f184                _qout
 .data          0x000000008001f1a8       0x10 C:/psyq/nolibgs_hello_worlds/psyq/lib\libgte.a(msc00.o)
 .data          0x000000008001f1b8      0x310 C:/psyq/nolibgs_hello_worlds/psyq/lib\libgte.a(mtx_006.o)
 .data          0x000000008001f4c8       0x20 C:/psyq/nolibgs_hello_worlds/psyq/lib\libgte.a(cor_01.o)
                0x000000008001f4c8                H_cor_tbl
 .data          0x000000008001f4e8     0x4000 C:/psyq/nolibgs_hello_worlds/psyq/lib\libgte.a(cstbl.o)
                0x000000008001f4e8                rcossin_tbl
 .data          0x00000000800234e8       0x80 C:/psyq/nolibgs_hello_worlds/psyq/lib\libspu.a(s_ini.o)
                0x00000000800234f0                _spu_EVdma
                0x00000000800234f4                _spu_keystat
                0x00000000800234f8                _spu_trans_mode
                0x00000000800234fc                _spu_rev_flag
                0x0000000080023500                _spu_rev_reserve_wa
                0x0000000080023504                _spu_rev_offsetaddr
                0x0000000080023508                _spu_rev_attr
                0x000000008002351c                _spu_RQvoice
                0x0000000080023520                _spu_RQmask
                0x0000000080023524                _spu_voice_centerNote
                0x0000000080023554                _spu_env
                0x0000000080023558                _spu_isCalled
 .data          0x0000000080023568       0x10 C:/psyq/nolibgs_hello_worlds/psyq/lib\libspu.a(s_m.o)
                0x0000000080023568                _spu_AllocBlockNum
                0x000000008002356c                _spu_AllocLastNum
                0x0000000080023570                _spu_memList
 .data          0x0000000080023578       0x30 C:/psyq/nolibgs_hello_worlds/psyq/lib\libspu.a(s_rmp0.o)
                0x0000000080023578                _spu_rev_startaddr
 .data          0x00000000800235a8       0x60 C:/psyq/nolibgs_hello_worlds/psyq/lib\libspu.a(spu.o)
                0x00000000800235a8                _spu_RXX
                0x00000000800235c0                _spu_tsa
                0x00000000800235c4                _spu_transMode
                0x00000000800235c8                _spu_addrMode
                0x00000000800235cc                _spu_mem_mode
                0x00000000800235d0                _spu_mem_mode_plus
                0x00000000800235d4                _spu_mem_mode_unit
                0x00000000800235d8                _spu_mem_mode_unitM
                0x00000000800235dc                _spu_inTransfer
                0x00000000800235e0                _spu_transferCallback
                0x00000000800235e4                _spu_IRQCallback
 .data          0x0000000080023608       0x40 C:/psyq/nolibgs_hello_worlds/psyq/lib\libcd.a(cdr_1.o)
 .data          0x0000000080023648       0x10 C:/psyq/nolibgs_hello_worlds/psyq/lib\libcd.a(event.o)
                0x0000000080023648                CD_cbread
                0x000000008002364c                CD_read_dma_mode
 .data          0x0000000080023658       0x10 C:/psyq/nolibgs_hello_worlds/psyq/lib\libcd.a(iso9660.o)
 .data          0x0000000080023668       0x80 C:/psyq/nolibgs_hello_worlds/psyq/lib\libcd.a(s_016.o)
 .data          0x00000000800236e8      0x310 C:/psyq/nolibgs_hello_worlds/psyq/lib\libcd.a(bios_1.o)
                0x00000000800236f0                CD_cbsync
                0x00000000800236f4                CD_cbready
                0x00000000800236f8                CD_debug
                0x00000000800236fc                CD_status
                0x0000000080023700                CD_status1
                0x0000000080023704                CD_nopen
                0x0000000080023708                CD_pos
                0x000000008002370c                CD_mode
                0x000000008002370d                CD_com
                0x0000000080023710                DS_active
                0x0000000080023714                CD_comstr
                0x0000000080023794                CD_intstr
 .data          0x00000000800239f8       0x20 C:/psyq/nolibgs_hello_worlds/psyq/lib\libcd.a(bios_2.o)
 .data          0x0000000080023a18       0x20 C:/psyq/nolibgs_hello_worlds/psyq/lib\libcd.a(bios_3.o)
 *(.data1)
 *(.sdata .sdata.* .gnu.linkonce.s.*)
 .sdata         0x0000000080023a38        0x3 menu.o
                0x0000000080023a38                norm
 *(.sdata2 .sdata2.* .gnu.linkonce.s2.*)
 *(.got.plt)
 *(.got)
                0x0000000080024000                . = ALIGN (0x800)
 *fill*         0x0000000080023a3b      0x5c5 
                0x0000000080024000                __data_end = .
                0x0000000080024000                __fdata_end = .
                0x0000000080024000                __bss_start = .

.sbss           0x0000000080024000    0xf1304
 *(.dynsbss)
 *(.sbss .sbss.* .gnu.linkonce.sb.*)
 .sbss          0x0000000080024000       0x10 display.o
 .sbss          0x0000000080024010        0x1 gameflow.o
 *fill*         0x0000000080024011        0x3 
 .sbss          0x0000000080024014        0x4 input.o
                0x0000000080024014                pad
 .sbss          0x0000000080024018        0xc menu.o
                0x0000000080024018                menuPos
                0x000000008002401c                back
                0x0000000080024020                stateCounter
 .sbss          0x0000000080024024       0x1c testSuite.o
 *(.scommon)
 *(.dynbss)
 *(.bss .bss.* .gnu.linkonce.b.*)
 .bss           0x0000000080024040    0x92820 main.o
                0x0000000080024040                spuSettings
 .bss           0x00000000800b6860    0x568d0 display.o
 .bss           0x000000008010d130       0x44 input.o
 .bss           0x000000008010d174       0x2c menu.o
 .bss           0x000000008010d1a0       0x64 testSuite.o
 *fill*         0x000000008010d204        0x4 
 .bss           0x000000008010d208       0x10 C:/psyq/nolibgs_hello_worlds/psyq/lib\libapi.a(pad.o)
                0x000000008010d208                _apiPadPatch
 .bss           0x000000008010d218       0x10 C:/psyq/nolibgs_hello_worlds/psyq/lib\libapi.a(patch.o)
 .bss           0x000000008010d228       0x10 C:/psyq/nolibgs_hello_worlds/psyq/lib\libapi.a(chclrpad.o)
 .bss           0x000000008010d238     0x4410 C:/psyq/nolibgs_hello_worlds/psyq/lib\libgpu.a(font.o)
 .bss           0x0000000080111648     0x1850 C:/psyq/nolibgs_hello_worlds/psyq/lib\libgpu.a(sys.o)
                0x0000000080111698                _que
 .bss           0x0000000080112e98       0x10 C:/psyq/nolibgs_hello_worlds/psyq/lib\libgpu.a(t00.o)
 .bss           0x0000000080112ea8       0x10 C:/psyq/nolibgs_hello_worlds/psyq/lib\libgte.a(patchgte.o)
 .bss           0x0000000080112eb8       0x14 C:/psyq/nolibgs_hello_worlds/psyq/lib\libspu.a(spu.o)
                0x0000000080112eb8                _spu_RQ
 *fill*         0x0000000080112ecc        0x4 
 .bss           0x0000000080112ed0     0x2400 C:/psyq/nolibgs_hello_worlds/psyq/lib\libcd.a(iso9660.o)
 .bss           0x00000000801152d0       0x34 C:/psyq/nolibgs_hello_worlds/psyq/lib\libcd.a(bios_1.o)
                0x0000000080115300                StMode
 *(COMMON)
                0x0000000080115304                . = ALIGN (0x4)
                0x0000000080115304                __bss_end = .
                0x0000000080115304                __heap_start = __heap_base
                0x000000008000f800                . = (ADDR (.text) - 0x800)
                0x000000008000f800                __end = .

/DISCARD/
 *(.MIPS.abiflags)

/DISCARD/
 *(.rel.iplt)
 *(.rela.iplt)
 *(.rel.plt)
 *(.rela.plt)
 *(.plt)
 *(.iplt)

/DISCARD/
 *(.note.GNU-stack)
 *(.gnu_debuglink)
 *(.gnu.lto_*)
OUTPUT(Castle.elf elf32-littlemips)

.reginfo        0x0000000000000000       0x18
 .reginfo       0x0000000000000000       0x18 main.o

.mdebug.abi32   0x0000000000000000        0x0
 .mdebug.abi32  0x0000000000000000        0x0 main.o
 .mdebug.abi32  0x0000000000000000        0x0 cd.o
 .mdebug.abi32  0x0000000000000000        0x0 display.o
 .mdebug.abi32  0x0000000000000000        0x0 gameflow.o
 .mdebug.abi32  0x0000000000000000        0x0 input.o
 .mdebug.abi32  0x0000000000000000        0x0 menu.o
 .mdebug.abi32  0x0000000000000000        0x0 ui.o
 .mdebug.abi32  0x0000000000000000        0x0 testSuite.o
 .mdebug.abi32  0x0000000000000000        0x0 clip.o

.comment        0x0000000000000000       0x12
 .comment       0x0000000000000000       0x12 main.o
                                         0x13 (size before relaxing)
 .comment       0x0000000000000012       0x13 cd.o
 .comment       0x0000000000000012       0x13 display.o
 .comment       0x0000000000000012       0x13 gameflow.o
 .comment       0x0000000000000012       0x13 input.o
 .comment       0x0000000000000012       0x13 menu.o
 .comment       0x0000000000000012       0x13 ui.o
 .comment       0x0000000000000012       0x13 testSuite.o
 .comment       0x0000000000000012       0x13 clip.o

.gnu.attributes
                0x0000000000000000       0x10
 .gnu.attributes
                0x0000000000000000       0x10 main.o
 .gnu.attributes
                0x0000000000000010       0x10 cd.o
 .gnu.attributes
                0x0000000000000020       0x10 display.o
 .gnu.attributes
                0x0000000000000030       0x10 gameflow.o
 .gnu.attributes
                0x0000000000000040       0x10 input.o
 .gnu.attributes
                0x0000000000000050       0x10 menu.o
 .gnu.attributes
                0x0000000000000060       0x10 ui.o
 .gnu.attributes
                0x0000000000000070       0x10 testSuite.o
 .gnu.attributes
                0x0000000000000080       0x10 clip.o
 .gnu.attributes
                0x0000000000000090       0x10 C:/psyq/nolibgs_hello_worlds/thirdparty/nugget/common/crt0/crt0.o

.pdr            0x0000000000000000        0x0
 .pdr           0x0000000000000000        0x0 C:/psyq/nolibgs_hello_worlds/thirdparty/nugget/common/crt0/crt0.o

.note           0x0000000000000000     0x33a8
 .note          0x0000000000000000       0x74 C:/psyq/nolibgs_hello_worlds/psyq/lib\libapi.a(a91.o)
 .note          0x0000000000000074       0x74 C:/psyq/nolibgs_hello_worlds/psyq/lib\libapi.a(c160.o)
 .note          0x00000000000000e8       0x74 C:/psyq/nolibgs_hello_worlds/psyq/lib\libapi.a(c57.o)
 .note          0x000000000000015c       0x74 C:/psyq/nolibgs_hello_worlds/psyq/lib\libapi.a(pad.o)
 .note          0x00000000000001d0       0x74 C:/psyq/nolibgs_hello_worlds/psyq/lib\libapi.a(patch.o)
 .note          0x0000000000000244       0x74 C:/psyq/nolibgs_hello_worlds/psyq/lib\libapi.a(a18.o)
 .note          0x00000000000002b8       0x74 C:/psyq/nolibgs_hello_worlds/psyq/lib\libapi.a(a19.o)
 .note          0x000000000000032c       0x74 C:/psyq/nolibgs_hello_worlds/psyq/lib\libapi.a(a21.o)
 .note          0x00000000000003a0       0x74 C:/psyq/nolibgs_hello_worlds/psyq/lib\libapi.a(a36.o)
 .note          0x0000000000000414       0x74 C:/psyq/nolibgs_hello_worlds/psyq/lib\libapi.a(a37.o)
 .note          0x0000000000000488       0x74 C:/psyq/nolibgs_hello_worlds/psyq/lib\libapi.a(c68.o)
 .note          0x00000000000004fc       0x74 C:/psyq/nolibgs_hello_worlds/psyq/lib\libapi.a(chclrpad.o)
 .note          0x0000000000000570       0x74 C:/psyq/nolibgs_hello_worlds/psyq/lib\libapi.a(l02.o)
 .note          0x00000000000005e4       0x74 C:/psyq/nolibgs_hello_worlds/psyq/lib\libapi.a(l03.o)
 .note          0x0000000000000658       0x74 C:/psyq/nolibgs_hello_worlds/psyq/lib\libc.a(c42.o)
 .note          0x00000000000006cc       0x74 C:/psyq/nolibgs_hello_worlds/psyq/lib\libc.a(c43.o)
 .note          0x0000000000000740       0x74 C:/psyq/nolibgs_hello_worlds/psyq/lib\libc.a(c51.o)
 .note          0x00000000000007b4       0x74 C:/psyq/nolibgs_hello_worlds/psyq/lib\libc.a(c52.o)
 .note          0x0000000000000828       0x74 C:/psyq/nolibgs_hello_worlds/psyq/lib\libc.a(c63.o)
 .note          0x000000000000089c       0x74 C:/psyq/nolibgs_hello_worlds/psyq/lib\libetc.a(vmode.o)
 .note          0x0000000000000910       0x74 C:/psyq/nolibgs_hello_worlds/psyq/lib\libetc.a(vsync.o)
 .note          0x0000000000000984       0x74 C:/psyq/nolibgs_hello_worlds/psyq/lib\libetc.a(intr_vb.o)
 .note          0x00000000000009f8       0x74 C:/psyq/nolibgs_hello_worlds/psyq/lib\libetc.a(intr.o)
 .note          0x0000000000000a6c       0x74 C:/psyq/nolibgs_hello_worlds/psyq/lib\libetc.a(intr_dma.o)
 .note          0x0000000000000ae0       0x74 C:/psyq/nolibgs_hello_worlds/psyq/lib\libgpu.a(e03.o)
 .note          0x0000000000000b54       0x74 C:/psyq/nolibgs_hello_worlds/psyq/lib\libgpu.a(e04.o)
 .note          0x0000000000000bc8       0x74 C:/psyq/nolibgs_hello_worlds/psyq/lib\libgpu.a(font.o)
 .note          0x0000000000000c3c       0x74 C:/psyq/nolibgs_hello_worlds/psyq/lib\libgpu.a(p06.o)
 .note          0x0000000000000cb0       0x74 C:/psyq/nolibgs_hello_worlds/psyq/lib\libgpu.a(p09.o)
 .note          0x0000000000000d24       0x74 C:/psyq/nolibgs_hello_worlds/psyq/lib\libgpu.a(p10.o)
 .note          0x0000000000000d98       0x74 C:/psyq/nolibgs_hello_worlds/psyq/lib\libgpu.a(p20.o)
 .note          0x0000000000000e0c       0x74 C:/psyq/nolibgs_hello_worlds/psyq/lib\libgpu.a(p26.o)
 .note          0x0000000000000e80       0x74 C:/psyq/nolibgs_hello_worlds/psyq/lib\libgpu.a(p41.o)
 .note          0x0000000000000ef4       0x74 C:/psyq/nolibgs_hello_worlds/psyq/lib\libgpu.a(sys.o)
 .note          0x0000000000000f68       0x74 C:/psyq/nolibgs_hello_worlds/psyq/lib\libgpu.a(t00.o)
 .note          0x0000000000000fdc       0x74 C:/psyq/nolibgs_hello_worlds/psyq/lib\libgpu.a(e00.o)
 .note          0x0000000000001050       0x74 C:/psyq/nolibgs_hello_worlds/psyq/lib\libgpu.a(e02.o)
 .note          0x00000000000010c4       0x74 C:/psyq/nolibgs_hello_worlds/psyq/lib\libgpu.a(p00.o)
 .note          0x0000000000001138       0x74 C:/psyq/nolibgs_hello_worlds/psyq/lib\libgpu.a(p01.o)
 .note          0x00000000000011ac       0x74 C:/psyq/nolibgs_hello_worlds/psyq/lib\libgte.a(cmb_06.o)
 .note          0x0000000000001220       0x74 C:/psyq/nolibgs_hello_worlds/psyq/lib\libgte.a(cmb_07.o)
 .note          0x0000000000001294       0x74 C:/psyq/nolibgs_hello_worlds/psyq/lib\libgte.a(cor_02.o)
 .note          0x0000000000001308       0x74 C:/psyq/nolibgs_hello_worlds/psyq/lib\libgte.a(cor_03.o)
 .note          0x000000000000137c       0x74 C:/psyq/nolibgs_hello_worlds/psyq/lib\libgte.a(fgo_01.o)
 .note          0x00000000000013f0       0x74 C:/psyq/nolibgs_hello_worlds/psyq/lib\libgte.a(msc00.o)
 .note          0x0000000000001464       0x74 C:/psyq/nolibgs_hello_worlds/psyq/lib\libgte.a(msc02.o)
 .note          0x00000000000014d8       0x74 C:/psyq/nolibgs_hello_worlds/psyq/lib\libgte.a(mtx_004.o)
 .note          0x000000000000154c       0x74 C:/psyq/nolibgs_hello_worlds/psyq/lib\libgte.a(mtx_006.o)
 .note          0x00000000000015c0       0x74 C:/psyq/nolibgs_hello_worlds/psyq/lib\libgte.a(mtx_00c.o)
 .note          0x0000000000001634       0x74 C:/psyq/nolibgs_hello_worlds/psyq/lib\libgte.a(mtx_07.o)
 .note          0x00000000000016a8       0x74 C:/psyq/nolibgs_hello_worlds/psyq/lib\libgte.a(mtx_09.o)
 .note          0x000000000000171c       0x74 C:/psyq/nolibgs_hello_worlds/psyq/lib\libgte.a(mtx_12.o)
 .note          0x0000000000001790       0x74 C:/psyq/nolibgs_hello_worlds/psyq/lib\libgte.a(patchgte.o)
 .note          0x0000000000001804       0x74 C:/psyq/nolibgs_hello_worlds/psyq/lib\libgte.a(cor_01.o)
 .note          0x0000000000001878       0x74 C:/psyq/nolibgs_hello_worlds/psyq/lib\libgte.a(cstbl.o)
 .note          0x00000000000018ec       0x74 C:/psyq/nolibgs_hello_worlds/psyq/lib\libpress.a(libpress.o)
 .note          0x0000000000001960       0x74 C:/psyq/nolibgs_hello_worlds/psyq/lib\libpress.a(vlc.o)
 .note          0x00000000000019d4       0x74 C:/psyq/nolibgs_hello_worlds/psyq/lib\libpress.a(table.o)
 .note          0x0000000000001a48       0x74 C:/psyq/nolibgs_hello_worlds/psyq/lib\libspu.a(s_i.o)
 .note          0x0000000000001abc       0x74 C:/psyq/nolibgs_hello_worlds/psyq/lib\libspu.a(s_ini.o)
 .note          0x0000000000001b30       0x74 C:/psyq/nolibgs_hello_worlds/psyq/lib\libspu.a(s_m.o)
 .note          0x0000000000001ba4       0x74 C:/psyq/nolibgs_hello_worlds/psyq/lib\libspu.a(s_rmp0.o)
 .note          0x0000000000001c18       0x74 C:/psyq/nolibgs_hello_worlds/psyq/lib\libspu.a(s_sca.o)
 .note          0x0000000000001c8c       0x74 C:/psyq/nolibgs_hello_worlds/psyq/lib\libspu.a(s_stm.o)
 .note          0x0000000000001d00       0x74 C:/psyq/nolibgs_hello_worlds/psyq/lib\libspu.a(spu.o)
 .note          0x0000000000001d74       0x74 C:/psyq/nolibgs_hello_worlds/psyq/lib\libspu.a(s_dcb.o)
 .note          0x0000000000001de8       0x74 C:/psyq/nolibgs_hello_worlds/psyq/lib\libcd.a(c_003.o)
 .note          0x0000000000001e5c       0x74 C:/psyq/nolibgs_hello_worlds/psyq/lib\libcd.a(c_005.o)
 .note          0x0000000000001ed0       0x74 C:/psyq/nolibgs_hello_worlds/psyq/lib\libcd.a(c_007.o)
 .note          0x0000000000001f44       0x74 C:/psyq/nolibgs_hello_worlds/psyq/lib\libcd.a(c_009.o)
 .note          0x0000000000001fb8       0x74 C:/psyq/nolibgs_hello_worlds/psyq/lib\libcd.a(c_010.o)
 .note          0x000000000000202c       0x74 C:/psyq/nolibgs_hello_worlds/psyq/lib\libcd.a(c_011.o)
 .note          0x00000000000020a0       0x74 C:/psyq/nolibgs_hello_worlds/psyq/lib\libcd.a(cdr_1.o)
 .note          0x0000000000002114       0x74 C:/psyq/nolibgs_hello_worlds/psyq/lib\libcd.a(cdread2.o)
 .note          0x0000000000002188       0x74 C:/psyq/nolibgs_hello_worlds/psyq/lib\libcd.a(cdrom.o)
 .note          0x00000000000021fc       0x74 C:/psyq/nolibgs_hello_worlds/psyq/lib\libcd.a(event.o)
 .note          0x0000000000002270       0x74 C:/psyq/nolibgs_hello_worlds/psyq/lib\libcd.a(iso9660.o)
 .note          0x00000000000022e4       0x74 C:/psyq/nolibgs_hello_worlds/psyq/lib\libcd.a(s_002.o)
 .note          0x0000000000002358       0x74 C:/psyq/nolibgs_hello_worlds/psyq/lib\libcd.a(s_003.o)
 .note          0x00000000000023cc       0x74 C:/psyq/nolibgs_hello_worlds/psyq/lib\libcd.a(s_004.o)
 .note          0x0000000000002440       0x74 C:/psyq/nolibgs_hello_worlds/psyq/lib\libcd.a(s_006.o)
 .note          0x00000000000024b4       0x74 C:/psyq/nolibgs_hello_worlds/psyq/lib\libcd.a(s_008.o)
 .note          0x0000000000002528       0x74 C:/psyq/nolibgs_hello_worlds/psyq/lib\libcd.a(s_013.o)
 .note          0x000000000000259c       0x74 C:/psyq/nolibgs_hello_worlds/psyq/lib\libcd.a(s_014.o)
 .note          0x0000000000002610       0x74 C:/psyq/nolibgs_hello_worlds/psyq/lib\libcd.a(s_015.o)
 .note          0x0000000000002684       0x74 C:/psyq/nolibgs_hello_worlds/psyq/lib\libcd.a(s_016.o)
 .note          0x00000000000026f8       0x74 C:/psyq/nolibgs_hello_worlds/psyq/lib\libcd.a(s_021.o)
 .note          0x000000000000276c       0x74 C:/psyq/nolibgs_hello_worlds/psyq/lib\libcd.a(s_022.o)
 .note          0x00000000000027e0       0x74 C:/psyq/nolibgs_hello_worlds/psyq/lib\libcd.a(s_023.o)
 .note          0x0000000000002854       0x74 C:/psyq/nolibgs_hello_worlds/psyq/lib\libcd.a(s_024.o)
 .note          0x00000000000028c8       0x74 C:/psyq/nolibgs_hello_worlds/psyq/lib\libcd.a(sys.o)
 .note          0x000000000000293c       0x74 C:/psyq/nolibgs_hello_worlds/psyq/lib\libcd.a(bios_1.o)
 .note          0x00000000000029b0       0x74 C:/psyq/nolibgs_hello_worlds/psyq/lib\libcd.a(bios_2.o)
 .note          0x0000000000002a24       0x74 C:/psyq/nolibgs_hello_worlds/psyq/lib\libcd.a(bios_3.o)
 .note          0x0000000000002a98       0x74 C:/psyq/nolibgs_hello_worlds/psyq/lib\libcd.a(c_002.o)
 .note          0x0000000000002b0c       0x74 C:/psyq/nolibgs_hello_worlds/psyq/lib\libcd.a(c_004.o)
 .note          0x0000000000002b80       0x74 C:/psyq/nolibgs_hello_worlds/psyq/lib\libcd.a(c_008.o)
 .note          0x0000000000002bf4       0x74 C:/psyq/nolibgs_hello_worlds/psyq/lib\libapi.a(a07.o)
 .note          0x0000000000002c68       0x74 C:/psyq/nolibgs_hello_worlds/psyq/lib\libapi.a(a08.o)
 .note          0x0000000000002cdc       0x74 C:/psyq/nolibgs_hello_worlds/psyq/lib\libapi.a(a12.o)
 .note          0x0000000000002d50       0x74 C:/psyq/nolibgs_hello_worlds/psyq/lib\libapi.a(a23.o)
 .note          0x0000000000002dc4       0x74 C:/psyq/nolibgs_hello_worlds/psyq/lib\libapi.a(a24.o)
 .note          0x0000000000002e38       0x74 C:/psyq/nolibgs_hello_worlds/psyq/lib\libapi.a(a25.o)
 .note          0x0000000000002eac       0x74 C:/psyq/nolibgs_hello_worlds/psyq/lib\libapi.a(c114.o)
 .note          0x0000000000002f20       0x74 C:/psyq/nolibgs_hello_worlds/psyq/lib\libapi.a(c73.o)
 .note          0x0000000000002f94       0x74 C:/psyq/nolibgs_hello_worlds/psyq/lib\libapi.a(l10.o)
 .note          0x0000000000003008       0x74 C:/psyq/nolibgs_hello_worlds/psyq/lib\libc.a(a63.o)
 .note          0x000000000000307c       0x74 C:/psyq/nolibgs_hello_worlds/psyq/lib\libc.a(c19.o)
 .note          0x00000000000030f0       0x74 C:/psyq/nolibgs_hello_worlds/psyq/lib\libc.a(c23.o)
 .note          0x0000000000003164       0x74 C:/psyq/nolibgs_hello_worlds/psyq/lib\libc.a(c24.o)
 .note          0x00000000000031d8       0x74 C:/psyq/nolibgs_hello_worlds/psyq/lib\libc.a(c27.o)
 .note          0x000000000000324c       0x74 C:/psyq/nolibgs_hello_worlds/psyq/lib\libds.a(dscb_2.o)
 .note          0x00000000000032c0       0x74 C:/psyq/nolibgs_hello_worlds/psyq/lib\libds.a(dscb_4.o)
 .note          0x0000000000003334       0x74 C:/psyq/nolibgs_hello_worlds/psyq/lib\libds.a(dscb.o)

.debug_info     0x0000000000000000     0x55f6
 .debug_info    0x0000000000000000      0xffa main.o
 .debug_info    0x0000000000000ffa      0x445 cd.o
 .debug_info    0x000000000000143f     0x1350 display.o
 .debug_info    0x000000000000278f       0xe7 gameflow.o
 .debug_info    0x0000000000002876      0x55e input.o
 .debug_info    0x0000000000002dd4      0x595 menu.o
 .debug_info    0x0000000000003369      0x3c8 ui.o
 .debug_info    0x0000000000003731     0x1bd9 testSuite.o
 .debug_info    0x000000000000530a      0x2c8 clip.o
 .debug_info    0x00000000000055d2       0x24 C:/psyq/nolibgs_hello_worlds/thirdparty/nugget/common/crt0/crt0.o

.debug_abbrev   0x0000000000000000     0x1433
 .debug_abbrev  0x0000000000000000      0x442 main.o
 .debug_abbrev  0x0000000000000442      0x1d4 cd.o
 .debug_abbrev  0x0000000000000616      0x2b2 display.o
 .debug_abbrev  0x00000000000008c8       0xa5 gameflow.o
 .debug_abbrev  0x000000000000096d      0x230 input.o
 .debug_abbrev  0x0000000000000b9d      0x259 menu.o
 .debug_abbrev  0x0000000000000df6      0x1d9 ui.o
 .debug_abbrev  0x0000000000000fcf      0x2ee testSuite.o
 .debug_abbrev  0x00000000000012bd      0x162 clip.o
 .debug_abbrev  0x000000000000141f       0x14 C:/psyq/nolibgs_hello_worlds/thirdparty/nugget/common/crt0/crt0.o

.debug_loclists
                0x0000000000000000     0x17df
 .debug_loclists
                0x0000000000000000      0x1cd main.o
 .debug_loclists
                0x00000000000001cd       0x65 cd.o
 .debug_loclists
                0x0000000000000232      0x1ff display.o
 .debug_loclists
                0x0000000000000431      0x3c8 input.o
 .debug_loclists
                0x00000000000007f9       0x49 menu.o
 .debug_loclists
                0x0000000000000842       0x8e ui.o
 .debug_loclists
                0x00000000000008d0      0xd95 testSuite.o
 .debug_loclists
                0x0000000000001665      0x17a clip.o

.debug_aranges  0x0000000000000000      0x200
 .debug_aranges
                0x0000000000000000       0x48 main.o
 .debug_aranges
                0x0000000000000048       0x30 cd.o
 .debug_aranges
                0x0000000000000078       0x50 display.o
 .debug_aranges
                0x00000000000000c8       0x20 gameflow.o
 .debug_aranges
                0x00000000000000e8       0x30 input.o
 .debug_aranges
                0x0000000000000118       0x30 menu.o
 .debug_aranges
                0x0000000000000148       0x38 ui.o
 .debug_aranges
                0x0000000000000180       0x30 testSuite.o
 .debug_aranges
                0x00000000000001b0       0x30 clip.o
 .debug_aranges
                0x00000000000001e0       0x20 C:/psyq/nolibgs_hello_worlds/thirdparty/nugget/common/crt0/crt0.o

.debug_rnglists
                0x0000000000000000      0x3d1
 .debug_rnglists
                0x0000000000000000       0x86 main.o
 .debug_rnglists
                0x0000000000000086       0x20 cd.o
 .debug_rnglists
                0x00000000000000a6       0x81 display.o
 .debug_rnglists
                0x0000000000000127       0x13 gameflow.o
 .debug_rnglists
                0x000000000000013a       0x20 input.o
 .debug_rnglists
                0x000000000000015a       0x21 menu.o
 .debug_rnglists
                0x000000000000017b       0x25 ui.o
 .debug_rnglists
                0x00000000000001a0      0x210 testSuite.o
 .debug_rnglists
                0x00000000000003b0       0x21 clip.o

.debug_line     0x0000000000000000     0x26c8
 .debug_line    0x0000000000000000      0x5be main.o
 .debug_line    0x00000000000005be      0x19a cd.o
 .debug_line    0x0000000000000758      0x54c display.o
 .debug_line    0x0000000000000ca4       0xd2 gameflow.o
 .debug_line    0x0000000000000d76      0x43e input.o
 .debug_line    0x00000000000011b4      0x286 menu.o
 .debug_line    0x000000000000143a      0x186 ui.o
 .debug_line    0x00000000000015c0      0xf0a testSuite.o
 .debug_line    0x00000000000024ca      0x1a3 clip.o
 .debug_line    0x000000000000266d       0x5b C:/psyq/nolibgs_hello_worlds/thirdparty/nugget/common/crt0/crt0.o

.debug_str      0x0000000000000000     0x1129
 .debug_str     0x0000000000000000      0x59b main.o
                                        0x5ff (size before relaxing)
 .debug_str     0x000000000000059b       0x82 cd.o
                                        0x28d (size before relaxing)
 .debug_str     0x000000000000061d      0x290 display.o
                                        0x54a (size before relaxing)
 .debug_str     0x00000000000008ad       0x3b gameflow.o
                                        0x1dd (size before relaxing)
 .debug_str     0x00000000000008e8      0x1b0 input.o
                                        0x387 (size before relaxing)
 .debug_str     0x0000000000000a98       0x81 menu.o
                                        0x338 (size before relaxing)
 .debug_str     0x0000000000000b19       0x1f ui.o
                                        0x29b (size before relaxing)
 .debug_str     0x0000000000000b38      0x5a4 testSuite.o
                                        0xa48 (size before relaxing)
 .debug_str     0x00000000000010dc       0x11 clip.o
                                        0x1a1 (size before relaxing)
 .debug_str     0x00000000000010ed       0x3c C:/psyq/nolibgs_hello_worlds/thirdparty/nugget/common/crt0/crt0.o

.debug_frame    0x0000000000000000      0x520
 .debug_frame   0x0000000000000000      0x110 main.o
 .debug_frame   0x0000000000000110       0x6c cd.o
 .debug_frame   0x000000000000017c       0xec display.o
 .debug_frame   0x0000000000000268       0x38 gameflow.o
 .debug_frame   0x00000000000002a0       0x78 input.o
 .debug_frame   0x0000000000000318       0x80 menu.o
 .debug_frame   0x0000000000000398       0x7c ui.o
 .debug_frame   0x0000000000000414       0xb4 testSuite.o
 .debug_frame   0x00000000000004c8       0x58 clip.o

.debug_line_str
                0x0000000000000000       0x42
 .debug_line_str
                0x0000000000000000       0x42 C:/psyq/nolibgs_hello_worlds/thirdparty/nugget/common/crt0/crt0.o
                                         0x84 (size before relaxing)
